<html>
<body>
<pre>
<h1>µVision Build Log</h1>
<h2>Tool Versions:</h2>
IDE-Version: ¶ÃVision V5.14.0.0
Copyright (C) 2015 ARM Ltd and ARM Germany GmbH. All rights reserved.
License Information: 1 2, 3, LIC=EPPCX-H949A-SE6H0-BV6CE-KZDPE-N0WHR
 
Tool Versions:
Toolchain:       MDK-ARM Professional  Version: 5.14.0.0
Toolchain Path:  C:\Keil_v5\ARM\ARMCC\Bin
C Compiler:      Armcc.exe V5.05 update 1 (build 106)
Assembler:       Armasm.exe V5.05 update 1 (build 106)
Linker/Locator:  ArmLink.exe V5.05 update 1 (build 106)
Library Manager: ArmAr.exe V5.05 update 1 (build 106)
Hex Converter:   FromElf.exe V5.05 update 1 (build 106)
CPU DLL:         SARMCM3.DLL V5.14.0.0
Dialog DLL:      DARMSTM.DLL V1.65.0.0
Target DLL:      STLink\ST-LINKIII-KEIL_SWO.dll V2.0.14.0_KEIL
Dialog DLL:      TARMSTM.DLL V1.64.0.0
 
<h2>Project:</h2>
C:\Users\Lenovo\Desktop\32_puro\427 oled≤Àµ•≤‚ ‘v2.0\template.uvprojx
Project File Date:  02/01/2019

<h2>Output:</h2>
Build target 'Target 1'
compiling menu.c...
USERLIB\menu.h(60): warning:  #1-D: last line of file ends without a newline
  #endif
USERLIB\menu.c(253): warning:  #223-D: function "printf" declared implicitly
        printf("front %d,%d\r\n",cur_row,window_row_max);
USERLIB\menu.c(278): warning:  #223-D: function "printf" declared implicitly
        printf("into %s\r\n",self->cur_node->name);
USERLIB\menu.c(310): warning:  #223-D: function "printf" declared implicitly
        printf("into %s\r\n",self->cur_node->name);
USERLIB\menu.c(329): warning:  #223-D: function "printf" declared implicitly
        printf("into %s\r\n",self->cur_node->name);
USERLIB\menu.c(343): warning:  #223-D: function "printf" declared implicitly
                printf("\r\n@SET %s%.4f\r\n",full_path_name,self->cur_node->value.f);
USERLIB\menu.c(347): warning:  #223-D: function "printf" declared implicitly
                printf("\r\n@SET %s%d\r\n",full_path_name,self->cur_node->value.s);
USERLIB\menu.c(351): warning:  #223-D: function "printf" declared implicitly
                printf("\r\n@SET %s%d\r\n",full_path_name,self->cur_node->value.us);
USERLIB\menu.c(336): warning:  #177-D: variable "temp" was declared but never referenced
        u8 temp[16];
USERLIB\menu.c(370): warning:  #223-D: function "sprintf" declared implicitly
                sprintf(value,"%.4f",node->cur_node->value.f);
USERLIB\menu.c(372): warning:  #223-D: function "sprintf" declared implicitly
                sprintf(value,"%d",node->cur_node->value.s);
USERLIB\menu.c(374): warning:  #223-D: function "sprintf" declared implicitly
                sprintf(value,"%d",node->cur_node->value.us);
USERLIB\menu.c(386): warning:  #223-D: function "printf" declared implicitly
                printf("%d\r\n",cur_pos_num);
USERLIB\menu.c(393): warning:  #223-D: function "sprintf" declared implicitly
                                sprintf(value,"%.4f",node->cur_node->value.f);
USERLIB\menu.c(395): warning:  #223-D: function "sprintf" declared implicitly
                                sprintf(value,"%d",node->cur_node->value.s);
USERLIB\menu.c(397): warning:  #223-D: function "sprintf" declared implicitly
                                sprintf(value,"%d",node->cur_node->value.us);
USERLIB\menu.c(412): warning:  #223-D: function "printf" declared implicitly
                printf("%d\r\n",cur_pos_num);
USERLIB\menu.c(420): warning:  #223-D: function "sprintf" declared implicitly
                                sprintf(value,"%.4f",node->cur_node->value.f);
USERLIB\menu.c(422): warning:  #223-D: function "sprintf" declared implicitly
                                sprintf(value,"%d",node->cur_node->value.s);
USERLIB\menu.c(424): warning:  #223-D: function "sprintf" declared implicitly
                                sprintf(value,"%d",node->cur_node->value.us);
USERLIB\menu.c(455): warning:  #167-D: argument of type "u8 *" is incompatible with parameter of type "const char *"
                if(pos > strlen(value))
USERLIB\menu.c(456): warning:  #167-D: argument of type "u8 *" is incompatible with parameter of type "const char *"
                        pos = strlen(value);
USERLIB\menu.c(484): warning:  #223-D: function "sprintf" declared implicitly
                        sprintf(value,"%.4f",node->value.f);
USERLIB\menu.c(488): warning:  #223-D: function "sprintf" declared implicitly
                        sprintf(value,"%d",node->value.s);
USERLIB\menu.c(492): warning:  #223-D: function "sprintf" declared implicitly
                        sprintf(value,"%d",node->value.us);
USERLIB\menu.c(494): warning:  #167-D: argument of type "u8 *" is incompatible with parameter of type "const char *"
                oled_right.PushString2BufAndDisplay(&oled_right,value,BACK_PUSH);
USERLIB\menu.c(570): warning:  #223-D: function "printf" declared implicitly
                        printf("reset done!\r\n");
USERLIB\menu.c(602): warning:  #940-D: missing return statement at end of non-void function "GetDigit"
  } 
USERLIB\menu.c(646): warning:  #1-D: last line of file ends without a newline
  }
USERLIB\menu.c: 29 warnings, 0 errors
linking...
Program Size: Code=24098 RO-data=1342 RW-data=1100 ZI-data=7276  
".\Objects\template.axf" - 0 Error(s), 29 Warning(s).

<h2>Collection of Component include folders:</h2>
  C:\Users\Lenovo\Desktop\32_puro\427 oled≤Àµ•≤‚ ‘v2.0\RTE
  C:\Keil_v5\ARM\PACK\Keil\STM32F4xx_DFP\2.9.0

<h2>Collection of Component Files used:</h2>
</pre>
</body>
</html>
