<html>
<body>
<pre>
<h1>µVision Build Log</h1>
<h2>Tool Versions:</h2>
IDE-Version: ¦ÌVision V5.14.0.0
Copyright (C) 2015 ARM Ltd and ARM Germany GmbH. All rights reserved.
License Information: 1 2, 3, LIC=EPPCX-H949A-SE6H0-BV6CE-KZDPE-N0WHR
 
Tool Versions:
Toolchain:       MDK-ARM Professional  Version: 5.14.0.0
Toolchain Path:  C:\Keil_v5\ARM\ARMCC\Bin
C Compiler:      Armcc.exe V5.05 update 1 (build 106)
Assembler:       Armasm.exe V5.05 update 1 (build 106)
Linker/Locator:  ArmLink.exe V5.05 update 1 (build 106)
Library Manager: ArmAr.exe V5.05 update 1 (build 106)
Hex Converter:   FromElf.exe V5.05 update 1 (build 106)
CPU DLL:         SARMCM3.DLL V5.14.0.0
Dialog DLL:      DARMSTM.DLL V1.65.0.0
Target DLL:      STLink\ST-LINKIII-KEIL_SWO.dll V2.0.14.0_KEIL
Dialog DLL:      TARMSTM.DLL V1.64.0.0
 
<h2>Project:</h2>
C:\Users\Lenovo\Desktop\32_puro\427 oled²Ëµ¥v4.0\template.uvprojx
Project File Date:  02/13/2019

<h2>Output:</h2>
Build target 'Target 1'
compiling control_task.cpp...
.\DEVICE\oled2.h(32): warning:  #68-D: integer conversion resulted in a change of sign
        void ShowString(u8 x,u8 y,const char *str, char rev_pos = -1);
USER\menu2.h(62): warning:  #175-D: subscript out of range
                name[7] = '\0';
USER\control_task.cpp(52): warning:  #1-D: last line of file ends without a newline
  }
USER\control_task.cpp(23): warning:  #177-D: variable "i" was declared but never referenced
        u8 i;
USER\control_task.cpp: 4 warnings, 0 errors
linking...
Program Size: Code=32432 RO-data=2764 RW-data=548 ZI-data=7524  
".\Objects\template.axf" - 0 Error(s), 4 Warning(s).

<h2>Collection of Component include folders:</h2>
  C:\Users\Lenovo\Desktop\32_puro\427 oled²Ëµ¥v4.0\RTE
  C:\Keil_v5\ARM\PACK\Keil\STM32F4xx_DFP\2.9.0

<h2>Collection of Component Files used:</h2>
</pre>
</body>
</html>
