Component: ARM Compiler 5.05 update 1 (build 106) Tool: armlink [4d0efa]

==============================================================================

Section Cross References

    main.o(.data) refers to oled_1.o(i.OledClearAll) for OledClearAll
    main.o(.data) refers to oled_1.o(i.OledSetPos) for OledSetPos
    main.o(.data) refers to oled_1.o(i.OledDisplayChar) for OledDisplayChar
    main.o(.data) refers to oled_1.o(i.OledDisplayImage) for OledDisplayImage
    main.o(.data) refers to oled_1.o(i.OledDisplayString) for OledDisplayString
    main.o(.data) refers to oled_1.o(i.OledShowHLLIcon) for OledShowHLLIcon
    main.o(.data) refers to oled_1.o(i.OledPushString2BufAndDisplay) for OledPushString2BufAndDisplay
    main_1.o(i._ZN29_INTERNAL_8_main_cpp_b29f611311KajyouAnimeEh) refers to oled.o(i._ZN4Oled8ClearAllEv) for Oled::ClearAll()
    main_1.o(i._ZN29_INTERNAL_8_main_cpp_b29f611311KajyouAnimeEh) refers to printfa.o(i.__0printf) for __2printf
    main_1.o(i._ZN29_INTERNAL_8_main_cpp_b29f611311KajyouAnimeEh) refers to oled.o(i._ZN4Oled10ShowStringEhhPKc) for Oled::ShowString(unsigned char, unsigned char, const char*)
    main_1.o(i._ZN29_INTERNAL_8_main_cpp_b29f611311KajyouAnimeEh) refers to delay.o(i.delay_ms) for delay_ms
    main_1.o(i._ZN29_INTERNAL_8_main_cpp_b29f611311KajyouAnimeEh) refers to main_1.o(.data) for oled_ptr
    main_1.o(i._ZN29_INTERNAL_8_main_cpp_b29f61134InitEv) refers to misc.o(i.NVIC_PriorityGroupConfig) for NVIC_PriorityGroupConfig
    main_1.o(i._ZN29_INTERNAL_8_main_cpp_b29f61134InitEv) refers to usart3.o(i.InitUsart3) for InitUsart3
    main_1.o(i._ZN29_INTERNAL_8_main_cpp_b29f61134InitEv) refers to usart3.o(i.InitUsart3NVIC) for InitUsart3NVIC
    main_1.o(i._ZN29_INTERNAL_8_main_cpp_b29f61134InitEv) refers to printfa.o(i.__0printf) for __2printf
    main_1.o(i._ZN29_INTERNAL_8_main_cpp_b29f61139SetLayoutEh) refers to new.o(i._Znwj) for operator new(unsigned)
    main_1.o(i._ZN29_INTERNAL_8_main_cpp_b29f61139SetLayoutEh) refers to verticallayout.o(i._ZN14VerticalLayoutC1Ehhh) for VerticalLayout::VerticalLayout(unsigned char, unsigned char, unsigned char)
    main_1.o(i._ZN29_INTERNAL_8_main_cpp_b29f61139SetLayoutEh) refers to oled.o(i._ZN4Oled9SetLayoutEP14VerticalLayoutS1_) for Oled::SetLayout(VerticalLayout*, VerticalLayout*)
    main_1.o(i._ZN29_INTERNAL_8_main_cpp_b29f61139SetLayoutEh) refers to main_1.o(.data) for oled_ptr
    main_1.o(i.main) refers to new.o(i._Znwj) for operator new(unsigned)
    main_1.o(i.main) refers to menu2.o(i._ZN4MenuC1Ev) for Menu::Menu()
    main_1.o(i.main) refers to main_1.o(i._ZN29_INTERNAL_8_main_cpp_b29f61134InitEv) for [local to main_cpp]::Init()
    main_1.o(i.main) refers to oled.o(i._ZN4OledC1Ehh) for Oled::Oled(unsigned char, unsigned char)
    main_1.o(i.main) refers to main_1.o(i._ZN29_INTERNAL_8_main_cpp_b29f611313WaitToGetModeEv) for [local to main_cpp]::WaitToGetMode()
    main_1.o(i.main) refers to main_1.o(i._ZN29_INTERNAL_8_main_cpp_b29f61139SetLayoutEh) for [local to main_cpp]::SetLayout(unsigned char)
    main_1.o(i.main) refers to main_1.o(i._ZN29_INTERNAL_8_main_cpp_b29f611311KajyouAnimeEh) for [local to main_cpp]::KajyouAnime(unsigned char)
    main_1.o(i.main) refers to oled.o(i._ZN4Oled8ShowCharEhhh) for Oled::ShowChar(unsigned char, unsigned char, unsigned char)
    main_1.o(i.main) refers to timer3.o(i.InitTimer3) for InitTimer3
    main_1.o(i.main) refers to timer3.o(i.InitTimer3NVIC) for InitTimer3NVIC
    main_1.o(i.main) refers to stm32f4xx_tim.o(i.TIM_Cmd) for TIM_Cmd
    main_1.o(i.main) refers to oled.o(i._ZN4Oled9Push2LeftEPKch) for Oled::Push2Left(const char*, unsigned char)
    main_1.o(i.main) refers to menu2.o(i._ZN4Menu12ShowChildrenEP4Oled) for Menu::ShowChildren(Oled*)
    main_1.o(i.main) refers to oled.o(i._ZN4Oled6UpdateEv) for Oled::Update()
    main_1.o(i.main) refers to main_1.o(.data) for menu_ptr
    main_1.o(i.main) refers to menu2.o(.bss) for control
    main_1.o(.ARM.exidx) refers to main_1.o(i._ZN29_INTERNAL_8_main_cpp_b29f611311KajyouAnimeEh) for i._ZN29_INTERNAL_8_main_cpp_b29f611311KajyouAnimeEh
    main_1.o(.ARM.exidx) refers to main_1.o(i._ZN29_INTERNAL_8_main_cpp_b29f61139SetLayoutEh) for i._ZN29_INTERNAL_8_main_cpp_b29f61139SetLayoutEh
    main_1.o(.ARM.exidx) refers to main_1.o(i._ZN29_INTERNAL_8_main_cpp_b29f611313WaitToGetModeEv) for i._ZN29_INTERNAL_8_main_cpp_b29f611313WaitToGetModeEv
    main_1.o(.ARM.exidx) refers to main_1.o(i._ZN29_INTERNAL_8_main_cpp_b29f61134InitEv) for i._ZN29_INTERNAL_8_main_cpp_b29f61134InitEv
    main_1.o(.ARM.exidx) refers to main_1.o(i.main) for i.main
    stm32f4xx_adc.o(i.ADC_DeInit) refers to stm32f4xx_rcc.o(i.RCC_APB2PeriphResetCmd) for RCC_APB2PeriphResetCmd
    stm32f4xx_can.o(i.CAN_DeInit) refers to stm32f4xx_rcc.o(i.RCC_APB1PeriphResetCmd) for RCC_APB1PeriphResetCmd
    stm32f4xx_can.o(i.CAN_GetITStatus) refers to stm32f4xx_can.o(i.CheckITStatus) for CheckITStatus
[...]
    USART_Cmd                                0x080026a9   Thumb Code    24  stm32f4xx_usart.o(i.USART_Cmd)
    USART_GetITStatus                        0x080026c1   Thumb Code    84  stm32f4xx_usart.o(i.USART_GetITStatus)
    USART_ITConfig                           0x08002715   Thumb Code    74  stm32f4xx_usart.o(i.USART_ITConfig)
    USART_Init                               0x08002761   Thumb Code   204  stm32f4xx_usart.o(i.USART_Init)
    UsageFault_Handler                       0x08002835   Thumb Code     4  stm32f4xx_it.o(i.UsageFault_Handler)
    catgets(__rw::__rw_cat*, int, int, const char*) 0x08002839   Thumb Code    28  rwcats.o(i._Z7catgetsPN4__rw8__rw_catEiiPKc)
    catopen(const char*, int)                0x08002859   Thumb Code    34  rwcats.o(i._Z7catopenPKci)
    _MenuNode_t::Set(const char*, _MenuNode_t*, _MenuNode_t*, _MenuNode_t*, _MenuNode_t*, unsigned char, float, unsigned char) 0x0800287b   Thumb Code   142  menu2.o(i._ZN11_MenuNode_t3SetEPKcPS_S2_S2_S2_hfh)
    _MenuNode_t::_MenuNode_t()               0x08002909   Thumb Code    34  menu2.o(i._ZN11_MenuNode_tC1Ev)
    _MenuNode_t::_MenuNode_t__sub_object()   0x08002909   Thumb Code     0  menu2.o(i._ZN11_MenuNode_tC1Ev)
    VerticalLayout::GetCurHeight()           0x08002931   Thumb Code    12  oled.o(i._ZN14VerticalLayout12GetCurHeightEv)
    VerticalLayout::GetFormatString(const char*, char) 0x0800293d   Thumb Code    92  verticallayout.o(i._ZN14VerticalLayout15GetFormatStringEPKcc)
    VerticalLayout::Clear()                  0x08002999   Thumb Code    66  verticallayout.o(i._ZN14VerticalLayout5ClearEv)
    VerticalLayout::GetAt(int)               0x080029db   Thumb Code    34  verticallayout.o(i._ZN14VerticalLayout5GetAtEi)
    VerticalLayout::ClearAt(unsigned char)   0x080029fd   Thumb Code    54  verticallayout.o(i._ZN14VerticalLayout7ClearAtEh)
    VerticalLayout::PopBack()                0x08002a33   Thumb Code    46  verticallayout.o(i._ZN14VerticalLayout7PopBackEv)
    VerticalLayout::PopFront()               0x08002a61   Thumb Code    38  verticallayout.o(i._ZN14VerticalLayout8PopFrontEv)
    VerticalLayout::PushBack(const char*)    0x08002a87   Thumb Code   128  verticallayout.o(i._ZN14VerticalLayout8PushBackEPKc)
    VerticalLayout::PushFront(const char*)   0x08002b07   Thumb Code   128  verticallayout.o(i._ZN14VerticalLayout9PushFrontEPKc)
    VerticalLayout::VerticalLayout(unsigned char, unsigned char, unsigned char) 0x08002b89   Thumb Code    46  verticallayout.o(i._ZN14VerticalLayoutC1Ehhh)
    VerticalLayout::VerticalLayout__sub_object(unsigned char, unsigned char, unsigned char) 0x08002b89   Thumb Code     0  verticallayout.o(i._ZN14VerticalLayoutC1Ehhh)
    _OledBufString_t::_OledBufString_t(const char*, unsigned char) 0x08002bd5   Thumb Code    48  verticallayout.o(i._ZN16_OledBufString_tC1EPKch)
    _OledBufString_t::_OledBufString_t__sub_object(const char*, unsigned char) 0x08002bd5   Thumb Code     0  verticallayout.o(i._ZN16_OledBufString_tC1EPKch)
    _OledBufString_t::~_OledBufString_t()    0x08002c05   Thumb Code    14  verticallayout.o(i._ZN16_OledBufString_tD1Ev)
    _OledBufString_t::~_OledBufString_t__sub_object() 0x08002c05   Thumb Code     0  verticallayout.o(i._ZN16_OledBufString_tD1Ev)
    Menu::MoveCursor(short)                  0x08002fcd   Thumb Code    64  menu2.o(i._ZN4Menu10MoveCursorEs)
    Menu::ShowChildren(Oled*)                0x08003011   Thumb Code    44  menu2.o(i._ZN4Menu12ShowChildrenEP4Oled)
    Menu::UpdateChildren()                   0x0800303d   Thumb Code    32  menu2.o(i._ZN4Menu14UpdateChildrenEv)
    Menu::Up()                               0x08003061   Thumb Code    56  menu2.o(i._ZN4Menu2UpEv)
    Menu::Down()                             0x0800309d   Thumb Code    58  menu2.o(i._ZN4Menu4DownEv)
    Menu::Left()                             0x080030dd   Thumb Code    32  menu2.o(i._ZN4Menu4LeftEv)
    Menu::Move(unsigned char)                0x080030fd   Thumb Code    66  menu2.o(i._ZN4Menu4MoveEh)
    Menu::Right()                            0x0800313f   Thumb Code    32  menu2.o(i._ZN4Menu5RightEv)
    Menu::Kakunin()                          0x08003161   Thumb Code    18  menu2.o(i._ZN4Menu7KakuninEv)
    Menu::ShowNexts(Oled*)                   0x0800317d   Thumb Code    42  menu2.o(i._ZN4Menu9ShowNextsEP4Oled)
    Menu::UpdateAll()                        0x080031a9   Thumb Code    30  menu2.o(i._ZN4Menu9UpdateAllEv)
    Menu::Menu()                             0x080031cd   Thumb Code  2284  menu2.o(i._ZN4MenuC1Ev)
    Menu::Menu__sub_object()                 0x080031cd   Thumb Code     0  menu2.o(i._ZN4MenuC1Ev)
    Oled::ClearRight()                       0x08003b85   Thumb Code    40  oled.o(i._ZN4Oled10ClearRightEv)
    Oled::Push2Right(const char*, unsigned char) 0x08003bb5   Thumb Code    30  oled.o(i._ZN4Oled10Push2RightEPKch)
    Oled::ShowString(unsigned char, unsigned char, const char*) 0x08003bd3   Thumb Code    58  oled.o(i._ZN4Oled10ShowStringEhhPKc)
    Oled::UpdateLeft()                       0x08003c0d   Thumb Code    46  oled.o(i._ZN4Oled10UpdateLeftEv)
    Oled::SetPosition(unsigned char, unsigned char) 0x08003c3b   Thumb Code    48  oled.o(i._ZN4Oled11SetPositionEhh)
    Oled::UpdateRight()                      0x08003c6b   Thumb Code    46  oled.o(i._ZN4Oled11UpdateRightEv)
    Oled::Update()                           0x08003c99   Thumb Code    18  oled.o(i._ZN4Oled6UpdateEv)
    Oled::ShowImg(unsigned char, unsigned char, unsigned char, unsigned char, unsigned char*) 0x08003cab   Thumb Code   118  oled.o(i._ZN4Oled7ShowImgEhhhhPh)
    Oled::ClearAll()                         0x08003d21   Thumb Code    66  oled.o(i._ZN4Oled8ClearAllEv)
    Oled::InitGpio()                         0x08003d63   Thumb Code    14  oled.o(i._ZN4Oled8InitGpioEv)
    Oled::InitOled()                         0x08003d71   Thumb Code   286  oled.o(i._ZN4Oled8InitOledEv)
    Oled::ShowChar(unsigned char, unsigned char, unsigned char) 0x08003e99   Thumb Code    80  oled.o(i._ZN4Oled8ShowCharEhhh)
    Oled::WriteCmd(unsigned char)            0x08003eed   Thumb Code    28  oled.o(i._ZN4Oled8WriteCmdEh)
    Oled::ClearLeft()                        0x08003f11   Thumb Code    40  oled.o(i._ZN4Oled9ClearLeftEv)
    Oled::Push2Left(const char*, unsigned char) 0x08003f41   Thumb Code    30  oled.o(i._ZN4Oled9Push2LeftEPKch)
    Oled::SetLayout(VerticalLayout*, VerticalLayout*) 0x08003f5f   Thumb Code    38  oled.o(i._ZN4Oled9SetLayoutEP14VerticalLayoutS1_)
    Oled::WriteByte(unsigned char)           0x08003f85   Thumb Code    14  oled.o(i._ZN4Oled9WriteByteEh)
    Oled::WriteData(unsigned char)           0x08003f95   Thumb Code    30  oled.o(i._ZN4Oled9WriteDataEh)
    Oled::Oled(unsigned char, unsigned char) 0x08003fbd   Thumb Code    72  oled.o(i._ZN4OledC1Ehh)
    Oled::Oled__sub_object(unsigned char, unsigned char) 0x08003fbd   Thumb Code     0  oled.o(i._ZN4OledC1Ehh)
    __rw::__rw_throw(int, ...)               0x0800403d   Thumb Code    86  rwstdexcept.o(i._ZN4__rw10__rw_throwEiz)
    __rw::__rw_allocate(unsigned, int)       0x08004099   Thumb Code    32  rwalloc.o(i._ZN4__rw13__rw_allocateEji)
    __rw::__rw_deallocate(void*, unsigned, int) 0x080040b9   Thumb Code     4  rwalloc.o(i._ZN4__rw15__rw_deallocateEPvji)
    __rw::__rw_facet_base::_C_initfacet(const std::locale&) 0x080040bd   Thumb Code     2  char.o(i._ZN4__rw15__rw_facet_base12_C_initfacetERKSt6locale)
    __rw::__rw_locale_imp::__rw_locale_imp(const char*, unsigned, unsigned) 0x080040c1   Thumb Code   226  locale.o(i._ZN4__rw15__rw_locale_impC1EPKcjj)
    __rw::__rw_locale_imp::__rw_locale_imp__sub_object(const char*, unsigned, unsigned) 0x080040c1   Thumb Code     0  locale.o(i._ZN4__rw15__rw_locale_impC1EPKcjj)
    __rw::__rw_locale_imp::~__rw_locale_imp() 0x080041ad   Thumb Code    26  locale.o(i._ZN4__rw15__rw_locale_impD1Ev)
    __rw::__rw_locale_imp::~__rw_locale_imp__sub_object() 0x080041ad   Thumb Code     0  locale.o(i._ZN4__rw15__rw_locale_impD1Ev)
    __rw::__rw_use_c_lib_locale::__rw_use_c_lib_locale(const char*, int) 0x080041c7   Thumb Code    58  locale.o(i._ZN4__rw21__rw_use_c_lib_localeC1EPKci)
    __rw::__rw_use_c_lib_locale::__rw_use_c_lib_locale__sub_object(const char*, int) 0x080041c7   Thumb Code     0  locale.o(i._ZN4__rw21__rw_use_c_lib_localeC1EPKci)
    __rw::__rw_use_c_lib_locale::~__rw_use_c_lib_locale() 0x08004201   Thumb Code    24  char.o(i._ZN4__rw21__rw_use_c_lib_localeD1Ev)
    __rw::__rw_use_c_lib_locale::~__rw_use_c_lib_locale__sub_object() 0x08004201   Thumb Code     0  char.o(i._ZN4__rw21__rw_use_c_lib_localeD1Ev)
    __rw::__rw_throw_exception_noex(int, char*) 0x08004219   Thumb Code    58  rwthrowproc_impl_noex.o(i._ZN4__rw25__rw_throw_exception_noexEiPc)
    __rw::__catfind(__rw::__rw_cat*)         0x080042b1   Thumb Code    42  rwcats.o(i._ZN4__rw9__catfindEPNS_8__rw_catE)
    std::__rw_exception::what() const        0x080042e1   Thumb Code     4  rwstdexcept.o(i._ZNKSt14__rw_exception4whatEv)
    std::__rw_messages_base::_C_cat_open(const std::basic_string<char, std::char_traits<char>, std::allocator<char>>&, const std::locale&) const 0x080042e5   Thumb Code   114  messages.o(i._ZNKSt18__rw_messages_base11_C_cat_openERKSsRKSt6locale)
    std::__rw_messages_base::_C_get_locale(int) const 0x08004357   Thumb Code    32  messages.o(i._ZNKSt18__rw_messages_base13_C_get_localeEi)
    std::__rw_messages_base::_C_get_message(int, int, int) const 0x08004377   Thumb Code    52  messages.o(i._ZNKSt18__rw_messages_base14_C_get_messageEiii)
    std::ctype<char>::is(std::ctype_base::mask, char) const 0x080043ab   Thumb Code    14  char.o(i._ZNKSt5ctypeIcE2isENSt10ctype_base4maskEc)
    std::locale::_C_make_facet(const std::locale::id&, bool, int, __rw::__rw_facet_base*(*)(int, const char*, unsigned)) const 0x080043b9   Thumb Code   252  locale.o(i._ZNKSt6locale13_C_make_facetERKNS_2idEbiPFPN4__rw15__rw_facet_baseEiPKcjE)
    std::locale::_C_install_facet(__rw::__rw_facet_base*, const std::locale::id&) const 0x080044c1   Thumb Code   110  locale.o(i._ZNKSt6locale16_C_install_facetEPN4__rw15__rw_facet_baseERKNS_2idE)
    std::locale::name() const                0x08004535   Thumb Code    44  locale.o(i._ZNKSt6locale4nameEv)
    std::char_traits<char>::copy(char*, const char*, unsigned) 0x08004565   Thumb Code    12  char.o(i._ZNSt11char_traitsIcE4copyEPcPKcj)
    std::ctype_byname<char>::_C_get_mask_table(const char*) 0x08004571   Thumb Code   186  char.o(i._ZNSt12ctype_bynameIcE17_C_get_mask_tableEPKc)
    std::ctype_byname<char>::ctype_byname(const char*, unsigned) 0x0800463d   Thumb Code   280  char.o(i._ZNSt12ctype_bynameIcEC1EPKcj)
    std::ctype_byname<char>::ctype_byname__sub_object(const char*, unsigned) 0x0800463d   Thumb Code     0  char.o(i._ZNSt12ctype_bynameIcEC1EPKcj)
    std::ctype_byname<char>::~ctype_byname__deallocating() 0x0800475d   Thumb Code    14  char.o(i._ZNSt12ctype_bynameIcED0Ev)
    std::ctype_byname<char>::~ctype_byname() 0x0800476b   Thumb Code     8  char.o(i._ZNSt12ctype_bynameIcED1Ev)
    std::ctype_byname<char>::~ctype_byname__sub_object() 0x0800476b   Thumb Code     0  char.o(i._ZNSt12ctype_bynameIcED1Ev)
    std::__rw_exception::_C_vformat(int, std::__va_list) 0x08004775   Thumb Code   128  rwstdexcept.o(i._ZNSt14__rw_exception10_C_vformatEiSt9__va_list)
    std::__rw_exception::__rw_exception()    0x080047f9   Thumb Code    16  rwstdexcept.o(i._ZNSt14__rw_exceptionC1Ev)
    std::__rw_exception::__rw_exception__sub_object() 0x080047f9   Thumb Code     0  rwstdexcept.o(i._ZNSt14__rw_exceptionC1Ev)
    std::__rw_exception::~__rw_exception()   0x0800480d   Thumb Code    22  rwstdexcept.o(i._ZNSt14__rw_exceptionD1Ev)
    std::__rw_exception::~__rw_exception__sub_object() 0x0800480d   Thumb Code     0  rwstdexcept.o(i._ZNSt14__rw_exceptionD1Ev)
    std::__rw_messages_base::~__rw_messages_base() 0x08004829   Thumb Code     8  rwstdexcept.o(i._ZNSt18__rw_messages_baseD1Ev)
    std::__rw_messages_base::~__rw_messages_base__sub_object() 0x08004829   Thumb Code     0  rwstdexcept.o(i._ZNSt18__rw_messages_baseD1Ev)
    std::__rw_open_cat_data::__rw_open_cat_data() 0x08004831   Thumb Code    26  messages.o(i._ZNSt18__rw_open_cat_dataC1Ev)
    std::__rw_open_cat_data::__rw_open_cat_data__sub_object() 0x08004831   Thumb Code     0  messages.o(i._ZNSt18__rw_open_cat_dataC1Ev)
    std::__rw_open_cat_data::~__rw_open_cat_data() 0x0800484b   Thumb Code    12  messages.o(i._ZNSt18__rw_open_cat_dataD1Ev)
    std::__rw_open_cat_data::~__rw_open_cat_data__sub_object() 0x0800484b   Thumb Code     0  messages.o(i._ZNSt18__rw_open_cat_dataD1Ev)
    std::__rw_open_cat_data::operator =(const std::__rw_open_cat_data&) 0x08004857   Thumb Code    18  messages.o(i._ZNSt18__rw_open_cat_dataaSERKS_)
    std::ctype<char>::_C_initfacet(const std::locale&) 0x08004869   Thumb Code   250  char.o(i._ZNSt5ctypeIcE12_C_initfacetERKSt6locale)
    std::ctype<char>::ctype(const std::ctype_base::mask*, bool, unsigned) 0x08004965   Thumb Code   270  char.o(i._ZNSt5ctypeIcEC1EPKNSt10ctype_base4maskEbj)
    std::ctype<char>::ctype__sub_object(const std::ctype_base::mask*, bool, unsigned) 0x08004965   Thumb Code     0  char.o(i._ZNSt5ctypeIcEC1EPKNSt10ctype_base4maskEbj)
    std::ctype<char>::~ctype__deallocating() 0x08004a7d   Thumb Code    14  char.o(i._ZNSt5ctypeIcED0Ev)
    std::ctype<char>::~ctype()               0x08004a8d   Thumb Code    38  char.o(i._ZNSt5ctypeIcED1Ev)
    std::ctype<char>::~ctype__sub_object()   0x08004a8d   Thumb Code     0  char.o(i._ZNSt5ctypeIcED1Ev)
    std::locale::facet::~facet__deallocating() 0x08004ab9   Thumb Code    14  rwstdexcept.o(i._ZNSt6locale5facetD0Ev)
    std::locale::_C_init()                   0x08004ac9   Thumb Code   120  locale.o(i._ZNSt6locale7_C_initEv)
    std::locale::classic()                   0x08004b4d   Thumb Code    56  locale.o(i._ZNSt6locale7classicEv)
    std::locale::locale(__rw::__rw_locale_imp*) 0x08004b91   Thumb Code    28  locale.o(i._ZNSt6localeC1EPN4__rw15__rw_locale_impE)
    std::locale::locale__sub_object(__rw::__rw_locale_imp*) 0x08004b91   Thumb Code     0  locale.o(i._ZNSt6localeC1EPN4__rw15__rw_locale_impE)
    std::locale::locale(const std::locale&)  0x08004bb1   Thumb Code    12  messages.o(i._ZNSt6localeC1ERKS_)
    std::locale::locale__sub_object(const std::locale&) 0x08004bb1   Thumb Code     0  messages.o(i._ZNSt6localeC1ERKS_)
    std::locale::locale()                    0x08004bbd   Thumb Code    28  rwstdexcept.o(i._ZNSt6localeC1Ev)
    std::locale::locale__sub_object()        0x08004bbd   Thumb Code     0  rwstdexcept.o(i._ZNSt6localeC1Ev)
    std::locale::~locale()                   0x08004bdd   Thumb Code    32  locale.o(i._ZNSt6localeD1Ev)
    std::locale::~locale__sub_object()       0x08004bdd   Thumb Code     0  locale.o(i._ZNSt6localeD1Ev)
    std::locale::operator =(const std::locale&) 0x08004bfd   Thumb Code    50  locale.o(i._ZNSt6localeaSERKS_)
    std::messages<char>::~messages__deallocating() 0x08004c2f   Thumb Code    14  rwstdexcept.o(i._ZNSt8messagesIcED0Ev)
    std::messages<char>::~messages()         0x08004c3d   Thumb Code    16  rwstdexcept.o(i._ZNSt8messagesIcED1Ev)
    std::messages<char>::~messages__sub_object() 0x08004c3d   Thumb Code     0  rwstdexcept.o(i._ZNSt8messagesIcED1Ev)
    std::exception::exception()              0x08004c4d   Thumb Code     6  exception_ctor.o(i._ZNSt9exceptionC1Ev)
    std::exception::exception__sub_object()  0x08004c4d   Thumb Code     0  exception_ctor.o(i._ZNSt9exceptionC1Ev)
    std::__rw_get_cats()                     0x08004c59   Thumb Code    44  messages.o(i._ZSt13__rw_get_catsv)
    operator delete[] (void*)                0x08004c95   Thumb Code     8  array_del.o(i._ZdaPv)
    operator delete (void*)                  0x08004c9d   Thumb Code     8  delete.o(i._ZdlPv)
    operator new[] (unsigned)                0x08004ca5   Thumb Code     8  array_new.o(i._Znaj)
    operator new(unsigned)                   0x08004cad   Thumb Code    34  new.o(i._Znwj)
    __0fprintf                               0x08004cd5   Thumb Code    22  printfa.o(i.__0fprintf)
    __1fprintf                               0x08004cd5   Thumb Code     0  printfa.o(i.__0fprintf)
    __2fprintf                               0x08004cd5   Thumb Code     0  printfa.o(i.__0fprintf)
    __c89fprintf                             0x08004cd5   Thumb Code     0  printfa.o(i.__0fprintf)
    fprintf                                  0x08004cd5   Thumb Code     0  printfa.o(i.__0fprintf)
    __0printf                                0x08004cf1   Thumb Code    22  printfa.o(i.__0printf)
    __1printf                                0x08004cf1   Thumb Code     0  printfa.o(i.__0printf)
    __2printf                                0x08004cf1   Thumb Code     0  printfa.o(i.__0printf)
    __c89printf                              0x08004cf1   Thumb Code     0  printfa.o(i.__0printf)
    printf                                   0x08004cf1   Thumb Code     0  printfa.o(i.__0printf)
    __0vsnprintf                             0x08004d11   Thumb Code    32  printfa.o(i.__0vsnprintf)
    __1vsnprintf                             0x08004d11   Thumb Code     0  printfa.o(i.__0vsnprintf)
    __2vsnprintf                             0x08004d11   Thumb Code     0  printfa.o(i.__0vsnprintf)
    __c89vsnprintf                           0x08004d11   Thumb Code     0  printfa.o(i.__0vsnprintf)
    vsnprintf                                0x08004d11   Thumb Code     0  printfa.o(i.__0vsnprintf)
    __ARM_array_new_general                  0x08004d35   Thumb Code   146  array_new_general.o(i.__ARM_array_new_general)
    __aeabi_atexit                           0x08004dc7   Thumb Code    50  aeabi_atexit.o(i.__aeabi_atexit)
    __aeabi_vec_dtor_cookie                  0x08004df9   Thumb Code    16  aeabi_vec_dtor_cookie.o(i.__aeabi_vec_dtor_cookie)
    __aeabi_vec_new_cookie                   0x08004e09   Thumb Code    20  aeabi_vec_new_cookie.o(i.__aeabi_vec_new_cookie)
    __cxa_finalize                           0x08004e1d   Thumb Code    66  cxa_finalize.o(i.__cxa_finalize)
    __cxa_guard_acquire                      0x08004e5f   Thumb Code    16  cxa_guard_acquire.o(i.__cxa_guard_acquire)
    __cxa_vec_new                            0x08004e71   Thumb Code    18  cxa_vec_new.o(i.__cxa_vec_new)
    __scatterload_copy                       0x08004e89   Thumb Code    14  handlers.o(i.__scatterload_copy)
    __scatterload_null                       0x08004e97   Thumb Code     2  handlers.o(i.__scatterload_null)
    __scatterload_zeroinit                   0x08004e99   Thumb Code    14  handlers.o(i.__scatterload_zeroinit)
    _is_digit                                0x080052b9   Thumb Code    14  scanf_fp.o(i._is_digit)
    delay_ms                                 0x08005a0d   Thumb Code    28  delay.o(i.delay_ms)
    fputc                                    0x08005a29   Thumb Code    24  usart3.o(i.fputc)
    free                                     0x08005a45   Thumb Code    76  malloc.o(i.free)
    main                                     0x08005a95   Thumb Code   224  main_1.o(i.main)
    malloc                                   0x08005b99   Thumb Code    92  malloc.o(i.malloc)
    __rw::__string_ref<char, std::char_traits<char>, std::allocator<char>>::_C_inc_ref() 0x08005c05   Thumb Code    14  char.o(t._ZN4__rw12__string_refIcSt11char_traitsIcESaIcEE10_C_inc_refEv)
    __rw::__string_ref<char, std::char_traits<char>, std::allocator<char>>::data() 0x08005c19   Thumb Code     8  menu2.o(t._ZN4__rw12__string_refIcSt11char_traitsIcESaIcEE4dataEv)
    __rw::__rw_facet_maker<std::ctype<char>>::_C_maker_func(int, const char*, unsigned) 0x08005c21   Thumb Code    70  rwstdexcept.o(t._ZN4__rw16__rw_facet_makerISt5ctypeIcEE13_C_maker_funcEiPKcj)
    __rw::__rw_locale_vector<__rw::__rw_facet_base*>::resize(unsigned, __rw::__rw_facet_base*const &) 0x08005c67   Thumb Code    86  locale.o(t._ZN4__rw18__rw_locale_vectorIPNS_15__rw_facet_baseEE6resizeEjRKS2_)
    __rw::__rw_locale_vector<__rw::__rw_facet_base*>::~__rw_locale_vector() 0x08005cbd   Thumb Code    14  locale.o(t._ZN4__rw18__rw_locale_vectorIPNS_15__rw_facet_baseEED1Ev)
    __rw::__rw_locale_vector<__rw::__rw_facet_base*>::~__rw_locale_vector__sub_object() 0x08005cbd   Thumb Code     0  locale.o(t._ZN4__rw18__rw_locale_vectorIPNS_15__rw_facet_baseEED1Ev)
    __rw::__rw_locale_vector<__rw::__rw_cat*>::~__rw_locale_vector() 0x08005ccb   Thumb Code    14  rwcats.o(t._ZN4__rw18__rw_locale_vectorIPNS_8__rw_catEED1Ev)
    __rw::__rw_locale_vector<__rw::__rw_cat*>::~__rw_locale_vector__sub_object() 0x08005ccb   Thumb Code     0  rwcats.o(t._ZN4__rw18__rw_locale_vectorIPNS_8__rw_catEED1Ev)
    __rw::__rw_locale_vector<std::basic_string<char, std::char_traits<char>, std::allocator<char>>>::~__rw_locale_vector() 0x08005cd9   Thumb Code    16  locale.o(t._ZN4__rw18__rw_locale_vectorISsED1Ev)
    __rw::__rw_locale_vector<std::basic_string<char, std::char_traits<char>, std::allocator<char>>>::~__rw_locale_vector__sub_object() 0x08005cd9   Thumb Code     0  locale.o(t._ZN4__rw18__rw_locale_vectorISsED1Ev)
    __rw::__rw_locale_vector<std::__rw_open_cat_data>::resize(unsigned) 0x08005ced   Thumb Code   122  messages.o(t._ZN4__rw18__rw_locale_vectorISt18__rw_open_cat_dataE6resizeEj)
    __rw::__rw_locale_vector<std::__rw_open_cat_data>::~__rw_locale_vector() 0x08005d75   Thumb Code    16  messages.o(t._ZN4__rw18__rw_locale_vectorISt18__rw_open_cat_dataED1Ev)
    __rw::__rw_locale_vector<std::__rw_open_cat_data>::~__rw_locale_vector__sub_object() 0x08005d75   Thumb Code     0  messages.o(t._ZN4__rw18__rw_locale_vectorISt18__rw_open_cat_dataED1Ev)
    std::__rw_deque_iter<_OledBufString_t*, int, _OledBufString_t**, _OledBufString_t*&, std::allocator<_OledBufString_t*>>::operator *() const 0x08005d89   Thumb Code     6  verticallayout.o(t._ZNKSt15__rw_deque_iterIP16_OledBufString_tiPS1_RS1_SaIS1_EEdeEv)
    std::deque<_OledBufString_t*, std::allocator<_OledBufString_t*>>::size() const 0x08005d8f   Thumb Code     6  verticallayout.o(t._ZNKSt5dequeIP16_OledBufString_tSaIS1_EE4sizeEv)
    std::deque<_OledBufString_t*, std::allocator<_OledBufString_t*>>::empty() const 0x08005d95   Thumb Code    20  verticallayout.o(t._ZNKSt5dequeIP16_OledBufString_tSaIS1_EE5emptyEv)
    std::messages<char>::do_get(int, int, int, const std::basic_string<char, std::char_traits<char>, std::allocator<char>>&) const 0x08005da9   Thumb Code   136  rwstdexcept.o(t._ZNKSt8messagesIcE6do_getEiiiRKSs)
    std::messages<char>::do_open(const std::basic_string<char, std::char_traits<char>, std::allocator<char>>&, const std::locale&) const 0x08005e39   Thumb Code     6  rwstdexcept.o(t._ZNKSt8messagesIcE7do_openERKSsRKSt6locale)
    std::allocator<_OledBufString_t*>::deallocate(_OledBufString_t**, unsigned) 0x08005e3f   Thumb Code    20  verticallayout.o(t._ZNSaIP16_OledBufString_tE10deallocateEPS0_j)
    std::allocator<_OledBufString_t*>::allocate(unsigned, const void*) 0x08005e53   Thumb Code    18  verticallayout.o(t._ZNSaIP16_OledBufString_tE8allocateEjPKv)
    std::allocator<_OledBufString_t*>::construct(_OledBufString_t**, _OledBufString_t*const &) 0x08005e65   Thumb Code    22  verticallayout.o(t._ZNSaIP16_OledBufString_tE9constructEPS0_RKS0_)
    std::allocator<_OledBufString_t**>::deallocate(_OledBufString_t***, unsigned) 0x08005e7b   Thumb Code    20  verticallayout.o(t._ZNSaIPP16_OledBufString_tE10deallocateEPS1_j)
    std::allocator<_OledBufString_t**>::allocate(unsigned, const void*) 0x08005e8f   Thumb Code    18  verticallayout.o(t._ZNSaIPP16_OledBufString_tE8allocateEjPKv)
    std::basic_string<char, std::char_traits<char>, std::allocator<char>>::_C_allocate(unsigned, unsigned, unsigned) 0x08005ea1   Thumb Code    50  locale.o(t._ZNSs11_C_allocateEjjj)
    std::basic_string<char, std::char_traits<char>, std::allocator<char>>::_C_null() 0x08005ed5   Thumb Code    10  menu2.o(t._ZNSs7_C_nullEv)
    std::basic_string<char, std::char_traits<char>, std::allocator<char>>::replace(unsigned, unsigned, const char*, unsigned) 0x08005ee5   Thumb Code    24  locale.o(t._ZNSs7replaceEjjPKcj)
    std::basic_string<char, std::char_traits<char>, std::allocator<char>>::replace(unsigned, unsigned, const char*, unsigned, unsigned, unsigned) 0x08005efd   Thumb Code   352  char.o(t._ZNSs7replaceEjjPKcjjj)
    std::basic_string<char, std::char_traits<char>, std::allocator<char>>::_C_getRep(unsigned, unsigned) 0x08006065   Thumb Code   108  char.o(t._ZNSs9_C_getRepEjj)
    std::basic_string<char, std::char_traits<char>, std::allocator<char>>::_C_unlink() 0x080060d9   Thumb Code    66  char.o(t._ZNSs9_C_unlinkEv)
    std::basic_string<char, std::char_traits<char>, std::allocator<char>>::basic_string(const char*, const std::allocator<char>&) 0x08006121   Thumb Code    52  locale.o(t._ZNSsC1EPKcRKSaIcE)
    std::basic_string<char, std::char_traits<char>, std::allocator<char>>::basic_string__sub_object(const char*, const std::allocator<char>&) 0x08006121   Thumb Code     0  locale.o(t._ZNSsC1EPKcRKSaIcE)
    std::basic_string<char, std::char_traits<char>, std::allocator<char>>::basic_string(const std::allocator<char>&) 0x08006159   Thumb Code    12  locale.o(t._ZNSsC1ERKSaIcE)
    std::basic_string<char, std::char_traits<char>, std::allocator<char>>::basic_string__sub_object(const std::allocator<char>&) 0x08006159   Thumb Code     0  locale.o(t._ZNSsC1ERKSaIcE)
    std::basic_string<char, std::char_traits<char>, std::allocator<char>>::basic_string(const std::basic_string<char, std::char_traits<char>, std::allocator<char>>&) 0x08006169   Thumb Code    62  char.o(t._ZNSsC1ERKSs)
    std::basic_string<char, std::char_traits<char>, std::allocator<char>>::basic_string__sub_object(const std::basic_string<char, std::char_traits<char>, std::allocator<char>>&) 0x08006169   Thumb Code     0  char.o(t._ZNSsC1ERKSs)
    std::basic_string<char, std::char_traits<char>, std::allocator<char>>::~basic_string() 0x080061a7   Thumb Code    12  char.o(t._ZNSsD1Ev)
    std::basic_string<char, std::char_traits<char>, std::allocator<char>>::~basic_string__sub_object() 0x080061a7   Thumb Code     0  char.o(t._ZNSsD1Ev)
    std::basic_string<char, std::char_traits<char>, std::allocator<char>>::operator =(const char*) 0x080061b5   Thumb Code    70  locale.o(t._ZNSsaSEPKc)
    std::basic_string<char, std::char_traits<char>, std::allocator<char>>::operator =(const std::basic_string<char, std::char_traits<char>, std::allocator<char>>&) 0x08006201   Thumb Code    62  locale.o(t._ZNSsaSERKSs)
    std::__rw_deque_iter<_OledBufString_t*, int, _OledBufString_t**, _OledBufString_t*&, std::allocator<_OledBufString_t*>>::_C_bufsize() 0x0800623f   Thumb Code    30  verticallayout.o(t._ZNSt15__rw_deque_iterIP16_OledBufString_tiPS1_RS1_SaIS1_EE10_C_bufsizeEv)
    std::__rw_deque_iter<_OledBufString_t*, int, _OledBufString_t**, _OledBufString_t*&, std::allocator<_OledBufString_t*>>::__rw_deque_iter(const std::__rw_deque_iter<_OledBufString_t*, int, _OledBufString_t**, _OledBufString_t*&, std::allocator<_OledBufString_t*>>&) 0x0800625d   Thumb Code    18  verticallayout.o(t._ZNSt15__rw_deque_iterIP16_OledBufString_tiPS1_RS1_SaIS1_EEC1ERKS5_)
    std::__rw_deque_iter<_OledBufString_t*, int, _OledBufString_t**, _OledBufString_t*&, std::allocator<_OledBufString_t*>>::__rw_deque_iter__sub_object(const std::__rw_deque_iter<_OledBufString_t*, int, _OledBufString_t**, _OledBufString_t*&, std::allocator<_OledBufString_t*>>&) 0x0800625d   Thumb Code     0  verticallayout.o(t._ZNSt15__rw_deque_iterIP16_OledBufString_tiPS1_RS1_SaIS1_EEC1ERKS5_)
    std::__rw_deque_iter<_OledBufString_t*, int, _OledBufString_t**, _OledBufString_t*&, std::allocator<_OledBufString_t*>>::__rw_deque_iter(_OledBufString_t**, _OledBufString_t***) 0x0800626f   Thumb Code    44  verticallayout.o(t._ZNSt15__rw_deque_iterIP16_OledBufString_tiPS1_RS1_SaIS1_EEC1ES2_PS2_)
    std::__rw_deque_iter<_OledBufString_t*, int, _OledBufString_t**, _OledBufString_t*&, std::allocator<_OledBufString_t*>>::__rw_deque_iter__sub_object(_OledBufString_t**, _OledBufString_t***) 0x0800626f   Thumb Code     0  verticallayout.o(t._ZNSt15__rw_deque_iterIP16_OledBufString_tiPS1_RS1_SaIS1_EEC1ES2_PS2_)
    std::__rw_deque_iter<_OledBufString_t*, int, _OledBufString_t**, _OledBufString_t*&, std::allocator<_OledBufString_t*>>::operator --() 0x0800629b   Thumb Code    44  verticallayout.o(t._ZNSt15__rw_deque_iterIP16_OledBufString_tiPS1_RS1_SaIS1_EEmmEv)
    std::__rw_deque_iter<_OledBufString_t*, int, _OledBufString_t**, _OledBufString_t*&, std::allocator<_OledBufString_t*>>::operator +=(int) 0x080062c7   Thumb Code   116  verticallayout.o(t._ZNSt15__rw_deque_iterIP16_OledBufString_tiPS1_RS1_SaIS1_EEpLEi)
    std::__rw_deque_iter<_OledBufString_t*, int, _OledBufString_t**, _OledBufString_t*&, std::allocator<_OledBufString_t*>>::operator ++() 0x0800633b   Thumb Code    42  verticallayout.o(t._ZNSt15__rw_deque_iterIP16_OledBufString_tiPS1_RS1_SaIS1_EEppEv)
    std::deque<_OledBufString_t*, std::allocator<_OledBufString_t*>>::_C_bufsize() 0x08006365   Thumb Code     8  verticallayout.o(t._ZNSt5dequeIP16_OledBufString_tSaIS1_EE10_C_bufsizeEv)
    std::deque<_OledBufString_t*, std::allocator<_OledBufString_t*>>::_C_make_iter(const std::__rw_deque_iter<_OledBufString_t*, int, _OledBufString_t**, _OledBufString_t*&, std::allocator<_OledBufString_t*>>&) 0x0800636d   Thumb Code    20  verticallayout.o(t._ZNSt5dequeIP16_OledBufString_tSaIS1_EE12_C_make_iterERKSt15__rw_deque_iterIS1_iPS1_RS1_S2_E)
    std::deque<_OledBufString_t*, std::allocator<_OledBufString_t*>>::_C_free_at_end() 0x08006381   Thumb Code   132  verticallayout.o(t._ZNSt5dequeIP16_OledBufString_tSaIS1_EE14_C_free_at_endEv)
    std::deque<_OledBufString_t*, std::allocator<_OledBufString_t*>>::_C_alloc_at_end() 0x08006405   Thumb Code   324  verticallayout.o(t._ZNSt5dequeIP16_OledBufString_tSaIS1_EE15_C_alloc_at_endEv)
    std::deque<_OledBufString_t*, std::allocator<_OledBufString_t*>>::_C_free_at_begin() 0x08006549   Thumb Code   118  verticallayout.o(t._ZNSt5dequeIP16_OledBufString_tSaIS1_EE16_C_free_at_beginEv)
    std::deque<_OledBufString_t*, std::allocator<_OledBufString_t*>>::_C_alloc_at_begin() 0x080065bf   Thumb Code   336  verticallayout.o(t._ZNSt5dequeIP16_OledBufString_tSaIS1_EE17_C_alloc_at_beginEv)
    std::deque<_OledBufString_t*, std::allocator<_OledBufString_t*>>::at(unsigned) 0x08006711   Thumb Code    98  verticallayout.o(t._ZNSt5dequeIP16_OledBufString_tSaIS1_EE2atEj)
    std::deque<_OledBufString_t*, std::allocator<_OledBufString_t*>>::end() 0x08006779   Thumb Code    20  verticallayout.o(t._ZNSt5dequeIP16_OledBufString_tSaIS1_EE3endEv)
    std::deque<_OledBufString_t*, std::allocator<_OledBufString_t*>>::begin() 0x0800678d   Thumb Code    18  verticallayout.o(t._ZNSt5dequeIP16_OledBufString_tSaIS1_EE5beginEv)
    std::deque<_OledBufString_t*, std::allocator<_OledBufString_t*>>::erase(std::__rw_deque_iter<_OledBufString_t*, int, _OledBufString_t**, _OledBufString_t*&, std::allocator<_OledBufString_t*>>, std::__rw_deque_iter<_OledBufString_t*, int, _OledBufString_t**, _OledBufString_t*&, std::allocator<_OledBufString_t*>>) 0x0800679f   Thumb Code   314  verticallayout.o(t._ZNSt5dequeIP16_OledBufString_tSaIS1_EE5eraseESt15__rw_deque_iterIS1_iPS1_RS1_S2_ES7_)
    std::deque<_OledBufString_t*, std::allocator<_OledBufString_t*>>::pop_back() 0x080068d9   Thumb Code    48  verticallayout.o(t._ZNSt5dequeIP16_OledBufString_tSaIS1_EE8pop_backEv)
    std::deque<_OledBufString_t*, std::allocator<_OledBufString_t*>>::pop_front() 0x08006909   Thumb Code    56  verticallayout.o(t._ZNSt5dequeIP16_OledBufString_tSaIS1_EE9pop_frontEv)
    std::deque<_OledBufString_t*, std::allocator<_OledBufString_t*>>::deque(const std::allocator<_OledBufString_t*>&) 0x08006941   Thumb Code    92  verticallayout.o(t._ZNSt5dequeIP16_OledBufString_tSaIS1_EEC1ERKS2_)
    std::deque<_OledBufString_t*, std::allocator<_OledBufString_t*>>::deque__sub_object(const std::allocator<_OledBufString_t*>&) 0x08006941   Thumb Code     0  verticallayout.o(t._ZNSt5dequeIP16_OledBufString_tSaIS1_EEC1ERKS2_)
    const T1& std::max<unsigned>(const T1&, const T1&) 0x0800699d   Thumb Code    12  char.o(t._ZSt3maxIjERKT_S2_S2_)
    T2 std::copy<_OledBufString_t***, _OledBufString_t***>(T1, T1, T2) 0x080069a9   Thumb Code    20  verticallayout.o(t._ZSt4copyIPPP16_OledBufString_tS3_ET0_T_S5_S4_)
    T2 std::operator -<_OledBufString_t*, int, _OledBufString_t**, _OledBufString_t*&, _OledBufString_t**, _OledBufString_t*&, std::allocator<_OledBufString_t*>>(const std::__rw_deque_iter<T1, T2, T3, T4, T7>&, const std::__rw_deque_iter<T1, T2, T5, T6, T7>&) 0x080069bd   Thumb Code    64  verticallayout.o(t._ZStmiIP16_OledBufString_tiPS1_RS1_S2_S3_SaIS1_EET0_RKSt15__rw_deque_iterIT_S5_T1_T2_T5_ERKS6_IS7_S5_T3_T4_SA_E)
    bool std::operator !=<_OledBufString_t*, int, _OledBufString_t**, _OledBufString_t*&, _OledBufString_t**, _OledBufString_t*&, std::allocator<_OledBufString_t*>>(const std::__rw_deque_iter<T1, T2, T3, T4, T7>&, const std::__rw_deque_iter<T1, T2, T5, T6, T7>&) 0x080069fd   Thumb Code    60  verticallayout.o(t._ZStneIP16_OledBufString_tiPS1_RS1_S2_S3_SaIS1_EEbRKSt15__rw_deque_iterIT_T0_T1_T2_T5_ERKS5_IS6_S7_T3_T4_SA_E)
    std::ctype<char>::_C_classic_table       0x08006cc4   Data         512  char.o(.constdata)
    __ctype_table                            0x08006ec4   Data         129  ctype_o.o(.constdata)
    vtable for std::locale::facet            0x08006f4c   Data          20  rwstdexcept.o(.constdata__ZTVNSt6locale5facetE)
    vtable for std::ctype_byname<char>       0x08006f60   Data          52  char.o(.constdata__ZTVSt12ctype_bynameIcE)
    vtable for std::__rw_exception           0x08006f94   Data          20  rwstdexcept.o(.constdata__ZTVSt14__rw_exception)
    vtable for std::ctype<char>              0x08006fa8   Data          52  char.o(.constdata__ZTVSt5ctypeIcE)
    vtable for std::messages<char>           0x08006fdc   Data          32  rwstdexcept.o(.constdata__ZTVSt8messagesIcE)
    vtable for std::exception                0x08006ffc   Data          20  exception_dtor.o(.constdata__ZTVSt9exception)
    __rw::__rw_locale_imp::_C_category_name(int) const::string 0x08007010   Data           1  locale.o(.constdata__ZZNK4__rw15__rw_locale_imp16_C_category_nameEiEs)
    std::basic_string<char, std::char_traits<char>, std::allocator<char>>::replace(unsigned, unsigned, const char*, unsigned, unsigned, unsigned)::string 0x08007011   Data           1  menu2.o(.constdata__ZZNSs7replaceEjjPKcjjjEs)
    std::basic_string<char, std::char_traits<char>, std::allocator<char>>::_C_getRep(unsigned, unsigned)::string 0x08007012   Data           1  menu2.o(.constdata__ZZNSs9_C_getRepEjjEs)
    std::deque<_OledBufString_t*, std::allocator<_OledBufString_t*>>::at(unsigned)::string 0x08007013   Data           1  verticallayout.o(.constdata__ZZNSt5dequeIP16_OledBufString_tSaIS1_EE2atEjEs)
    std::messages<char>::messages(unsigned)::string 0x08007014   Data           2  rwstdexcept.o(.constdata__ZZNSt8messagesIcEC1EjEs)
    Region$$Table$$Base                      0x0800728c   Number         0  anon$$obj.o(Region$$Table)
    Region$$Table$$Limit                     0x080072ac   Number         0  anon$$obj.o(Region$$Table)
    SHT$$INIT_ARRAY$$Base                    0x080072ac   Number         0  menu2.o(.init_array)
    SHT$$INIT_ARRAY$$Limit                   0x080072bc   Number         0  rwcats.o(.init_array)
    oled                                     0x20000000   Data         144  main.o(.data)
    oled_arrow                               0x20000090   Data         144  main.o(.data)
    oled_left                                0x20000120   Data         144  main.o(.data)
    oled_right                               0x200001b0   Data         144  main.o(.data)
    mode                                     0x20000240   Data           1  main.o(.data)
    komono_mode                              0x20000244   Data           1  main_1.o(.data)
    oled_ptr                                 0x20000248   Data           4  main_1.o(.data)
    menu_ptr                                 0x2000024c   Data           4  main_1.o(.data)
    gImage_hll_icon_data                     0x20000260   Data         378  oled.o(.data)
    k_sta                                    0x200003da   Data           5  control_task.o(.data)
    old_k_sta                                0x200003df   Data           5  control_task.o(.data)
    usart3_recv_cnt                          0x200003e4   Data           1  usart3.o(.data)
    is_start_new_frame                       0x200003e5   Data           1  usart3.o(.data)
    usart3_recv_a_frame_flag                 0x200003e6   Data           1  usart3.o(.data)
    usart3_set_recv_flag                     0x200003e7   Data           1  usart3.o(.data)
    wait_can_init_ok                         0x200003e8   Data           1  can.o(.data)
    std::ctype<char>::id                     0x20000404   Data           4  char.o(.data)
    std::ctype<wchar_t>::id                  0x20000408   Data           4  char.o(.data)
    std::locale::_C_classic                  0x20000414   Data           4  locale.o(.data)
    std::locale::_C_native                   0x20000418   Data           4  locale.o(.data)
    std::locale::_C_global                   0x2000041c   Data           4  locale.o(.data)
    std::codecvt<char, char, std::__mbstate_t>::id 0x20000420   Data           4  locale.o(.data)
    std::codecvt<wchar_t, char, std::__mbstate_t>::id 0x20000424   Data           4  locale.o(.data)
    __rw_throw_proc                          0x20000428   Data           4  rwthrowproc_noex.o(.data)
    __stdout                                 0x2000042c   Data           4  stdout.o(.data)
    __stderr                                 0x20000430   Data           4  stderr.o(.data)
    __microlib_freelist                      0x20000448   Data           4  mvars.o(.data)
    __microlib_freelist_initialised          0x2000044c   Data           4  mvars.o(.data)
    std::locale::id::_C_init() const::_C_id_gen 0x20000454   Data           4  locale.o(.data__ZZNKSt6locale2id7_C_initEvE9_C_id_gen)
    guard variable for std::__rw_get_cats()::__open_cats 0x20000458   Data           4  messages.o(.data__ZZSt13__rw_get_catsvE11__open_cats)
    std::__rw_get_cats()::__open_cats        0x2000045c   Data           8  messages.o(.data__ZZSt13__rw_get_catsvE11__open_cats)
    control                                  0x20000464   Data          40  menu2.o(.bss)
    dp_para                                  0x2000048c   Data          40  menu2.o(.bss)
    yt_para                                  0x200004b4   Data          40  menu2.o(.bss)
    bl_para                                  0x200004dc   Data          40  menu2.o(.bss)
    gs_para                                  0x20000504   Data          40  menu2.o(.bss)
    ny_para                                  0x2000052c   Data          40  menu2.o(.bss)
    sample1                                  0x20000554   Data          40  menu2.o(.bss)
    sample2                                  0x2000057c   Data          40  menu2.o(.bss)
    sample3                                  0x200005a4   Data          40  menu2.o(.bss)
    sample4                                  0x200005cc   Data          40  menu2.o(.bss)
    sample5                                  0x200005f4   Data          40  menu2.o(.bss)
    config                                   0x2000061c   Data          40  menu2.o(.bss)
    control_mode                             0x20000644   Data          40  menu2.o(.bss)
    control_reset                            0x2000066c   Data          40  menu2.o(.bss)
    dp_pid                                   0x20000694   Data          40  menu2.o(.bss)
    dp_pid_p                                 0x200006bc   Data          40  menu2.o(.bss)
    dp_pid_i                                 0x200006e4   Data          40  menu2.o(.bss)
    dp_pid_d                                 0x2000070c   Data          40  menu2.o(.bss)
    dp_maxch                                 0x20000734   Data          40  menu2.o(.bss)
    dp_scale                                 0x2000075c   Data          40  menu2.o(.bss)
    yt_pitch                                 0x20000784   Data          40  menu2.o(.bss)
    yt_pitch_pid                             0x200007ac   Data          40  menu2.o(.bss)
    yt_pitch_pid_p                           0x200007d4   Data          40  menu2.o(.bss)
    yt_pitch_pid_i                           0x200007fc   Data          40  menu2.o(.bss)
    yt_pitch_pid_d                           0x20000824   Data          40  menu2.o(.bss)
    yt_pitch_fdbktype                        0x2000084c   Data          40  menu2.o(.bss)
    yt_pitch_enable                          0x20000874   Data          40  menu2.o(.bss)
    yt_yaw                                   0x2000089c   Data          40  menu2.o(.bss)
    yt_yaw_pid                               0x200008c4   Data          40  menu2.o(.bss)
    yt_yaw_pid_p                             0x200008ec   Data          40  menu2.o(.bss)
    yt_yaw_pid_i                             0x20000914   Data          40  menu2.o(.bss)
    yt_yaw_pid_d                             0x2000093c   Data          40  menu2.o(.bss)
    yt_yaw_fdbktype                          0x20000964   Data          40  menu2.o(.bss)
    yt_yaw_enable                            0x2000098c   Data          40  menu2.o(.bss)
    bl_pid                                   0x200009b4   Data          40  menu2.o(.bss)
    bl_pid_p                                 0x200009dc   Data          40  menu2.o(.bss)
    bl_pid_i                                 0x20000a04   Data          40  menu2.o(.bss)
    bl_pid_d                                 0x20000a2c   Data          40  menu2.o(.bss)
    bl_blocktime                             0x20000a54   Data          40  menu2.o(.bss)
    bl_reversetime                           0x20000a7c   Data          40  menu2.o(.bss)
    bl_speed                                 0x20000aa4   Data          40  menu2.o(.bss)
    bl_sample1                               0x20000acc   Data          40  menu2.o(.bss)
    bl_sample2                               0x20000af4   Data          40  menu2.o(.bss)
    bl_sample3                               0x20000b1c   Data          40  menu2.o(.bss)
    bl_sample3_smp                           0x20000b44   Data          40  menu2.o(.bss)
    gs_pid                                   0x20000b6c   Data          40  menu2.o(.bss)
    gs_pid_p                                 0x20000b94   Data          40  menu2.o(.bss)
    gs_pid_i                                 0x20000bbc   Data          40  menu2.o(.bss)
    gs_pid_d                                 0x20000be4   Data          40  menu2.o(.bss)
    gs_maxch                                 0x20000c0c   Data          40  menu2.o(.bss)
    gs_enable                                0x20000c34   Data          40  menu2.o(.bss)
    ny_pid                                   0x20000c5c   Data          40  menu2.o(.bss)
    ny_pid_p                                 0x20000c84   Data          40  menu2.o(.bss)
    ny_pid_i                                 0x20000cac   Data          40  menu2.o(.bss)
    ny_pid_d                                 0x20000cd4   Data          40  menu2.o(.bss)
    ny_maxch                                 0x20000cfc   Data          40  menu2.o(.bss)
    ny_scale                                 0x20000d24   Data          40  menu2.o(.bss)
    ny_enable                                0x20000d4c   Data          40  menu2.o(.bss)
    config_waitack                           0x20000d74   Data          40  menu2.o(.bss)
    usart3_recv_buf                          0x20000d9c   Data          19  usart3.o(.bss)
    usart3_debug_temp_buf                    0x20000daf   Data          16  usart3.o(.bss)
    usart3_set_temp_buf                      0x20000dbf   Data          16  usart3.o(.bss)
    can1_rx_cnt_arr                          0x20000dd0   Data          24  can.o(.bss)
    chassis_motor_speed                      0x20000de8   Data          12  can.o(.bss)
    oled_temp                                0x20000df4   Data          16  oled_1.o(.bss)
    std::basic_string<char, std::char_traits<char>, std::allocator<char>>::__nullref 0x20000e20   Data          16  vendor.o(.bss__ZNSs9__nullrefE)
    __heap_base                              0x20000e30   Data           0  startup_stm32f427xx.o(HEAP)
    __heap_limit                             0x20001e30   Data           0  startup_stm32f427xx.o(HEAP)
    __initial_sp                             0x20002230   Data           0  startup_stm32f427xx.o(STACK)



==============================================================================

Memory Map of the image

  Image Entry point : 0x080001ad

  Load Region LR_IROM1 (Base: 0x08000000, Size: 0x00007720, Max: 0x00200000, ABSOLUTE, COMPRESSED[0x000073e0])

    Execution Region ER_IROM1 (Base: 0x08000000, Size: 0x000072bc, Max: 0x00200000, ABSOLUTE)

    Base Addr    Size         Type   Attr      Idx    E Section Name        Object

    0x08000000   0x000001ac   Data   RO         5295    RESET               startup_stm32f427xx.o
    0x080001ac   0x00000000   Code   RO         7438  * .ARM.Collect$$$$00000000  mc_w.l(entry.o)
    0x080001ac   0x00000004   Code   RO         8353    .ARM.Collect$$$$00000001  mc_w.l(entry2.o)
    0x080001b0   0x00000004   Code   RO         8356    .ARM.Collect$$$$00000004  mc_w.l(entry5.o)
    0x080001b4   0x00000000   Code   RO         8358    .ARM.Collect$$$$00000008  mc_w.l(entry7b.o)
    0x080001b4   0x00000004   Code   RO         8359    .ARM.Collect$$$$00000009  mc_w.l(entry8a.o)
    0x080001b8   0x00000000   Code   RO         8360    .ARM.Collect$$$$0000000A  mc_w.l(entry8b.o)
    0x080001b8   0x00000008   Code   RO         8361    .ARM.Collect$$$$0000000B  mc_w.l(entry9a.o)
    0x080001c0   0x00000000   Code   RO         8363    .ARM.Collect$$$$0000000D  mc_w.l(entry10a.o)
    0x080001c0   0x00000000   Code   RO         8365    .ARM.Collect$$$$0000000F  mc_w.l(entry11a.o)
    0x080001c0   0x00000004   Code   RO         8354    .ARM.Collect$$$$00002712  mc_w.l(entry2.o)
    0x080001c4   0x00000024   Code   RO         5296    .text               startup_stm32f427xx.o
    0x080001e8   0x00000024   Code   RO         7441    .text               mc_w.l(memcpya.o)
    0x0800020c   0x00000040   Code   RO         7443    .text               mc_w.l(memmovea.o)
    0x0800024c   0x00000024   Code   RO         7445    .text               mc_w.l(memseta.o)
    0x08000270   0x0000000e   Code   RO         7447    .text               mc_w.l(strlen.o)
    0x0800027e   0x00000002   PAD
    0x08000280   0x00000020   Code   RO         7717    .text               mc_w.l(cpp_init.o)
    0x080002a0   0x00000004   Code   RO         8212    .text               cpprt_w.l(arm_newhandler_noexceptions.o)
    0x080002a4   0x0000000e   Code   RO         8341    .text               cpprt_w.l(aeabi_vec_delete_noexceptions.o)
    0x080002b2   0x0000002c   Code   RO         8369    .text               mc_w.l(uidiv.o)
    0x080002de   0x00000062   Code   RO         8371    .text               mc_w.l(uldiv.o)
    0x08000340   0x00000018   Code   RO         8377    .text               mc_w.l(strcat.o)
    0x08000358   0x00000012   Code   RO         8379    .text               mc_w.l(strcpy.o)
    0x0800036a   0x00000020   Code   RO         8381    .text               mc_w.l(strrchr.o)
    0x0800038a   0x00000002   PAD
    0x0800038c   0x00000038   Code   RO         8411    .text               mc_w.l(sscanf.o)
    0x080003c4   0x00000000   Code   RO         8413    .text               mc_w.l(iusefp.o)
    0x080003c4   0x00000008   Code   RO         8414    .text               mc_w.l(cpp_memory.o)
    0x080003cc   0x00000020   Code   RO         8417    .text               mc_w.l(cpp_unwinder.o)
    0x080003ec   0x0000014e   Code   RO         8420    .text               mf_w.l(dadd.o)
    0x0800053a   0x000000e4   Code   RO         8422    .text               mf_w.l(dmul.o)
    0x0800061e   0x000000de   Code   RO         8424    .text               mf_w.l(ddiv.o)
    0x080006fc   0x00000030   Code   RO         8426    .text               mf_w.l(dfixul.o)
    0x0800072c   0x00000030   Code   RO         8428    .text               mf_w.l(cdrcmple.o)
    0x0800075c   0x0000001a   Code   RO         8563    .text               cpprt_w.l(arm_exceptions_terminate.o)
    0x08000776   0x00000002   PAD
    0x08000778   0x00000050   Code   RO         8566    .text               cpprt_w.l(arm_exceptions_globs.o)
    0x080007c8   0x00000024   Code   RO         8572    .text               mc_w.l(init.o)
    0x080007ec   0x0000001e   Code   RO         8574    .text               mc_w.l(llshl.o)
    0x0800080a   0x00000020   Code   RO         8576    .text               mc_w.l(llushr.o)
    0x0800082a   0x00000024   Code   RO         8578    .text               mc_w.l(llsshr.o)
    0x0800084e   0x00000002   PAD
    0x08000850   0x00000008   Code   RO         8580    .text               mc_w.l(ctype_o.o)
    0x08000858   0x00000012   Code   RO         8602    .text               mc_w.l(isspace_o.o)
    0x0800086a   0x00000042   Code   RO         8616    .text               mc_w.l(memmove.o)
    0x080008ac   0x0000001c   Code   RO         8620    .text               mc_w.l(strcmp.o)
    0x080008c8   0x00000156   Code   RO         8634    .text               mc_w.l(_scanf_longlong.o)
    0x08000a1e   0x0000014c   Code   RO         8636    .text               mc_w.l(_scanf_int.o)
    0x08000b6a   0x000000e0   Code   RO         8638    .text               mc_w.l(_scanf_str.o)
    0x08000c4a   0x00000002   PAD
    0x08000c4c   0x00000338   Code   RO         8640    .text               mc_w.l(scanf_fp.o)
    0x08000f84   0x00000028   Code   RO         8644    .text               mc_w.l(scanf_char.o)
    0x08000fac   0x00000040   Code   RO         8646    .text               mc_w.l(_sgetc.o)
    0x08000fec   0x000000ba   Code   RO         8648    .text               mf_w.l(depilogue.o)
    0x080010a6   0x00000002   Code   RO         8650    .text               cpprt_w.l(arm_rethrow_noexceptions.o)
    0x080010a8   0x00000022   Code   RO         8659    .text               cpprt_w.l(aeabi_vec_dtor_noexceptions.o)
    0x080010ca   0x0000003c   Code   RO         8662    .text               cpprt_w.l(arm_exceptions_mem.o)
    0x08001106   0x0000001c   Code   RO         8672    .text               mc_w.l(_chval.o)
    0x08001122   0x00000002   PAD
    0x08001124   0x0000032c   Code   RO         8674    .text               mc_w.l(_scanf.o)
    0x08001450   0x00000008   Code   RO         8678    .text               mc_w.l(cpp_dtor.o)
    0x08001458   0x00000002   Code   RO         8681    .text               mc_w.l(cpp_final.o)
    0x0800145a   0x00000018   Code   RO         8683    .text               mf_w.l(dfltul.o)
    0x08001472   0x00000038   Code   RO         8687    .text               mf_w.l(d2f.o)
    0x080014aa   0x0000006e   Code   RO         8700    .text               mf_w.l(fepilogue.o)
    0x08001518   0x0000001c   Code   RO         8702    .text               cpprt_w.l(ARM_vec_cleanup_noexceptions.o)
    0x08001534   0x00000056   Code   RO         8721    .text               mc_w.l(__dczerorl2.o)
    0x0800158a   0x00000014   Code   RO         7973    i.<Func5>           cpp_ws.l(locale.o)
    0x0800159e   0x00000004   Code   RO         5302    i.BusFault_Handler  stm32f4xx_it.o
    0x080015a2   0x00000002   PAD
    0x080015a4   0x000000f8   Code   RO         6669    i.CAN1_RX0_IRQHandler  can.o
    0x0800169c   0x000000a8   Code   RO          990    i.CAN_ClearITPendingBit  stm32f4xx_can.o
    0x08001744   0x00000120   Code   RO          996    i.CAN_GetITStatus   stm32f4xx_can.o
    0x08001864   0x000000f0   Code   RO         1004    i.CAN_Receive       stm32f4xx_can.o
    0x08001954   0x00000012   Code   RO         1012    i.CheckITStatus     stm32f4xx_can.o
    0x08001966   0x00000002   PAD
    0x08001968   0x000000c0   Code   RO         6375    i.ControlTask       control_task.o
    0x08001a28   0x00000002   Code   RO         5303    i.DebugMon_Handler  stm32f4xx_it.o
    0x08001a2a   0x00000090   Code   RO         2291    i.GPIO_Init         stm32f4xx_gpio.o
    0x08001aba   0x00000046   Code   RO         2292    i.GPIO_PinAFConfig  stm32f4xx_gpio.o
    0x08001b00   0x00000004   Code   RO         2299    i.GPIO_SetBits      stm32f4xx_gpio.o
    0x08001b04   0x00000004   Code   RO         5304    i.HardFault_Handler  stm32f4xx_it.o
    0x08001b08   0x00000030   Code   RO         6743    i.InitGPIO          spi.o
    0x08001b38   0x000000d4   Code   RO         6744    i.InitSPI4          spi.o
    0x08001c0c   0x00000038   Code   RO         6548    i.InitTimer3        timer3.o
    0x08001c44   0x00000030   Code   RO         6549    i.InitTimer3NVIC    timer3.o
    0x08001c74   0x00000094   Code   RO         6587    i.InitUsart3        usart3.o
    0x08001d08   0x00000020   Code   RO         6588    i.InitUsart3NVIC    usart3.o
    0x08001d28   0x00000004   Code   RO         5305    i.MemManage_Handler  stm32f4xx_it.o
    0x08001d2c   0x00000002   Code   RO         5306    i.NMI_Handler       stm32f4xx_it.o
    0x08001d2e   0x00000002   PAD
    0x08001d30   0x00000078   Code   RO          702    i.NVIC_Init         misc.o
    0x08001da8   0x00000014   Code   RO          703    i.NVIC_PriorityGroupConfig  misc.o
    0x08001dbc   0x0000003a   Code   RO         7050    i.OledClearAll      oled_1.o
    0x08001df6   0x0000003e   Code   RO         7051    i.OledDisplayChar   oled_1.o
    0x08001e34   0x00000068   Code   RO         7053    i.OledDisplayImage  oled_1.o
    0x08001e9c   0x00000040   Code   RO         7054    i.OledDisplayString  oled_1.o
    0x08001edc   0x0000018c   Code   RO         7056    i.OledPushString2BufAndDisplay  oled_1.o
    0x08002068   0x0000002a   Code   RO         7057    i.OledSetPos        oled_1.o
    0x08002092   0x00000002   PAD
    0x08002094   0x00000020   Code   RO         7058    i.OledShowHLLIcon   oled_1.o
    0x080020b4   0x0000000c   Code   RO         7059    i.OledWriteByte     oled_1.o
    0x080020c0   0x00000020   Code   RO         7060    i.OledWriteCmd      oled_1.o
    0x080020e0   0x00000024   Code   RO         7061    i.OledWriteData     oled_1.o
    0x08002104   0x00000002   Code   RO         5307    i.PendSV_Handler    stm32f4xx_it.o
    0x08002106   0x00000002   PAD
    0x08002108   0x00000020   Code   RO         3155    i.RCC_AHB1PeriphClockCmd  stm32f4xx_rcc.o
    0x08002128   0x00000020   Code   RO         3164    i.RCC_APB1PeriphClockCmd  stm32f4xx_rcc.o
    0x08002148   0x00000020   Code   RO         3167    i.RCC_APB2PeriphClockCmd  stm32f4xx_rcc.o
    0x08002168   0x000000e8   Code   RO         3176    i.RCC_GetClocksFreq  stm32f4xx_rcc.o
    0x08002250   0x00000054   Code   RO         6745    i.SPI4ReadWriteByte  spi.o
    0x080022a4   0x00000018   Code   RO         4269    i.SPI_Cmd           stm32f4xx_spi.o
    0x080022bc   0x00000012   Code   RO         4277    i.SPI_I2S_GetFlagStatus  stm32f4xx_spi.o
    0x080022ce   0x00000006   Code   RO         4280    i.SPI_I2S_ReceiveData  stm32f4xx_spi.o
    0x080022d4   0x00000004   Code   RO         4281    i.SPI_I2S_SendData  stm32f4xx_spi.o
    0x080022d8   0x0000003c   Code   RO         4282    i.SPI_Init          stm32f4xx_spi.o
    0x08002314   0x00000002   Code   RO         5308    i.SVC_Handler       stm32f4xx_it.o
    0x08002316   0x00000002   PAD
    0x08002318   0x00000120   Code   RO         5399    i.SetSysClock       system_stm32f4xx.o
    0x08002438   0x00000002   Code   RO         5309    i.SysTick_Handler   stm32f4xx_it.o
    0x0800243a   0x00000002   PAD
    0x0800243c   0x00000068   Code   RO         5401    i.SystemInit        system_stm32f4xx.o
    0x080024a4   0x00000034   Code   RO         6550    i.TIM3_IRQHandler   timer3.o
    0x080024d8   0x00000006   Code   RO         4494    i.TIM_ClearITPendingBit  stm32f4xx_tim.o
    0x080024de   0x00000018   Code   RO         4499    i.TIM_Cmd           stm32f4xx_tim.o
    0x080024f6   0x00000022   Code   RO         4520    i.TIM_GetITStatus   stm32f4xx_tim.o
    0x08002518   0x00000012   Code   RO         4524    i.TIM_ITConfig      stm32f4xx_tim.o
    0x0800252a   0x00000002   PAD
    0x0800252c   0x00000084   Code   RO         4571    i.TIM_TimeBaseInit  stm32f4xx_tim.o
    0x080025b0   0x000000f8   Code   RO         6589    i.USART3_IRQHandler  usart3.o
    0x080026a8   0x00000018   Code   RO         5049    i.USART_Cmd         stm32f4xx_usart.o
    0x080026c0   0x00000054   Code   RO         5053    i.USART_GetITStatus  stm32f4xx_usart.o
    0x08002714   0x0000004a   Code   RO         5055    i.USART_ITConfig    stm32f4xx_usart.o
    0x0800275e   0x00000002   PAD
    0x08002760   0x000000d4   Code   RO         5056    i.USART_Init        stm32f4xx_usart.o
    0x08002834   0x00000004   Code   RO         5310    i.UsageFault_Handler  stm32f4xx_it.o
    0x08002838   0x00000020   Code   RO         8430    i._Z7catgetsPN4__rw8__rw_catEiiPKc  cpp_ws.l(rwcats.o)
    0x08002858   0x00000022   Code   RO         8431    i._Z7catopenPKci    cpp_ws.l(rwcats.o)
    0x0800287a   0x0000008e   Code   RO         6137    i._ZN11_MenuNode_t3SetEPKcPS_S2_S2_S2_hfh  menu2.o
    0x08002908   0x00000028   Code   RO         6110    i._ZN11_MenuNode_tC1Ev  menu2.o
    0x08002930   0x0000000c   Code   RO         5581    i._ZN14VerticalLayout12GetCurHeightEv  oled.o
    0x0800293c   0x0000005c   Code   RO         5634    i._ZN14VerticalLayout15GetFormatStringEPKcc  verticallayout.o
    0x08002998   0x00000042   Code   RO         5635    i._ZN14VerticalLayout5ClearEv  verticallayout.o
    0x080029da   0x00000022   Code   RO         5636    i._ZN14VerticalLayout5GetAtEi  verticallayout.o
    0x080029fc   0x00000036   Code   RO         5637    i._ZN14VerticalLayout7ClearAtEh  verticallayout.o
    0x08002a32   0x0000002e   Code   RO         5638    i._ZN14VerticalLayout7PopBackEv  verticallayout.o
    0x08002a60   0x00000026   Code   RO         5639    i._ZN14VerticalLayout8PopFrontEv  verticallayout.o
    0x08002a86   0x00000080   Code   RO         5640    i._ZN14VerticalLayout8PushBackEPKc  verticallayout.o
    0x08002b06   0x00000080   Code   RO         5641    i._ZN14VerticalLayout9PushFrontEPKc  verticallayout.o
    0x08002b86   0x00000002   PAD
    0x08002b88   0x0000004c   Code   RO         5642    i._ZN14VerticalLayoutC1Ehhh  verticallayout.o
    0x08002bd4   0x00000030   Code   RO         5703    i._ZN16_OledBufString_tC1EPKch  verticallayout.o
    0x08002c04   0x0000000e   Code   RO         5811    i._ZN16_OledBufString_tD1Ev  verticallayout.o
    0x08002c12   0x00000002   PAD
    0x08002c14   0x00000104   Code   RO          256    i._ZN29_INTERNAL_8_main_cpp_b29f611311KajyouAnimeEh  main_1.o
    0x08002d18   0x00000020   Code   RO          257    i._ZN29_INTERNAL_8_main_cpp_b29f611313WaitToGetModeEv  main_1.o
    0x08002d38   0x00000028   Code   RO          258    i._ZN29_INTERNAL_8_main_cpp_b29f61134InitEv  main_1.o
    0x08002d60   0x0000008c   Code   RO          259    i._ZN29_INTERNAL_8_main_cpp_b29f61139SetLayoutEh  main_1.o
    0x08002dec   0x0000003c   Code   RO         6014    i._ZN29_INTERNAL_9_menu2_cpp_control7SetNodeEP11_MenuNode_tPKcS1_S1_S1_S1_hfh  menu2.o
    0x08002e28   0x00000058   Code   RO         7299    i._ZN37_INTERNAL_15_rwstdexcept_cpp_8697b68a4__rw13__rw_vfmatstrEPcjPKcSt9__va_list  cpp_ws.l(rwstdexcept.o)
    0x08002e80   0x0000014c   Code   RO         7300    i._ZN37_INTERNAL_15_rwstdexcept_cpp_8697b68a4__rw13__rw_vfmatstrEPcjiSt9__va_list  cpp_ws.l(rwstdexcept.o)
    0x08002fcc   0x00000044   Code   RO         6015    i._ZN4Menu10MoveCursorEs  menu2.o
    0x08003010   0x0000002c   Code   RO         6016    i._ZN4Menu12ShowChildrenEP4Oled  menu2.o
    0x0800303c   0x00000024   Code   RO         6017    i._ZN4Menu14UpdateChildrenEv  menu2.o
    0x08003060   0x0000003c   Code   RO         6018    i._ZN4Menu2UpEv     menu2.o
    0x0800309c   0x00000040   Code   RO         6019    i._ZN4Menu4DownEv   menu2.o
    0x080030dc   0x00000020   Code   RO         6020    i._ZN4Menu4LeftEv   menu2.o
    0x080030fc   0x00000042   Code   RO         6021    i._ZN4Menu4MoveEh   menu2.o
    0x0800313e   0x00000020   Code   RO         6022    i._ZN4Menu5RightEv  menu2.o
    0x0800315e   0x00000002   PAD
    0x08003160   0x0000001c   Code   RO         6023    i._ZN4Menu7KakuninEv  menu2.o
    0x0800317c   0x0000002a   Code   RO         6024    i._ZN4Menu9ShowNextsEP4Oled  menu2.o
    0x080031a6   0x00000002   PAD
    0x080031a8   0x00000024   Code   RO         6025    i._ZN4Menu9UpdateAllEv  menu2.o
    0x080031cc   0x000009b8   Code   RO         6026    i._ZN4MenuC1Ev      menu2.o
    0x08003b84   0x00000030   Code   RO         5436    i._ZN4Oled10ClearRightEv  oled.o
    0x08003bb4   0x0000001e   Code   RO         5437    i._ZN4Oled10Push2RightEPKch  oled.o
    0x08003bd2   0x0000003a   Code   RO         5438    i._ZN4Oled10ShowStringEhhPKc  oled.o
    0x08003c0c   0x0000002e   Code   RO         5439    i._ZN4Oled10UpdateLeftEv  oled.o
    0x08003c3a   0x00000030   Code   RO         5440    i._ZN4Oled11SetPositionEhh  oled.o
    0x08003c6a   0x0000002e   Code   RO         5441    i._ZN4Oled11UpdateRightEv  oled.o
    0x08003c98   0x00000012   Code   RO         5442    i._ZN4Oled6UpdateEv  oled.o
    0x08003caa   0x00000076   Code   RO         5443    i._ZN4Oled7ShowImgEhhhhPh  oled.o
    0x08003d20   0x00000042   Code   RO         5444    i._ZN4Oled8ClearAllEv  oled.o
    0x08003d62   0x0000000e   Code   RO         5446    i._ZN4Oled8InitGpioEv  oled.o
    0x08003d70   0x00000128   Code   RO         5447    i._ZN4Oled8InitOledEv  oled.o
    0x08003e98   0x00000054   Code   RO         5448    i._ZN4Oled8ShowCharEhhh  oled.o
    0x08003eec   0x00000024   Code   RO         5449    i._ZN4Oled8WriteCmdEh  oled.o
    0x08003f10   0x00000030   Code   RO         5450    i._ZN4Oled9ClearLeftEv  oled.o
    0x08003f40   0x0000001e   Code   RO         5452    i._ZN4Oled9Push2LeftEPKch  oled.o
    0x08003f5e   0x00000026   Code   RO         5453    i._ZN4Oled9SetLayoutEP14VerticalLayoutS1_  oled.o
    0x08003f84   0x0000000e   Code   RO         5454    i._ZN4Oled9WriteByteEh  oled.o
    0x08003f92   0x00000002   PAD
    0x08003f94   0x00000028   Code   RO         5455    i._ZN4Oled9WriteDataEh  oled.o
    0x08003fbc   0x00000080   Code   RO         5456    i._ZN4OledC1Ehh     oled.o
    0x0800403c   0x0000005c   Code   RO         7302    i._ZN4__rw10__rw_throwEiz  cpp_ws.l(rwstdexcept.o)
    0x08004098   0x00000020   Code   RO         7146    i._ZN4__rw13__rw_allocateEji  cpp_ws.l(rwalloc.o)
    0x080040b8   0x00000004   Code   RO         7147    i._ZN4__rw15__rw_deallocateEPvji  cpp_ws.l(rwalloc.o)
    0x080040bc   0x00000002   Code   RO         7920    i._ZN4__rw15__rw_facet_base12_C_initfacetERKSt6locale  cpp_ws.l(char.o)
    0x080040be   0x00000002   PAD
    0x080040c0   0x000000ec   Code   RO         8076    i._ZN4__rw15__rw_locale_impC1EPKcjj  cpp_ws.l(locale.o)
    0x080041ac   0x0000001a   Code   RO         8114    i._ZN4__rw15__rw_locale_impD1Ev  cpp_ws.l(locale.o)
    0x080041c6   0x0000003a   Code   RO         7974    i._ZN4__rw21__rw_use_c_lib_localeC1EPKci  cpp_ws.l(locale.o)
    0x08004200   0x00000018   Code   RO         7890    i._ZN4__rw21__rw_use_c_lib_localeD1Ev  cpp_ws.l(char.o)
    0x08004218   0x00000098   Code   RO         8454    i._ZN4__rw25__rw_throw_exception_noexEiPc  cpp_ws.l(rwthrowproc_impl_noex.o)
    0x080042b0   0x00000030   Code   RO         8434    i._ZN4__rw9__catfindEPNS_8__rw_catE  cpp_ws.l(rwcats.o)
    0x080042e0   0x00000004   Code   RO         7421    i._ZNKSt14__rw_exception4whatEv  cpp_ws.l(rwstdexcept.o)
    0x080042e4   0x00000072   Code   RO         8151    i._ZNKSt18__rw_messages_base11_C_cat_openERKSsRKSt6locale  cpp_ws.l(messages.o)
    0x08004356   0x00000020   Code   RO         8154    i._ZNKSt18__rw_messages_base13_C_get_localeEi  cpp_ws.l(messages.o)
    0x08004376   0x00000034   Code   RO         8155    i._ZNKSt18__rw_messages_base14_C_get_messageEiii  cpp_ws.l(messages.o)
    0x080043aa   0x0000000e   Code   RO         7860    i._ZNKSt5ctypeIcE2isENSt10ctype_base4maskEc  cpp_ws.l(char.o)
    0x080043b8   0x00000108   Code   RO         7979    i._ZNKSt6locale13_C_make_facetERKNS_2idEbiPFPN4__rw15__rw_facet_baseEiPKcjE  cpp_ws.l(locale.o)
    0x080044c0   0x00000074   Code   RO         7981    i._ZNKSt6locale16_C_install_facetEPN4__rw15__rw_facet_baseERKNS_2idE  cpp_ws.l(locale.o)
    0x08004534   0x00000030   Code   RO         7982    i._ZNKSt6locale4nameEv  cpp_ws.l(locale.o)
    0x08004564   0x0000000c   Code   RO         7835    i._ZNSt11char_traitsIcE4copyEPcPKcj  cpp_ws.l(char.o)
    0x08004570   0x000000cc   Code   RO         7723    i._ZNSt12ctype_bynameIcE17_C_get_mask_tableEPKc  cpp_ws.l(char.o)
    0x0800463c   0x00000120   Code   RO         7725    i._ZNSt12ctype_bynameIcEC1EPKcj  cpp_ws.l(char.o)
    0x0800475c   0x0000000e   Code   RO         7967    i._ZNSt12ctype_bynameIcED0Ev  cpp_ws.l(char.o)
    0x0800476a   0x00000008   Code   RO         7964    i._ZNSt12ctype_bynameIcED1Ev  cpp_ws.l(char.o)
    0x08004772   0x00000002   PAD
    0x08004774   0x00000084   Code   RO         7305    i._ZNSt14__rw_exception10_C_vformatEiSt9__va_list  cpp_ws.l(rwstdexcept.o)
    0x080047f8   0x00000014   Code   RO         7371    i._ZNSt14__rw_exceptionC1Ev  cpp_ws.l(rwstdexcept.o)
    0x0800480c   0x0000001c   Code   RO         7415    i._ZNSt14__rw_exceptionD1Ev  cpp_ws.l(rwstdexcept.o)
    0x08004828   0x00000008   Code   RO         7368    i._ZNSt18__rw_messages_baseD1Ev  cpp_ws.l(rwstdexcept.o)
    0x08004830   0x0000001a   Code   RO         8191    i._ZNSt18__rw_open_cat_dataC1Ev  cpp_ws.l(messages.o)
    0x0800484a   0x0000000c   Code   RO         8188    i._ZNSt18__rw_open_cat_dataD1Ev  cpp_ws.l(messages.o)
    0x08004856   0x00000012   Code   RO         8194    i._ZNSt18__rw_open_cat_dataaSERKS_  cpp_ws.l(messages.o)
    0x08004868   0x000000fa   Code   RO         7727    i._ZNSt5ctypeIcE12_C_initfacetERKSt6locale  cpp_ws.l(char.o)
    0x08004962   0x00000002   PAD
    0x08004964   0x00000118   Code   RO         7729    i._ZNSt5ctypeIcEC1EPKNSt10ctype_base4maskEbj  cpp_ws.l(char.o)
    0x08004a7c   0x0000000e   Code   RO         7863    i._ZNSt5ctypeIcED0Ev  cpp_ws.l(char.o)
    0x08004a8a   0x00000002   PAD
    0x08004a8c   0x0000002c   Code   RO         7792    i._ZNSt5ctypeIcED1Ev  cpp_ws.l(char.o)
    0x08004ab8   0x0000000e   Code   RO         7412    i._ZNSt6locale5facetD0Ev  cpp_ws.l(rwstdexcept.o)
    0x08004ac6   0x00000002   PAD
    0x08004ac8   0x00000084   Code   RO         7985    i._ZNSt6locale7_C_initEv  cpp_ws.l(locale.o)
    0x08004b4c   0x00000044   Code   RO         7987    i._ZNSt6locale7classicEv  cpp_ws.l(locale.o)
    0x08004b90   0x00000020   Code   RO         8117    i._ZNSt6localeC1EPN4__rw15__rw_locale_impE  cpp_ws.l(locale.o)
    0x08004bb0   0x0000000c   Code   RO         8197    i._ZNSt6localeC1ERKS_  cpp_ws.l(messages.o)
    0x08004bbc   0x00000020   Code   RO         7364    i._ZNSt6localeC1Ev  cpp_ws.l(rwstdexcept.o)
    0x08004bdc   0x00000020   Code   RO         8092    i._ZNSt6localeD1Ev  cpp_ws.l(locale.o)
    0x08004bfc   0x00000032   Code   RO         7995    i._ZNSt6localeaSERKS_  cpp_ws.l(locale.o)
    0x08004c2e   0x0000000e   Code   RO         7386    i._ZNSt8messagesIcED0Ev  cpp_ws.l(rwstdexcept.o)
    0x08004c3c   0x00000010   Code   RO         7355    i._ZNSt8messagesIcED1Ev  cpp_ws.l(rwstdexcept.o)
    0x08004c4c   0x0000000c   Code   RO         8225    i._ZNSt9exceptionC1Ev  cpprt_w.l(exception_ctor.o)
    0x08004c58   0x0000003c   Code   RO         8172    i._ZSt13__rw_get_catsv  cpp_ws.l(messages.o)
    0x08004c94   0x00000008   Code   RO         7424    i._ZdaPv            cpprt_w.l(array_del.o)
    0x08004c9c   0x00000008   Code   RO         7431    i._ZdlPv            cpprt_w.l(delete.o)
    0x08004ca4   0x00000008   Code   RO         7427    i._Znaj             cpprt_w.l(array_new.o)
    0x08004cac   0x00000028   Code   RO         7434    i._Znwj             cpprt_w.l(new.o)
    0x08004cd4   0x0000001c   Code   RO         7685    i.__0fprintf        mc_w.l(printfa.o)
    0x08004cf0   0x00000020   Code   RO         7686    i.__0printf         mc_w.l(printfa.o)
    0x08004d10   0x00000024   Code   RO         7691    i.__0vsnprintf      mc_w.l(printfa.o)
    0x08004d34   0x00000092   Code   RO         8689    i.__ARM_array_new_general  cpprt_w.l(array_new_general.o)
    0x08004dc6   0x00000032   Code   RO         8547    i.__aeabi_atexit    cpprt_w.l(aeabi_atexit.o)
    0x08004df8   0x00000010   Code   RO         8553    i.__aeabi_vec_dtor_cookie  cpprt_w.l(aeabi_vec_dtor_cookie.o)
    0x08004e08   0x00000014   Code   RO         8550    i.__aeabi_vec_new_cookie  cpprt_w.l(aeabi_vec_new_cookie.o)
    0x08004e1c   0x00000042   Code   RO         8653    i.__cxa_finalize    cpprt_w.l(cxa_finalize.o)
    0x08004e5e   0x00000010   Code   RO         8525    i.__cxa_guard_acquire  cpprt_w.l(cxa_guard_acquire.o)
    0x08004e6e   0x00000002   PAD
    0x08004e70   0x00000018   Code   RO         8656    i.__cxa_vec_new     cpprt_w.l(cxa_vec_new.o)
    0x08004e88   0x0000000e   Code   RO         8715    i.__scatterload_copy  mc_w.l(handlers.o)
    0x08004e96   0x00000002   Code   RO         8716    i.__scatterload_null  mc_w.l(handlers.o)
    0x08004e98   0x0000000e   Code   RO         8717    i.__scatterload_zeroinit  mc_w.l(handlers.o)
    0x08004ea6   0x00000002   PAD
    0x08004ea8   0x00000010   Code   RO         7996    i.__sti___10_locale_cpp_ff99fc7b  cpp_ws.l(locale.o)
    0x08004eb8   0x00000038   Code   RO         8435    i.__sti___10_rwcats_cpp_64e8068e  cpp_ws.l(rwcats.o)
    0x08004ef0   0x00000010   Code   RO         7731    i.__sti___8_char_cpp_a3dc957a  cpp_ws.l(char.o)
    0x08004f00   0x00000254   Code   RO         6027    i.__sti___9_menu2_cpp_control  menu2.o
    0x08005154   0x00000164   Code   RO         7693    i._fp_digits        mc_w.l(printfa.o)
    0x080052b8   0x0000000e   Code   RO         8642    i._is_digit         mc_w.l(scanf_fp.o)
    0x080052c6   0x00000002   PAD
    0x080052c8   0x000006dc   Code   RO         7694    i._printf_core      mc_w.l(printfa.o)
    0x080059a4   0x00000024   Code   RO         7695    i._printf_post_padding  mc_w.l(printfa.o)
    0x080059c8   0x0000002e   Code   RO         7696    i._printf_pre_padding  mc_w.l(printfa.o)
    0x080059f6   0x00000016   Code   RO         7697    i._snputc           mc_w.l(printfa.o)
    0x08005a0c   0x0000001c   Code   RO          196    i.delay_ms          delay.o
    0x08005a28   0x0000001c   Code   RO         6590    i.fputc             usart3.o
    0x08005a44   0x00000050   Code   RO         8383    i.free              mc_w.l(malloc.o)
    0x08005a94   0x00000104   Code   RO          260    i.main              main_1.o
    0x08005b98   0x0000006c   Code   RO         8384    i.malloc            mc_w.l(malloc.o)
    0x08005c04   0x00000014   Code   RO         7844    t._ZN4__rw12__string_refIcSt11char_traitsIcESaIcEE10_C_inc_refEv  cpp_ws.l(char.o)
    0x08005c18   0x00000008   Code   RO         6167    t._ZN4__rw12__string_refIcSt11char_traitsIcESaIcEE4dataEv  menu2.o
    0x08005c20   0x00000046   Code   RO         7377    t._ZN4__rw16__rw_facet_makerISt5ctypeIcEE13_C_maker_funcEiPKcj  cpp_ws.l(rwstdexcept.o)
    0x08005c66   0x00000056   Code   RO         8095    t._ZN4__rw18__rw_locale_vectorIPNS_15__rw_facet_baseEE6resizeEjRKS2_  cpp_ws.l(locale.o)
    0x08005cbc   0x0000000e   Code   RO         8107    t._ZN4__rw18__rw_locale_vectorIPNS_15__rw_facet_baseEED1Ev  cpp_ws.l(locale.o)
    0x08005cca   0x0000000e   Code   RO         8451    t._ZN4__rw18__rw_locale_vectorIPNS_8__rw_catEED1Ev  cpp_ws.l(rwcats.o)
    0x08005cd8   0x00000014   Code   RO         8110    t._ZN4__rw18__rw_locale_vectorISsED1Ev  cpp_ws.l(locale.o)
    0x08005cec   0x00000088   Code   RO         8178    t._ZN4__rw18__rw_locale_vectorISt18__rw_open_cat_dataE6resizeEj  cpp_ws.l(messages.o)
    0x08005d74   0x00000014   Code   RO         8184    t._ZN4__rw18__rw_locale_vectorISt18__rw_open_cat_dataED1Ev  cpp_ws.l(messages.o)
    0x08005d88   0x00000006   Code   RO         5877    t._ZNKSt15__rw_deque_iterIP16_OledBufString_tiPS1_RS1_SaIS1_EEdeEv  verticallayout.o
    0x08005d8e   0x00000006   Code   RO         5847    t._ZNKSt5dequeIP16_OledBufString_tSaIS1_EE4sizeEv  verticallayout.o
    0x08005d94   0x00000014   Code   RO         5853    t._ZNKSt5dequeIP16_OledBufString_tSaIS1_EE5emptyEv  verticallayout.o
    0x08005da8   0x00000090   Code   RO         7349    t._ZNKSt8messagesIcE6do_getEiiiRKSs  cpp_ws.l(rwstdexcept.o)
    0x08005e38   0x00000006   Code   RO         7374    t._ZNKSt8messagesIcE7do_openERKSsRKSt6locale  cpp_ws.l(rwstdexcept.o)
    0x08005e3e   0x00000014   Code   RO         5829    t._ZNSaIP16_OledBufString_tE10deallocateEPS0_j  verticallayout.o
    0x08005e52   0x00000012   Code   RO         5859    t._ZNSaIP16_OledBufString_tE8allocateEjPKv  verticallayout.o
    0x08005e64   0x00000016   Code   RO         5721    t._ZNSaIP16_OledBufString_tE9constructEPS0_RKS0_  verticallayout.o
    0x08005e7a   0x00000014   Code   RO         5841    t._ZNSaIPP16_OledBufString_tE10deallocateEPS1_j  verticallayout.o
    0x08005e8e   0x00000012   Code   RO         5835    t._ZNSaIPP16_OledBufString_tE8allocateEjPKv  verticallayout.o
    0x08005ea0   0x00000032   Code   RO         8064    t._ZNSs11_C_allocateEjjj  cpp_ws.l(locale.o)
    0x08005ed2   0x00000002   PAD
    0x08005ed4   0x00000010   Code   RO         6179    t._ZNSs7_C_nullEv   menu2.o
    0x08005ee4   0x00000018   Code   RO         8104    t._ZNSs7replaceEjjPKcj  cpp_ws.l(locale.o)
    0x08005efc   0x00000168   Code   RO         7782    t._ZNSs7replaceEjjPKcjjj  cpp_ws.l(char.o)
    0x08006064   0x00000074   Code   RO         7770    t._ZNSs9_C_getRepEjj  cpp_ws.l(char.o)
    0x080060d8   0x00000048   Code   RO         7779    t._ZNSs9_C_unlinkEv  cpp_ws.l(char.o)
    0x08006120   0x00000038   Code   RO         8067    t._ZNSsC1EPKcRKSaIcE  cpp_ws.l(locale.o)
    0x08006158   0x00000010   Code   RO         8101    t._ZNSsC1ERKSaIcE   cpp_ws.l(locale.o)
    0x08006168   0x0000003e   Code   RO         7773    t._ZNSsC1ERKSs      cpp_ws.l(char.o)
    0x080061a6   0x0000000c   Code   RO         7853    t._ZNSsD1Ev         cpp_ws.l(char.o)
    0x080061b2   0x00000002   PAD
    0x080061b4   0x0000004c   Code   RO         8073    t._ZNSsaSEPKc       cpp_ws.l(locale.o)
    0x08006200   0x0000003e   Code   RO         8070    t._ZNSsaSERKSs      cpp_ws.l(locale.o)
    0x0800623e   0x0000001e   Code   RO         5709    t._ZNSt15__rw_deque_iterIP16_OledBufString_tiPS1_RS1_SaIS1_EE10_C_bufsizeEv  verticallayout.o
    0x0800625c   0x00000012   Code   RO         5751    t._ZNSt15__rw_deque_iterIP16_OledBufString_tiPS1_RS1_SaIS1_EEC1ERKS5_  verticallayout.o
    0x0800626e   0x0000002c   Code   RO         5715    t._ZNSt15__rw_deque_iterIP16_OledBufString_tiPS1_RS1_SaIS1_EEC1ES2_PS2_  verticallayout.o
    0x0800629a   0x0000002c   Code   RO         5799    t._ZNSt15__rw_deque_iterIP16_OledBufString_tiPS1_RS1_SaIS1_EEmmEv  verticallayout.o
    0x080062c6   0x00000074   Code   RO         5871    t._ZNSt15__rw_deque_iterIP16_OledBufString_tiPS1_RS1_SaIS1_EEpLEi  verticallayout.o
    0x0800633a   0x0000002a   Code   RO         5781    t._ZNSt15__rw_deque_iterIP16_OledBufString_tiPS1_RS1_SaIS1_EEppEv  verticallayout.o
    0x08006364   0x00000008   Code   RO         5823    t._ZNSt5dequeIP16_OledBufString_tSaIS1_EE10_C_bufsizeEv  verticallayout.o
    0x0800636c   0x00000014   Code   RO         5889    t._ZNSt5dequeIP16_OledBufString_tSaIS1_EE12_C_make_iterERKSt15__rw_deque_iterIS1_iPS1_RS1_S2_E  verticallayout.o
    0x08006380   0x00000084   Code   RO         5739    t._ZNSt5dequeIP16_OledBufString_tSaIS1_EE14_C_free_at_endEv  verticallayout.o
    0x08006404   0x00000144   Code   RO         5763    t._ZNSt5dequeIP16_OledBufString_tSaIS1_EE15_C_alloc_at_endEv  verticallayout.o
    0x08006548   0x00000076   Code   RO         5769    t._ZNSt5dequeIP16_OledBufString_tSaIS1_EE16_C_free_at_beginEv  verticallayout.o
    0x080065be   0x00000150   Code   RO         5733    t._ZNSt5dequeIP16_OledBufString_tSaIS1_EE17_C_alloc_at_beginEv  verticallayout.o
    0x0800670e   0x00000002   PAD
    0x08006710   0x00000068   Code   RO         5757    t._ZNSt5dequeIP16_OledBufString_tSaIS1_EE2atEj  verticallayout.o
    0x08006778   0x00000014   Code   RO         5883    t._ZNSt5dequeIP16_OledBufString_tSaIS1_EE3endEv  verticallayout.o
    0x0800678c   0x00000012   Code   RO         5865    t._ZNSt5dequeIP16_OledBufString_tSaIS1_EE5beginEv  verticallayout.o
    0x0800679e   0x0000013a   Code   RO         5805    t._ZNSt5dequeIP16_OledBufString_tSaIS1_EE5eraseESt15__rw_deque_iterIS1_iPS1_RS1_S2_ES7_  verticallayout.o
    0x080068d8   0x00000030   Code   RO         5745    t._ZNSt5dequeIP16_OledBufString_tSaIS1_EE8pop_backEv  verticallayout.o
    0x08006908   0x00000038   Code   RO         5775    t._ZNSt5dequeIP16_OledBufString_tSaIS1_EE9pop_frontEv  verticallayout.o
    0x08006940   0x0000005c   Code   RO         5817    t._ZNSt5dequeIP16_OledBufString_tSaIS1_EEC1ERKS2_  verticallayout.o
    0x0800699c   0x0000000c   Code   RO         7847    t._ZSt3maxIjERKT_S2_S2_  cpp_ws.l(char.o)
    0x080069a8   0x00000014   Code   RO         5727    t._ZSt4copyIPPP16_OledBufString_tS3_ET0_T_S5_S4_  verticallayout.o
    0x080069bc   0x00000040   Code   RO         5787    t._ZStmiIP16_OledBufString_tiPS1_RS1_S2_S3_SaIS1_EET0_RKSt15__rw_deque_iterIT_S5_T1_T2_T5_ERKS6_IS7_S5_T3_T4_SA_E  verticallayout.o
    0x080069fc   0x0000003c   Code   RO         5793    t._ZStneIP16_OledBufString_tiPS1_RS1_S2_S3_SaIS1_EEbRKSt15__rw_deque_iterIT_T0_T1_T2_T5_ERKS5_IS6_S7_T3_T4_SA_E  verticallayout.o
    0x08006a38   0x0000022e   Data   RO         5480    .constdata          oled.o
    0x08006c66   0x00000002   PAD
    0x08006c68   0x0000005c   Data   RO         7325    .constdata          cpp_ws.l(rwstdexcept.o)
    0x08006cc4   0x00000200   Data   RO         7751    .constdata          cpp_ws.l(char.o)
    0x08006ec4   0x00000081   Data   RO         8581    .constdata          mc_w.l(ctype_o.o)
    0x08006f45   0x00000003   PAD
    0x08006f48   0x00000004   Data   RO         8582    .constdata          mc_w.l(ctype_o.o)
    0x08006f4c   0x00000014   Data   RO         7400    .constdata__ZTVNSt6locale5facetE  cpp_ws.l(rwstdexcept.o)
    0x08006f60   0x00000034   Data   RO         7931    .constdata__ZTVSt12ctype_bynameIcE  cpp_ws.l(char.o)
    0x08006f94   0x00000014   Data   RO         7402    .constdata__ZTVSt14__rw_exception  cpp_ws.l(rwstdexcept.o)
    0x08006fa8   0x00000034   Data   RO         7762    .constdata__ZTVSt5ctypeIcE  cpp_ws.l(char.o)
    0x08006fdc   0x00000020   Data   RO         7338    .constdata__ZTVSt8messagesIcE  cpp_ws.l(rwstdexcept.o)
    0x08006ffc   0x00000014   Data   RO         8235    .constdata__ZTVSt9exception  cpprt_w.l(exception_dtor.o)
    0x08007010   0x00000001   Data   RO         8061    .constdata__ZZNK4__rw15__rw_locale_imp16_C_category_nameEiEs  cpp_ws.l(locale.o)
    0x08007011   0x00000001   Data   RO         6109    .constdata__ZZNSs7replaceEjjPKcjjjEs  menu2.o
    0x08007012   0x00000001   Data   RO         6108    .constdata__ZZNSs9_C_getRepEjjEs  menu2.o
    0x08007013   0x00000001   Data   RO         5702    .constdata__ZZNSt5dequeIP16_OledBufString_tSaIS1_EE2atEjEs  verticallayout.o
    0x08007014   0x00000002   Data   RO         7339    .constdata__ZZNSt8messagesIcEC1EjEs  cpp_ws.l(rwstdexcept.o)
    0x08007016   0x00000002   PAD
    0x08007018   0x00000272   Data   RO         7326    .conststring        cpp_ws.l(rwstdexcept.o)
    0x0800728a   0x00000002   PAD
    0x0800728c   0x00000020   Data   RO         8714    Region$$Table       anon$$obj.o
    0x080072ac   0x00000004   Data   RO         6043    .init_array         menu2.o
    0x080072b0   0x00000000   Data   RO         7715    .init_array         mc_w.l(cpp_init.o)
    0x080072b0   0x00000004   Data   RO         7753    .init_array         cpp_ws.l(char.o)
    0x080072b4   0x00000004   Data   RO         8044    .init_array         cpp_ws.l(locale.o)
    0x080072b8   0x00000004   Data   RO         8445    .init_array         cpp_ws.l(rwcats.o)


    Execution Region RW_IRAM1 (Base: 0x20000000, Size: 0x00002230, Max: 0x00030000, ABSOLUTE, COMPRESSED[0x00000124])

    Base Addr    Size         Type   Attr      Idx    E Section Name        Object

    0x20000000   0x00000241   Data   RW            3    .data               main.o
    0x20000241   0x00000003   PAD
    0x20000244   0x0000000c   Data   RW          266    .data               main_1.o
    0x20000250   0x00000010   Data   RW         3208    .data               stm32f4xx_rcc.o
    0x20000260   0x0000017a   Data   RW         5481    .data               oled.o
    0x200003da   0x0000000a   Data   RW         6379    .data               control_task.o
    0x200003e4   0x00000004   Data   RW         6592    .data               usart3.o
    0x200003e8   0x00000004   Data   RW         6674    .data               can.o
    0x200003ec   0x00000017   Data   RW         7327    .data               cpp_ws.l(rwstdexcept.o)
    0x20000403   0x00000001   PAD
    0x20000404   0x00000008   Data   RW         7752    .data               cpp_ws.l(char.o)
    0x2000040c   0x0000001c   Data   RW         8043    .data               cpp_ws.l(locale.o)
    0x20000428   0x00000004   Data   RW         8202    .data               cpp_ws.l(rwthrowproc_noex.o)
    0x2000042c   0x00000004   Data   RW         8367    .data               mc_w.l(stdout.o)
    0x20000430   0x00000004   Data   RW         8368    .data               mc_w.l(stderr.o)
    0x20000434   0x00000004   Data   RW         8415    .data               mc_w.l(cpp_memory.o)
    0x20000438   0x00000008   Data   RW         8418    .data               mc_w.l(cpp_unwinder.o)
    0x20000440   0x00000008   Data   RW         8444    .data               cpp_ws.l(rwcats.o)
    0x20000448   0x00000004   Data   RW         8632    .data               mc_w.l(mvars.o)
    0x2000044c   0x00000004   Data   RW         8633    .data               mc_w.l(mvars.o)
    0x20000450   0x00000004   Data   RW         8679    .data               mc_w.l(cpp_dtor.o)
    0x20000454   0x00000004   Data   RW         8144    .data__ZZNKSt6locale2id7_C_initEvE9_C_id_gen  cpp_ws.l(locale.o)
    0x20000458   0x0000000c   Data   RW         8200    .data__ZZSt13__rw_get_catsvE11__open_cats  cpp_ws.l(messages.o)
    0x20000464   0x00000938   Zero   RW         6042    .bss                menu2.o
    0x20000d9c   0x00000033   Zero   RW         6591    .bss                usart3.o
    0x20000dcf   0x00000001   PAD
    0x20000dd0   0x00000024   Zero   RW         6673    .bss                can.o
    0x20000df4   0x00000010   Zero   RW         7062    .bss                oled_1.o
    0x20000e04   0x00000004   PAD
    0x20000e08   0x00000018   Zero   RW         7324    .bss                cpp_ws.l(rwstdexcept.o)
    0x20000e20   0x00000010   Zero   RW         8518    .bss__ZNSs9__nullrefE  cpp_ws.l(vendor.o)
    0x20000e30   0x00001000   Zero   RW         5294    HEAP                startup_stm32f427xx.o
    0x20001e30   0x00000400   Zero   RW         5293    STACK               startup_stm32f427xx.o


==============================================================================

Image component sizes


      Code (inc. data)   RO Data    RW Data    ZI Data      Debug   Object Name

       248         22          0          4         36       1377   can.o
       192         26          0         10          0      28787   control_task.o
        28          0          0          0          0        599   delay.o
         0          0          0        577          0     305884   main.o
       732        178          0         12          0     271574   main_1.o
      3858        852          6          0       2360      40388   menu2.o
       140         24          0          0          0       1519   misc.o
      1218        104        558        378          0      22463   oled.o
       838         30          0          0         16       7973   oled_1.o
       344         18          0          0          0       1858   spi.o
        36          8        428          0       5120        824   startup_stm32f427xx.o
       714         10          0          0          0       3488   stm32f4xx_can.o
       218          0          0          0          0       2286   stm32f4xx_gpio.o
        26          0          0          0          0       4182   stm32f4xx_it.o
       328         36          0         16          0       4587   stm32f4xx_rcc.o
       112          0          0          0          0       3430   stm32f4xx_spi.o
       214         28          0          0          0       3622   stm32f4xx_tim.o
       394          8          0          0          0       3618   stm32f4xx_usart.o
       392         32          0          0          0       1553   system_stm32f4xx.o
       156         22          0          0          0       1548   timer3.o
       456         50          0          4         51       4688   usart3.o
      2882         36          1          0          0      43958   verticallayout.o

    ----------------------------------------------------------------------
     13556       1484       1027       1004       7588     760206   Object Totals
         0          0         32          0          0          0   (incl. Generated)
        30          0          2          3          5          0   (incl. Padding)

    ----------------------------------------------------------------------

      Code (inc. data)   RO Data    RW Data    ZI Data      Debug   Library Member Name

      1824         74        620          8          0       1552   char.o
      1502         82          5         32          0       1760   locale.o
       482         34          0         12          0        784   messages.o
        36          0          0          0          0        144   rwalloc.o
       184         24          4          8          0        400   rwcats.o
      1000         68        792         23         24       1220   rwstdexcept.o
       152         94          0          0          0         72   rwthrowproc_impl_noex.o
         0          0          0          4          0          0   rwthrowproc_noex.o
         0          0          0          0         16          0   vendor.o
        28          0          0          0          0         84   ARM_vec_cleanup_noexceptions.o
        50          0          0          0          0         84   aeabi_atexit.o
        14          0          0          0          0         80   aeabi_vec_delete_noexceptions.o
        16          0          0          0          0         68   aeabi_vec_dtor_cookie.o
        34          0          0          0          0         84   aeabi_vec_dtor_noexceptions.o
        20          0          0          0          0         80   aeabi_vec_new_cookie.o
        80         12          0          0          0        104   arm_exceptions_globs.o
        60          0          0          0          0        108   arm_exceptions_mem.o
        26          0          0          0          0         76   arm_exceptions_terminate.o
         4          0          0          0          0         68   arm_newhandler_noexceptions.o
         2          0          0          0          0         68   arm_rethrow_noexceptions.o
         8          0          0          0          0         76   array_del.o
         8          0          0          0          0         76   array_new.o
       146          0          0          0          0         96   array_new_general.o
        66          0          0          0          0         84   cxa_finalize.o
        16          0          0          0          0         68   cxa_guard_acquire.o
        24          6          0          0          0         84   cxa_vec_new.o
         8          0          0          0          0         76   delete.o
        12          6          0          0          0         68   exception_ctor.o
         0          0         20          0          0          0   exception_dtor.o
        40          6          0          0          0         76   new.o
        86          0          0          0          0          0   __dczerorl2.o
        28          0          0          0          0         68   _chval.o
       812          4          0          0          0        112   _scanf.o
       332          0          0          0          0         96   _scanf_int.o
       342          0          0          0          0        100   _scanf_longlong.o
       224          0          0          0          0         96   _scanf_str.o
        64          0          0          0          0         84   _sgetc.o
         8          4          0          4          0         68   cpp_dtor.o
         2          0          0          0          0         68   cpp_final.o
        32         10          0          0          0         80   cpp_init.o
         8          4          0          4          0         68   cpp_memory.o
        32          6          0          8          0        252   cpp_unwinder.o
         8          4        133          0          0         68   ctype_o.o
         0          0          0          0          0          0   entry.o
         0          0          0          0          0          0   entry10a.o
         0          0          0          0          0          0   entry11a.o
         8          4          0          0          0          0   entry2.o
         4          0          0          0          0          0   entry5.o
         0          0          0          0          0          0   entry7b.o
         4          0          0          0          0          0   entry8a.o
         0          0          0          0          0          0   entry8b.o
         8          4          0          0          0          0   entry9a.o
        30          0          0          0          0          0   handlers.o
        36          8          0          0          0         68   init.o
        18          0          0          0          0         76   isspace_o.o
         0          0          0          0          0          0   iusefp.o
        30          0          0          0          0         68   llshl.o
        36          0          0          0          0         68   llsshr.o
        32          0          0          0          0         68   llushr.o
       188         20          0          0          0        160   malloc.o
        36          0          0          0          0         68   memcpya.o
        66          0          0          0          0         76   memmove.o
        64          0          0          0          0         76   memmovea.o
        36          0          0          0          0        108   memseta.o
         0          0          0          8          0          0   mvars.o
      2312        100          0          0          0        676   printfa.o
        40          8          0          0          0         84   scanf_char.o
       838         12          0          0          0        216   scanf_fp.o
        56          8          0          0          0         84   sscanf.o
         0          0          0          4          0          0   stderr.o
         0          0          0          4          0          0   stdout.o
        24          0          0          0          0         68   strcat.o
        28          0          0          0          0         76   strcmp.o
        18          0          0          0          0         68   strcpy.o
        14          0          0          0          0         68   strlen.o
        32          0          0          0          0         68   strrchr.o
        44          0          0          0          0         80   uidiv.o
        98          0          0          0          0         92   uldiv.o
        48          0          0          0          0         68   cdrcmple.o
        56          0          0          0          0         88   d2f.o
       334          0          0          0          0        148   dadd.o
       222          0          0          0          0        100   ddiv.o
       186          0          0          0          0        176   depilogue.o
        48          0          0          0          0         68   dfixul.o
        24          0          0          0          0         76   dfltul.o
       228          0          0          0          0         96   dmul.o
       110          0          0          0          0        168   fepilogue.o

    ----------------------------------------------------------------------
     13208        602       1581        120         40      12104   Library Totals
        32          0          7          1          0          0   (incl. Padding)

    ----------------------------------------------------------------------

      Code (inc. data)   RO Data    RW Data    ZI Data      Debug   Library Name

      5180        376       1421         87         40       5932   cpp_ws.l
       662         30         20          0          0       1608   cpprt_w.l
      6078        196        133         32          0       3576   mc_w.l
      1256          0          0          0          0        988   mf_w.l

    ----------------------------------------------------------------------
     13208        602       1581        120         40      12104   Library Totals

    ----------------------------------------------------------------------

==============================================================================


      Code (inc. data)   RO Data    RW Data    ZI Data      Debug   

     26764       2086       2608       1124       7628     751158   Grand Totals
     26764       2086       2608        292       7628     751158   ELF Image Totals (compressed)
     26764       2086       2608        292          0          0   ROM Totals

==============================================================================

    Total RO  Size (Code + RO Data)                29372 (  28.68kB)
    Total RW  Size (RW Data + ZI Data)              8752 (   8.55kB)
    Total ROM Size (Code + RO Data + RW Data)      29664 (  28.97kB)

==============================================================================

