Component: ARM Compiler 5.05 update 1 (build 106) Tool: armlink [4d0efa]

==============================================================================

Section Cross References

    control_task.o(i.ControlTask) refers to rand.o(.text) for rand
    control_task.o(i.ControlTask) refers to menu2.o(i._ZN4Menu4MoveEh) for Menu::Move(unsigned char)
    control_task.o(i.ControlTask) refers to control_task.o(.data) for k_sta
    control_task.o(i.ControlTask) refers to main.o(.data) for menu_ptr
    control_task.o(.ARM.exidx) refers to control_task.o(i.InitControlTask) for i.InitControlTask
    control_task.o(.ARM.exidx) refers to control_task.o(i.ControlTask) for i.ControlTask
    main.o(i._ZN29_INTERNAL_8_main_cpp_b29f611311KajyouAnimeEh) refers to oled.o(i._ZN4Oled8ClearAllEv) for Oled::ClearAll()
    main.o(i._ZN29_INTERNAL_8_main_cpp_b29f611311KajyouAnimeEh) refers to printfa.o(i.__0printf) for __2printf
    main.o(i._ZN29_INTERNAL_8_main_cpp_b29f611311KajyouAnimeEh) refers to oled.o(i._ZN4Oled10ShowStringEhhPKcc) for Oled::ShowString(unsigned char, unsigned char, const char*, char)
    main.o(i._ZN29_INTERNAL_8_main_cpp_b29f611311KajyouAnimeEh) refers to delay.o(i.delay_ms) for delay_ms
    main.o(i._ZN29_INTERNAL_8_main_cpp_b29f611311KajyouAnimeEh) refers to main.o(.data) for oled_ptr
    main.o(i._ZN29_INTERNAL_8_main_cpp_b29f61134InitEv) refers to misc.o(i.NVIC_PriorityGroupConfig) for NVIC_PriorityGroupConfig
    main.o(i._ZN29_INTERNAL_8_main_cpp_b29f61134InitEv) refers to led.o(i.InitLed) for InitLed
    main.o(i._ZN29_INTERNAL_8_main_cpp_b29f61134InitEv) refers to usart3.o(i.InitUsart3) for InitUsart3
    main.o(i._ZN29_INTERNAL_8_main_cpp_b29f61134InitEv) refers to usart3.o(i.InitUsart3NVIC) for InitUsart3NVIC
    main.o(i._ZN29_INTERNAL_8_main_cpp_b29f61134InitEv) refers to printfa.o(i.__0printf) for __2printf
    main.o(i._ZN29_INTERNAL_8_main_cpp_b29f61139SetLayoutEh) refers to new.o(i._Znwj) for operator new(unsigned)
    main.o(i._ZN29_INTERNAL_8_main_cpp_b29f61139SetLayoutEh) refers to verticallayout.o(i._ZN14VerticalLayoutC1Ehhh) for VerticalLayout::VerticalLayout(unsigned char, unsigned char, unsigned char)
    main.o(i._ZN29_INTERNAL_8_main_cpp_b29f61139SetLayoutEh) refers to oled.o(i._ZN4Oled9SetLayoutEP14VerticalLayoutS1_) for Oled::SetLayout(VerticalLayout*, VerticalLayout*)
    main.o(i._ZN29_INTERNAL_8_main_cpp_b29f61139SetLayoutEh) refers to main.o(.data) for oled_ptr
    main.o(i.main) refers to main.o(i._ZN29_INTERNAL_8_main_cpp_b29f61134InitEv) for [local to main_cpp]::Init()
    main.o(i.main) refers to new.o(i._Znwj) for operator new(unsigned)
    main.o(i.main) refers to oled.o(i._ZN4OledC1Ehh) for Oled::Oled(unsigned char, unsigned char)
    main.o(i.main) refers to menu2.o(i._ZN4MenuC1EP4Oled) for Menu::Menu(Oled*)
    main.o(i.main) refers to main.o(i._ZN29_INTERNAL_8_main_cpp_b29f611313WaitToGetModeEv) for [local to main_cpp]::WaitToGetMode()
    main.o(i.main) refers to main.o(i._ZN29_INTERNAL_8_main_cpp_b29f61139SetLayoutEh) for [local to main_cpp]::SetLayout(unsigned char)
    main.o(i.main) refers to main.o(i._ZN29_INTERNAL_8_main_cpp_b29f611311KajyouAnimeEh) for [local to main_cpp]::KajyouAnime(unsigned char)
    main.o(i.main) refers to oled.o(i._ZN4Oled8ShowCharEhhhh) for Oled::ShowChar(unsigned char, unsigned char, unsigned char, unsigned char)
    main.o(i.main) refers to timer3.o(i.InitTimer3) for InitTimer3
    main.o(i.main) refers to timer3.o(i.InitTimer3NVIC) for InitTimer3NVIC
    main.o(i.main) refers to stm32f4xx_tim.o(i.TIM_Cmd) for TIM_Cmd
    main.o(i.main) refers to oled.o(i._ZN4Oled9Push2LeftEPKch) for Oled::Push2Left(const char*, unsigned char)
    main.o(i.main) refers to menu2.o(i._ZN4Menu12ShowChildrenEv) for Menu::ShowChildren()
    main.o(i.main) refers to oled.o(i._ZN4Oled6UpdateEv) for Oled::Update()
    main.o(i.main) refers to main.o(.data) for oled_ptr
    main.o(i.main) refers to menu2.o(.bss) for control
    main.o(.ARM.exidx) refers to main.o(i._ZN29_INTERNAL_8_main_cpp_b29f611311KajyouAnimeEh) for i._ZN29_INTERNAL_8_main_cpp_b29f611311KajyouAnimeEh
    main.o(.ARM.exidx) refers to main.o(i._ZN29_INTERNAL_8_main_cpp_b29f61139SetLayoutEh) for i._ZN29_INTERNAL_8_main_cpp_b29f61139SetLayoutEh
    main.o(.ARM.exidx) refers to main.o(i._ZN29_INTERNAL_8_main_cpp_b29f611313WaitToGetModeEv) for i._ZN29_INTERNAL_8_main_cpp_b29f611313WaitToGetModeEv
    main.o(.ARM.exidx) refers to main.o(i._ZN29_INTERNAL_8_main_cpp_b29f61134InitEv) for i._ZN29_INTERNAL_8_main_cpp_b29f61134InitEv
    main.o(.ARM.exidx) refers to main.o(i.main) for i.main
    menu2.o(i._ZN29_INTERNAL_9_menu2_cpp_control14GetWeightByPosEdh) refers to cdrcmple.o(.text) for __aeabi_cdrcmple
    menu2.o(i._ZN29_INTERNAL_9_menu2_cpp_control14GetWeightByPosEdh) refers to dfixi.o(.text) for __aeabi_d2iz
[...]
    std::char_traits<char>::move(char*, const char*, unsigned) 0x080047c9   Thumb Code    22  control_task.o(i._ZNSt11char_traitsIcE4moveEPcPKcj)
    std::char_traits<char>::assign(char*, unsigned, char) 0x080047df   Thumb Code    22  menu2.o(i._ZNSt11char_traitsIcE6assignEPcjc)
    std::char_traits<char>::assign(char&, const char&) 0x080047f5   Thumb Code     6  menu2.o(i._ZNSt11char_traitsIcE6assignERcRKc)
    std::char_traits<char>::length(const char*) 0x080047fb   Thumb Code    12  menu2.o(i._ZNSt11char_traitsIcE6lengthEPKc)
    std::ctype_byname<char>::_C_get_mask_table(const char*) 0x08004809   Thumb Code   186  char.o(i._ZNSt12ctype_bynameIcE17_C_get_mask_tableEPKc)
    std::ctype_byname<char>::ctype_byname(const char*, unsigned) 0x080048d5   Thumb Code   280  char.o(i._ZNSt12ctype_bynameIcEC1EPKcj)
    std::ctype_byname<char>::ctype_byname__sub_object(const char*, unsigned) 0x080048d5   Thumb Code     0  char.o(i._ZNSt12ctype_bynameIcEC1EPKcj)
    std::ctype_byname<char>::~ctype_byname__deallocating() 0x080049f5   Thumb Code    14  char.o(i._ZNSt12ctype_bynameIcED0Ev)
    std::ctype_byname<char>::~ctype_byname() 0x08004a03   Thumb Code     8  char.o(i._ZNSt12ctype_bynameIcED1Ev)
    std::ctype_byname<char>::~ctype_byname__sub_object() 0x08004a03   Thumb Code     0  char.o(i._ZNSt12ctype_bynameIcED1Ev)
    std::__rw_exception::_C_vformat(int, std::__va_list) 0x08004a0d   Thumb Code   128  rwstdexcept.o(i._ZNSt14__rw_exception10_C_vformatEiSt9__va_list)
    std::__rw_exception::__rw_exception()    0x08004a91   Thumb Code    16  rwstdexcept.o(i._ZNSt14__rw_exceptionC1Ev)
    std::__rw_exception::__rw_exception__sub_object() 0x08004a91   Thumb Code     0  rwstdexcept.o(i._ZNSt14__rw_exceptionC1Ev)
    std::__rw_exception::~__rw_exception()   0x08004aa5   Thumb Code    22  rwstdexcept.o(i._ZNSt14__rw_exceptionD1Ev)
    std::__rw_exception::~__rw_exception__sub_object() 0x08004aa5   Thumb Code     0  rwstdexcept.o(i._ZNSt14__rw_exceptionD1Ev)
    std::__rw_messages_base::~__rw_messages_base() 0x08004ac1   Thumb Code     8  rwstdexcept.o(i._ZNSt18__rw_messages_baseD1Ev)
    std::__rw_messages_base::~__rw_messages_base__sub_object() 0x08004ac1   Thumb Code     0  rwstdexcept.o(i._ZNSt18__rw_messages_baseD1Ev)
    std::__rw_open_cat_data::__rw_open_cat_data() 0x08004ac9   Thumb Code    26  messages.o(i._ZNSt18__rw_open_cat_dataC1Ev)
    std::__rw_open_cat_data::__rw_open_cat_data__sub_object() 0x08004ac9   Thumb Code     0  messages.o(i._ZNSt18__rw_open_cat_dataC1Ev)
    std::__rw_open_cat_data::~__rw_open_cat_data() 0x08004ae3   Thumb Code    12  messages.o(i._ZNSt18__rw_open_cat_dataD1Ev)
    std::__rw_open_cat_data::~__rw_open_cat_data__sub_object() 0x08004ae3   Thumb Code     0  messages.o(i._ZNSt18__rw_open_cat_dataD1Ev)
    std::__rw_open_cat_data::operator =(const std::__rw_open_cat_data&) 0x08004aef   Thumb Code    18  messages.o(i._ZNSt18__rw_open_cat_dataaSERKS_)
    std::ctype<char>::_C_initfacet(const std::locale&) 0x08004b01   Thumb Code   250  char.o(i._ZNSt5ctypeIcE12_C_initfacetERKSt6locale)
    std::ctype<char>::ctype(const std::ctype_base::mask*, bool, unsigned) 0x08004bfd   Thumb Code   270  char.o(i._ZNSt5ctypeIcEC1EPKNSt10ctype_base4maskEbj)
    std::ctype<char>::ctype__sub_object(const std::ctype_base::mask*, bool, unsigned) 0x08004bfd   Thumb Code     0  char.o(i._ZNSt5ctypeIcEC1EPKNSt10ctype_base4maskEbj)
    std::ctype<char>::~ctype__deallocating() 0x08004d15   Thumb Code    14  char.o(i._ZNSt5ctypeIcED0Ev)
    std::ctype<char>::~ctype()               0x08004d25   Thumb Code    38  char.o(i._ZNSt5ctypeIcED1Ev)
    std::ctype<char>::~ctype__sub_object()   0x08004d25   Thumb Code     0  char.o(i._ZNSt5ctypeIcED1Ev)
    std::locale::facet::~facet__deallocating() 0x08004d51   Thumb Code    14  rwstdexcept.o(i._ZNSt6locale5facetD0Ev)
    std::locale::_C_init()                   0x08004d61   Thumb Code   120  locale.o(i._ZNSt6locale7_C_initEv)
    std::locale::classic()                   0x08004de5   Thumb Code    56  locale.o(i._ZNSt6locale7classicEv)
    std::locale::locale(__rw::__rw_locale_imp*) 0x08004e29   Thumb Code    28  locale.o(i._ZNSt6localeC1EPN4__rw15__rw_locale_impE)
    std::locale::locale__sub_object(__rw::__rw_locale_imp*) 0x08004e29   Thumb Code     0  locale.o(i._ZNSt6localeC1EPN4__rw15__rw_locale_impE)
    std::locale::locale(const std::locale&)  0x08004e49   Thumb Code    12  messages.o(i._ZNSt6localeC1ERKS_)
    std::locale::locale__sub_object(const std::locale&) 0x08004e49   Thumb Code     0  messages.o(i._ZNSt6localeC1ERKS_)
    std::locale::locale()                    0x08004e55   Thumb Code    28  rwstdexcept.o(i._ZNSt6localeC1Ev)
    std::locale::locale__sub_object()        0x08004e55   Thumb Code     0  rwstdexcept.o(i._ZNSt6localeC1Ev)
    std::locale::~locale()                   0x08004e75   Thumb Code    32  locale.o(i._ZNSt6localeD1Ev)
    std::locale::~locale__sub_object()       0x08004e75   Thumb Code     0  locale.o(i._ZNSt6localeD1Ev)
    std::locale::operator =(const std::locale&) 0x08004e95   Thumb Code    50  locale.o(i._ZNSt6localeaSERKS_)
    std::messages<char>::~messages__deallocating() 0x08004ec7   Thumb Code    14  rwstdexcept.o(i._ZNSt8messagesIcED0Ev)
    std::messages<char>::~messages()         0x08004ed5   Thumb Code    16  rwstdexcept.o(i._ZNSt8messagesIcED1Ev)
    std::messages<char>::~messages__sub_object() 0x08004ed5   Thumb Code     0  rwstdexcept.o(i._ZNSt8messagesIcED1Ev)
    std::exception::exception()              0x08004ee5   Thumb Code     6  exception_ctor.o(i._ZNSt9exceptionC1Ev)
    std::exception::exception__sub_object()  0x08004ee5   Thumb Code     0  exception_ctor.o(i._ZNSt9exceptionC1Ev)
    std::__rw_get_cats()                     0x08004ef1   Thumb Code    44  messages.o(i._ZSt13__rw_get_catsv)
    std::pow(double, int)                    0x08004f2d   Thumb Code    52  menu2.o(i._ZSt3powdi)
    operator delete[] (void*)                0x08004f61   Thumb Code     8  array_del.o(i._ZdaPv)
    operator delete (void*)                  0x08004f69   Thumb Code     8  delete.o(i._ZdlPv)
    operator new[] (unsigned)                0x08004f71   Thumb Code     8  array_new.o(i._Znaj)
    operator new(unsigned)                   0x08004f79   Thumb Code    34  new.o(i._Znwj)
    __0fprintf                               0x08004fa1   Thumb Code    22  printfa.o(i.__0fprintf)
    __1fprintf                               0x08004fa1   Thumb Code     0  printfa.o(i.__0fprintf)
    __2fprintf                               0x08004fa1   Thumb Code     0  printfa.o(i.__0fprintf)
    __c89fprintf                             0x08004fa1   Thumb Code     0  printfa.o(i.__0fprintf)
    fprintf                                  0x08004fa1   Thumb Code     0  printfa.o(i.__0fprintf)
    __0printf                                0x08004fbd   Thumb Code    22  printfa.o(i.__0printf)
    __1printf                                0x08004fbd   Thumb Code     0  printfa.o(i.__0printf)
    __2printf                                0x08004fbd   Thumb Code     0  printfa.o(i.__0printf)
    __c89printf                              0x08004fbd   Thumb Code     0  printfa.o(i.__0printf)
    printf                                   0x08004fbd   Thumb Code     0  printfa.o(i.__0printf)
    __0sprintf                               0x08004fdd   Thumb Code    34  printfa.o(i.__0sprintf)
    __1sprintf                               0x08004fdd   Thumb Code     0  printfa.o(i.__0sprintf)
    __2sprintf                               0x08004fdd   Thumb Code     0  printfa.o(i.__0sprintf)
    __c89sprintf                             0x08004fdd   Thumb Code     0  printfa.o(i.__0sprintf)
    sprintf                                  0x08004fdd   Thumb Code     0  printfa.o(i.__0sprintf)
    __0vsnprintf                             0x08005005   Thumb Code    32  printfa.o(i.__0vsnprintf)
    __1vsnprintf                             0x08005005   Thumb Code     0  printfa.o(i.__0vsnprintf)
    __2vsnprintf                             0x08005005   Thumb Code     0  printfa.o(i.__0vsnprintf)
    __c89vsnprintf                           0x08005005   Thumb Code     0  printfa.o(i.__0vsnprintf)
    vsnprintf                                0x08005005   Thumb Code     0  printfa.o(i.__0vsnprintf)
    __ARM_array_new_general                  0x08005029   Thumb Code   146  array_new_general.o(i.__ARM_array_new_general)
    __ARM_fpclassify                         0x080050bb   Thumb Code    48  fpclassify.o(i.__ARM_fpclassify)
    __aeabi_atexit                           0x080050eb   Thumb Code    50  aeabi_atexit.o(i.__aeabi_atexit)
    __aeabi_vec_dtor_cookie                  0x0800511d   Thumb Code    16  aeabi_vec_dtor_cookie.o(i.__aeabi_vec_dtor_cookie)
    __aeabi_vec_new_cookie                   0x0800512d   Thumb Code    20  aeabi_vec_new_cookie.o(i.__aeabi_vec_new_cookie)
    __cxa_finalize                           0x08005141   Thumb Code    66  cxa_finalize.o(i.__cxa_finalize)
    __cxa_guard_acquire                      0x08005183   Thumb Code    16  cxa_guard_acquire.o(i.__cxa_guard_acquire)
    __cxa_vec_new                            0x08005195   Thumb Code    18  cxa_vec_new.o(i.__cxa_vec_new)
    __hardfp_pow                             0x080051b1   Thumb Code  3044  pow.o(i.__hardfp_pow)
    __kernel_poly                            0x08005de9   Thumb Code   248  poly.o(i.__kernel_poly)
    __mathlib_dbl_divzero                    0x08005ee1   Thumb Code    28  dunder.o(i.__mathlib_dbl_divzero)
    __mathlib_dbl_infnan2                    0x08005f11   Thumb Code    20  dunder.o(i.__mathlib_dbl_infnan2)
    __mathlib_dbl_invalid                    0x08005f29   Thumb Code    24  dunder.o(i.__mathlib_dbl_invalid)
    __mathlib_dbl_overflow                   0x08005f49   Thumb Code    24  dunder.o(i.__mathlib_dbl_overflow)
    __mathlib_dbl_underflow                  0x08005f69   Thumb Code    24  dunder.o(i.__mathlib_dbl_underflow)
    __scatterload_copy                       0x08005f89   Thumb Code    14  handlers.o(i.__scatterload_copy)
    __scatterload_null                       0x08005f97   Thumb Code     2  handlers.o(i.__scatterload_null)
    __scatterload_zeroinit                   0x08005f99   Thumb Code    14  handlers.o(i.__scatterload_zeroinit)
    __set_errno                              0x08005fa9   Thumb Code     6  errno.o(i.__set_errno)
    _is_digit                                0x080063c5   Thumb Code    14  scanf_fp.o(i._is_digit)
    delay_ms                                 0x08006b23   Thumb Code    28  delay.o(i.delay_ms)
    fabs                                     0x08006b3f   Thumb Code    24  fabs.o(i.fabs)
    fputc                                    0x08006b59   Thumb Code    24  usart3.o(i.fputc)
    free                                     0x08006b75   Thumb Code    76  malloc.o(i.free)
    main                                     0x08006bc5   Thumb Code   234  main.o(i.main)
    malloc                                   0x08006cd5   Thumb Code    92  malloc.o(i.malloc)
    sqrt                                     0x08006d41   Thumb Code   110  sqrt.o(i.sqrt)
    __rw::__string_ref<char, std::char_traits<char>, std::allocator<char>>::_C_inc_ref() 0x08006db1   Thumb Code    14  control_task.o(t._ZN4__rw12__string_refIcSt11char_traitsIcESaIcEE10_C_inc_refEv)
    __rw::__string_ref<char, std::char_traits<char>, std::allocator<char>>::data() 0x08006dc5   Thumb Code     8  control_task.o(t._ZN4__rw12__string_refIcSt11char_traitsIcESaIcEE4dataEv)
    __rw::__rw_facet_maker<std::ctype<char>>::_C_maker_func(int, const char*, unsigned) 0x08006dcd   Thumb Code    70  rwstdexcept.o(t._ZN4__rw16__rw_facet_makerISt5ctypeIcEE13_C_maker_funcEiPKcj)
    unsigned __rw::__rw_new_capacity<char, std::char_traits<char>, std::allocator<char>>(unsigned, const std::basic_string<T1, T2, T3>*) 0x08006e13   Thumb Code    30  menu2.o(t._ZN4__rw17__rw_new_capacityIcSt11char_traitsIcESaIcEEEjjPKSbIT_T0_T1_E)
    __rw::__rw_locale_vector<__rw::__rw_facet_base*>::resize(unsigned, __rw::__rw_facet_base*const &) 0x08006e31   Thumb Code    86  locale.o(t._ZN4__rw18__rw_locale_vectorIPNS_15__rw_facet_baseEE6resizeEjRKS2_)
    __rw::__rw_locale_vector<__rw::__rw_facet_base*>::~__rw_locale_vector() 0x08006e87   Thumb Code    14  locale.o(t._ZN4__rw18__rw_locale_vectorIPNS_15__rw_facet_baseEED1Ev)
    __rw::__rw_locale_vector<__rw::__rw_facet_base*>::~__rw_locale_vector__sub_object() 0x08006e87   Thumb Code     0  locale.o(t._ZN4__rw18__rw_locale_vectorIPNS_15__rw_facet_baseEED1Ev)
    __rw::__rw_locale_vector<__rw::__rw_cat*>::~__rw_locale_vector() 0x08006e95   Thumb Code    14  rwcats.o(t._ZN4__rw18__rw_locale_vectorIPNS_8__rw_catEED1Ev)
    __rw::__rw_locale_vector<__rw::__rw_cat*>::~__rw_locale_vector__sub_object() 0x08006e95   Thumb Code     0  rwcats.o(t._ZN4__rw18__rw_locale_vectorIPNS_8__rw_catEED1Ev)
    __rw::__rw_locale_vector<std::basic_string<char, std::char_traits<char>, std::allocator<char>>>::~__rw_locale_vector() 0x08006ea5   Thumb Code    16  locale.o(t._ZN4__rw18__rw_locale_vectorISsED1Ev)
    __rw::__rw_locale_vector<std::basic_string<char, std::char_traits<char>, std::allocator<char>>>::~__rw_locale_vector__sub_object() 0x08006ea5   Thumb Code     0  locale.o(t._ZN4__rw18__rw_locale_vectorISsED1Ev)
    __rw::__rw_locale_vector<std::__rw_open_cat_data>::resize(unsigned) 0x08006eb9   Thumb Code   122  messages.o(t._ZN4__rw18__rw_locale_vectorISt18__rw_open_cat_dataE6resizeEj)
    __rw::__rw_locale_vector<std::__rw_open_cat_data>::~__rw_locale_vector() 0x08006f41   Thumb Code    16  messages.o(t._ZN4__rw18__rw_locale_vectorISt18__rw_open_cat_dataED1Ev)
    __rw::__rw_locale_vector<std::__rw_open_cat_data>::~__rw_locale_vector__sub_object() 0x08006f41   Thumb Code     0  messages.o(t._ZN4__rw18__rw_locale_vectorISt18__rw_open_cat_dataED1Ev)
    __rw::__string_ref<char, std::char_traits<char>, std::allocator<char>>::_C_ref_count() const 0x08006f55   Thumb Code     8  control_task.o(t._ZNK4__rw12__string_refIcSt11char_traitsIcESaIcEE12_C_ref_countEv)
    std::basic_string<char, std::char_traits<char>, std::allocator<char>>::data() const 0x08006f5d   Thumb Code     6  control_task.o(t._ZNKSs4dataEv)
    std::basic_string<char, std::char_traits<char>, std::allocator<char>>::size() const 0x08006f63   Thumb Code    14  control_task.o(t._ZNKSs4sizeEv)
    std::basic_string<char, std::char_traits<char>, std::allocator<char>>::c_str() const 0x08006f71   Thumb Code     6  menu2.o(t._ZNKSs5c_strEv)
    std::basic_string<char, std::char_traits<char>, std::allocator<char>>::_C_pref() const 0x08006f77   Thumb Code     8  control_task.o(t._ZNKSs7_C_prefEv)
    std::basic_string<char, std::char_traits<char>, std::allocator<char>>::capacity() const 0x08006f7f   Thumb Code    16  control_task.o(t._ZNKSs8capacityEv)
    std::__rw_deque_iter<_OledBufString_t*, int, _OledBufString_t**, _OledBufString_t*&, std::allocator<_OledBufString_t*>>::operator *() const 0x08006f8f   Thumb Code     6  verticallayout.o(t._ZNKSt15__rw_deque_iterIP16_OledBufString_tiPS1_RS1_SaIS1_EEdeEv)
    std::deque<_OledBufString_t*, std::allocator<_OledBufString_t*>>::size() const 0x08006f95   Thumb Code     6  verticallayout.o(t._ZNKSt5dequeIP16_OledBufString_tSaIS1_EE4sizeEv)
    std::deque<_OledBufString_t*, std::allocator<_OledBufString_t*>>::empty() const 0x08006f9b   Thumb Code    20  verticallayout.o(t._ZNKSt5dequeIP16_OledBufString_tSaIS1_EE5emptyEv)
    std::messages<char>::do_get(int, int, int, const std::basic_string<char, std::char_traits<char>, std::allocator<char>>&) const 0x08006fb1   Thumb Code   136  rwstdexcept.o(t._ZNKSt8messagesIcE6do_getEiiiRKSs)
    std::messages<char>::do_open(const std::basic_string<char, std::char_traits<char>, std::allocator<char>>&, const std::locale&) const 0x08007041   Thumb Code     6  rwstdexcept.o(t._ZNKSt8messagesIcE7do_openERKSsRKSt6locale)
    std::allocator<_OledBufString_t*>::deallocate(_OledBufString_t**, unsigned) 0x08007047   Thumb Code    20  verticallayout.o(t._ZNSaIP16_OledBufString_tE10deallocateEPS0_j)
    std::allocator<_OledBufString_t*>::allocate(unsigned, const void*) 0x0800705b   Thumb Code    18  verticallayout.o(t._ZNSaIP16_OledBufString_tE8allocateEjPKv)
    std::allocator<_OledBufString_t*>::construct(_OledBufString_t**, _OledBufString_t*const &) 0x0800706d   Thumb Code    22  verticallayout.o(t._ZNSaIP16_OledBufString_tE9constructEPS0_RKS0_)
    std::allocator<_OledBufString_t**>::deallocate(_OledBufString_t***, unsigned) 0x08007083   Thumb Code    20  verticallayout.o(t._ZNSaIPP16_OledBufString_tE10deallocateEPS1_j)
    std::allocator<_OledBufString_t**>::allocate(unsigned, const void*) 0x08007097   Thumb Code    18  verticallayout.o(t._ZNSaIPP16_OledBufString_tE8allocateEjPKv)
    std::basic_string<char, std::char_traits<char>, std::allocator<char>>::_C_allocate(unsigned, unsigned, unsigned) 0x080070a9   Thumb Code    50  locale.o(t._ZNSs11_C_allocateEjjj)
    std::basic_string<char, std::char_traits<char>, std::allocator<char>>::begin() 0x080070dd   Thumb Code    84  char.o(t._ZNSs5beginEv)
    std::basic_string<char, std::char_traits<char>, std::allocator<char>>::append(const std::basic_string<char, std::char_traits<char>, std::allocator<char>>&) 0x08007135   Thumb Code   124  menu2.o(t._ZNSs6appendERKSs)
    std::basic_string<char, std::char_traits<char>, std::allocator<char>>::append(const std::basic_string<char, std::char_traits<char>, std::allocator<char>>&, unsigned, unsigned) 0x080071b1   Thumb Code   170  menu2.o(t._ZNSs6appendERKSsjj)
    std::basic_string<char, std::char_traits<char>, std::allocator<char>>::_C_null() 0x08007261   Thumb Code    10  control_task.o(t._ZNSs7_C_nullEv)
    std::basic_string<char, std::char_traits<char>, std::allocator<char>>::replace(unsigned, unsigned, const char*, unsigned) 0x08007271   Thumb Code    24  locale.o(t._ZNSs7replaceEjjPKcj)
    std::basic_string<char, std::char_traits<char>, std::allocator<char>>::replace(unsigned, unsigned, const char*, unsigned, unsigned, unsigned) 0x08007289   Thumb Code   352  char.o(t._ZNSs7replaceEjjPKcjjj)
    std::basic_string<char, std::char_traits<char>, std::allocator<char>>::replace(unsigned, unsigned, unsigned, char) 0x080073f1   Thumb Code   406  menu2.o(t._ZNSs7replaceEjjjc)
    std::basic_string<char, std::char_traits<char>, std::allocator<char>>::_C_getRep(unsigned, unsigned) 0x0800758d   Thumb Code   108  char.o(t._ZNSs9_C_getRepEjj)
    std::basic_string<char, std::char_traits<char>, std::allocator<char>>::_C_unlink() 0x08007601   Thumb Code    66  char.o(t._ZNSs9_C_unlinkEv)
    std::basic_string<char, std::char_traits<char>, std::allocator<char>>::basic_string(const char*, const std::allocator<char>&) 0x08007649   Thumb Code    52  locale.o(t._ZNSsC1EPKcRKSaIcE)
    std::basic_string<char, std::char_traits<char>, std::allocator<char>>::basic_string__sub_object(const char*, const std::allocator<char>&) 0x08007649   Thumb Code     0  locale.o(t._ZNSsC1EPKcRKSaIcE)
    std::basic_string<char, std::char_traits<char>, std::allocator<char>>::basic_string(const char*, const char*, const std::allocator<char>&) 0x08007681   Thumb Code    58  menu2.o(t._ZNSsC1EPKcS0_RKSaIcE)
    std::basic_string<char, std::char_traits<char>, std::allocator<char>>::basic_string__sub_object(const char*, const char*, const std::allocator<char>&) 0x08007681   Thumb Code     0  menu2.o(t._ZNSsC1EPKcS0_RKSaIcE)
    std::basic_string<char, std::char_traits<char>, std::allocator<char>>::basic_string(const std::allocator<char>&) 0x080076bd   Thumb Code    12  locale.o(t._ZNSsC1ERKSaIcE)
    std::basic_string<char, std::char_traits<char>, std::allocator<char>>::basic_string__sub_object(const std::allocator<char>&) 0x080076bd   Thumb Code     0  locale.o(t._ZNSsC1ERKSaIcE)
    std::basic_string<char, std::char_traits<char>, std::allocator<char>>::basic_string(const std::basic_string<char, std::char_traits<char>, std::allocator<char>>&) 0x080076cd   Thumb Code    62  char.o(t._ZNSsC1ERKSs)
    std::basic_string<char, std::char_traits<char>, std::allocator<char>>::basic_string__sub_object(const std::basic_string<char, std::char_traits<char>, std::allocator<char>>&) 0x080076cd   Thumb Code     0  char.o(t._ZNSsC1ERKSs)
    std::basic_string<char, std::char_traits<char>, std::allocator<char>>::~basic_string() 0x0800770b   Thumb Code    12  char.o(t._ZNSsD1Ev)
    std::basic_string<char, std::char_traits<char>, std::allocator<char>>::~basic_string__sub_object() 0x0800770b   Thumb Code     0  char.o(t._ZNSsD1Ev)
    std::basic_string<char, std::char_traits<char>, std::allocator<char>>::operator =(const char*) 0x08007719   Thumb Code    70  locale.o(t._ZNSsaSEPKc)
    std::basic_string<char, std::char_traits<char>, std::allocator<char>>::operator =(const std::basic_string<char, std::char_traits<char>, std::allocator<char>>&) 0x08007765   Thumb Code    62  locale.o(t._ZNSsaSERKSs)
    std::basic_string<char, std::char_traits<char>, std::allocator<char>>::operator +=(const std::basic_string<char, std::char_traits<char>, std::allocator<char>>&) 0x080077a3   Thumb Code    16  menu2.o(t._ZNSspLERKSs)
    std::__rw_deque_iter<_OledBufString_t*, int, _OledBufString_t**, _OledBufString_t*&, std::allocator<_OledBufString_t*>>::_C_bufsize() 0x080077b3   Thumb Code    30  verticallayout.o(t._ZNSt15__rw_deque_iterIP16_OledBufString_tiPS1_RS1_SaIS1_EE10_C_bufsizeEv)
    std::__rw_deque_iter<_OledBufString_t*, int, _OledBufString_t**, _OledBufString_t*&, std::allocator<_OledBufString_t*>>::__rw_deque_iter(const std::__rw_deque_iter<_OledBufString_t*, int, _OledBufString_t**, _OledBufString_t*&, std::allocator<_OledBufString_t*>>&) 0x080077d1   Thumb Code    18  verticallayout.o(t._ZNSt15__rw_deque_iterIP16_OledBufString_tiPS1_RS1_SaIS1_EEC1ERKS5_)
    std::__rw_deque_iter<_OledBufString_t*, int, _OledBufString_t**, _OledBufString_t*&, std::allocator<_OledBufString_t*>>::__rw_deque_iter__sub_object(const std::__rw_deque_iter<_OledBufString_t*, int, _OledBufString_t**, _OledBufString_t*&, std::allocator<_OledBufString_t*>>&) 0x080077d1   Thumb Code     0  verticallayout.o(t._ZNSt15__rw_deque_iterIP16_OledBufString_tiPS1_RS1_SaIS1_EEC1ERKS5_)
    std::__rw_deque_iter<_OledBufString_t*, int, _OledBufString_t**, _OledBufString_t*&, std::allocator<_OledBufString_t*>>::__rw_deque_iter(_OledBufString_t**, _OledBufString_t***) 0x080077e3   Thumb Code    44  verticallayout.o(t._ZNSt15__rw_deque_iterIP16_OledBufString_tiPS1_RS1_SaIS1_EEC1ES2_PS2_)
    std::__rw_deque_iter<_OledBufString_t*, int, _OledBufString_t**, _OledBufString_t*&, std::allocator<_OledBufString_t*>>::__rw_deque_iter__sub_object(_OledBufString_t**, _OledBufString_t***) 0x080077e3   Thumb Code     0  verticallayout.o(t._ZNSt15__rw_deque_iterIP16_OledBufString_tiPS1_RS1_SaIS1_EEC1ES2_PS2_)
    std::__rw_deque_iter<_OledBufString_t*, int, _OledBufString_t**, _OledBufString_t*&, std::allocator<_OledBufString_t*>>::operator --() 0x0800780f   Thumb Code    44  verticallayout.o(t._ZNSt15__rw_deque_iterIP16_OledBufString_tiPS1_RS1_SaIS1_EEmmEv)
    std::__rw_deque_iter<_OledBufString_t*, int, _OledBufString_t**, _OledBufString_t*&, std::allocator<_OledBufString_t*>>::operator +=(int) 0x0800783b   Thumb Code   116  verticallayout.o(t._ZNSt15__rw_deque_iterIP16_OledBufString_tiPS1_RS1_SaIS1_EEpLEi)
    std::__rw_deque_iter<_OledBufString_t*, int, _OledBufString_t**, _OledBufString_t*&, std::allocator<_OledBufString_t*>>::operator ++() 0x080078af   Thumb Code    42  verticallayout.o(t._ZNSt15__rw_deque_iterIP16_OledBufString_tiPS1_RS1_SaIS1_EEppEv)
    std::deque<_OledBufString_t*, std::allocator<_OledBufString_t*>>::_C_bufsize() 0x080078d9   Thumb Code     8  verticallayout.o(t._ZNSt5dequeIP16_OledBufString_tSaIS1_EE10_C_bufsizeEv)
    std::deque<_OledBufString_t*, std::allocator<_OledBufString_t*>>::_C_make_iter(const std::__rw_deque_iter<_OledBufString_t*, int, _OledBufString_t**, _OledBufString_t*&, std::allocator<_OledBufString_t*>>&) 0x080078e1   Thumb Code    20  verticallayout.o(t._ZNSt5dequeIP16_OledBufString_tSaIS1_EE12_C_make_iterERKSt15__rw_deque_iterIS1_iPS1_RS1_S2_E)
    std::deque<_OledBufString_t*, std::allocator<_OledBufString_t*>>::_C_free_at_end() 0x080078f5   Thumb Code   132  verticallayout.o(t._ZNSt5dequeIP16_OledBufString_tSaIS1_EE14_C_free_at_endEv)
    std::deque<_OledBufString_t*, std::allocator<_OledBufString_t*>>::_C_alloc_at_end() 0x08007979   Thumb Code   324  verticallayout.o(t._ZNSt5dequeIP16_OledBufString_tSaIS1_EE15_C_alloc_at_endEv)
    std::deque<_OledBufString_t*, std::allocator<_OledBufString_t*>>::_C_free_at_begin() 0x08007abd   Thumb Code   118  verticallayout.o(t._ZNSt5dequeIP16_OledBufString_tSaIS1_EE16_C_free_at_beginEv)
    std::deque<_OledBufString_t*, std::allocator<_OledBufString_t*>>::_C_alloc_at_begin() 0x08007b33   Thumb Code   336  verticallayout.o(t._ZNSt5dequeIP16_OledBufString_tSaIS1_EE17_C_alloc_at_beginEv)
    std::deque<_OledBufString_t*, std::allocator<_OledBufString_t*>>::at(unsigned) 0x08007c85   Thumb Code    98  verticallayout.o(t._ZNSt5dequeIP16_OledBufString_tSaIS1_EE2atEj)
    std::deque<_OledBufString_t*, std::allocator<_OledBufString_t*>>::end() 0x08007ced   Thumb Code    20  verticallayout.o(t._ZNSt5dequeIP16_OledBufString_tSaIS1_EE3endEv)
    std::deque<_OledBufString_t*, std::allocator<_OledBufString_t*>>::begin() 0x08007d01   Thumb Code    18  verticallayout.o(t._ZNSt5dequeIP16_OledBufString_tSaIS1_EE5beginEv)
    std::deque<_OledBufString_t*, std::allocator<_OledBufString_t*>>::erase(std::__rw_deque_iter<_OledBufString_t*, int, _OledBufString_t**, _OledBufString_t*&, std::allocator<_OledBufString_t*>>, std::__rw_deque_iter<_OledBufString_t*, int, _OledBufString_t**, _OledBufString_t*&, std::allocator<_OledBufString_t*>>) 0x08007d13   Thumb Code   314  verticallayout.o(t._ZNSt5dequeIP16_OledBufString_tSaIS1_EE5eraseESt15__rw_deque_iterIS1_iPS1_RS1_S2_ES7_)
    std::deque<_OledBufString_t*, std::allocator<_OledBufString_t*>>::pop_back() 0x08007e4d   Thumb Code    48  verticallayout.o(t._ZNSt5dequeIP16_OledBufString_tSaIS1_EE8pop_backEv)
    std::deque<_OledBufString_t*, std::allocator<_OledBufString_t*>>::pop_front() 0x08007e7d   Thumb Code    56  verticallayout.o(t._ZNSt5dequeIP16_OledBufString_tSaIS1_EE9pop_frontEv)
    std::deque<_OledBufString_t*, std::allocator<_OledBufString_t*>>::deque(const std::allocator<_OledBufString_t*>&) 0x08007eb5   Thumb Code    92  verticallayout.o(t._ZNSt5dequeIP16_OledBufString_tSaIS1_EEC1ERKS2_)
    std::deque<_OledBufString_t*, std::allocator<_OledBufString_t*>>::deque__sub_object(const std::allocator<_OledBufString_t*>&) 0x08007eb5   Thumb Code     0  verticallayout.o(t._ZNSt5dequeIP16_OledBufString_tSaIS1_EEC1ERKS2_)
    const T1& std::max<unsigned>(const T1&, const T1&) 0x08007f11   Thumb Code    12  char.o(t._ZSt3maxIjERKT_S2_S2_)
    T2 std::copy<_OledBufString_t***, _OledBufString_t***>(T1, T1, T2) 0x08007f1d   Thumb Code    20  verticallayout.o(t._ZSt4copyIPPP16_OledBufString_tS3_ET0_T_S5_S4_)
    T2 std::operator -<_OledBufString_t*, int, _OledBufString_t**, _OledBufString_t*&, _OledBufString_t**, _OledBufString_t*&, std::allocator<_OledBufString_t*>>(const std::__rw_deque_iter<T1, T2, T3, T4, T7>&, const std::__rw_deque_iter<T1, T2, T5, T6, T7>&) 0x08007f31   Thumb Code    64  verticallayout.o(t._ZStmiIP16_OledBufString_tiPS1_RS1_S2_S3_SaIS1_EET0_RKSt15__rw_deque_iterIT_S5_T1_T2_T5_ERKS6_IS7_S5_T3_T4_SA_E)
    bool std::operator !=<_OledBufString_t*, int, _OledBufString_t**, _OledBufString_t*&, _OledBufString_t**, _OledBufString_t*&, std::allocator<_OledBufString_t*>>(const std::__rw_deque_iter<T1, T2, T3, T4, T7>&, const std::__rw_deque_iter<T1, T2, T5, T6, T7>&) 0x08007f71   Thumb Code    60  verticallayout.o(t._ZStneIP16_OledBufString_tiPS1_RS1_S2_S3_SaIS1_EEbRKSt15__rw_deque_iterIT_T0_T1_T2_T5_ERKS5_IS6_S7_T3_T4_SA_E)
    std::basic_string<T1, T2, T3> std::operator +<char, std::char_traits<char>, std::allocator<char>>(const T1*, const std::basic_string<T1, T2, T3>&) 0x08007fad   Thumb Code    58  menu2.o(t._ZStplIcSt11char_traitsIcESaIcEESbIT_T0_T1_EPKS3_RKS6_)
    std::basic_string<T1, T2, T3> std::operator +<char, std::char_traits<char>, std::allocator<char>>(const std::basic_string<T1, T2, T3>&, const T1*) 0x08007fe7   Thumb Code   118  menu2.o(t._ZStplIcSt11char_traitsIcESaIcEESbIT_T0_T1_ERKS6_PKS3_)
    std::ctype<char>::_C_classic_table       0x08008370   Data         512  char.o(.constdata)
    __mathlib_zero                           0x08008570   Data           8  qnan.o(.constdata)
    __ctype_table                            0x08008578   Data         129  ctype_o.o(.constdata)
    vtable for std::locale::facet            0x08008600   Data          20  rwstdexcept.o(.constdata__ZTVNSt6locale5facetE)
    vtable for std::ctype_byname<char>       0x08008614   Data          52  char.o(.constdata__ZTVSt12ctype_bynameIcE)
    vtable for std::__rw_exception           0x08008648   Data          20  rwstdexcept.o(.constdata__ZTVSt14__rw_exception)
    vtable for std::ctype<char>              0x0800865c   Data          52  char.o(.constdata__ZTVSt5ctypeIcE)
    vtable for std::messages<char>           0x08008690   Data          32  rwstdexcept.o(.constdata__ZTVSt8messagesIcE)
    vtable for std::exception                0x080086b0   Data          20  exception_dtor.o(.constdata__ZTVSt9exception)
    _MenuNodeValue_t::GetStringFormat()::string 0x080086c4   Data           3  menu2.o(.constdata__ZZN16_MenuNodeValue_t15GetStringFormatEvEs)
    _MenuNodeValue_t::GetStringFormat()::string (instance 2) 0x080086c7   Data           5  menu2.o(.constdata__ZZN16_MenuNodeValue_t15GetStringFormatEvEs_0)
    __rw::__rw_locale_imp::_C_category_name(int) const::string 0x080086cc   Data           1  locale.o(.constdata__ZZNK4__rw15__rw_locale_imp16_C_category_nameEiEs)
    std::basic_string<char, std::char_traits<char>, std::allocator<char>>::at(unsigned)::string 0x080086cd   Data           1  menu2.o(.constdata__ZZNSs2atEjEs)
    std::basic_string<char, std::char_traits<char>, std::allocator<char>>::append(const std::basic_string<char, std::char_traits<char>, std::allocator<char>>&, unsigned, unsigned)::string 0x080086ce   Data           1  menu2.o(.constdata__ZZNSs6appendERKSsjjEs)
    std::basic_string<char, std::char_traits<char>, std::allocator<char>>::replace(unsigned, unsigned, const char*, unsigned, unsigned, unsigned)::string 0x080086cf   Data           1  control_task.o(.constdata__ZZNSs7replaceEjjPKcjjjEs)
    std::basic_string<char, std::char_traits<char>, std::allocator<char>>::replace(unsigned, unsigned, unsigned, char)::string 0x080086d0   Data           1  menu2.o(.constdata__ZZNSs7replaceEjjjcEs)
    std::basic_string<char, std::char_traits<char>, std::allocator<char>>::_C_getRep(unsigned, unsigned)::string 0x080086d1   Data           1  control_task.o(.constdata__ZZNSs9_C_getRepEjjEs)
    std::deque<_OledBufString_t*, std::allocator<_OledBufString_t*>>::at(unsigned)::string 0x080086d2   Data           1  verticallayout.o(.constdata__ZZNSt5dequeIP16_OledBufString_tSaIS1_EE2atEjEs)
    std::messages<char>::messages(unsigned)::string 0x080086d3   Data           2  rwstdexcept.o(.constdata__ZZNSt8messagesIcEC1EjEs)
    Region$$Table$$Base                      0x0800894c   Number         0  anon$$obj.o(Region$$Table)
    Region$$Table$$Limit                     0x0800896c   Number         0  anon$$obj.o(Region$$Table)
    SHT$$INIT_ARRAY$$Base                    0x0800896c   Number         0  menu2.o(.init_array)
    SHT$$INIT_ARRAY$$Limit                   0x0800897c   Number         0  rwcats.o(.init_array)
    k_sta                                    0x20000000   Data           5  control_task.o(.data)
    old_k_sta                                0x20000005   Data           5  control_task.o(.data)
    komono_mode                              0x2000000c   Data           1  main.o(.data)
    oled_ptr                                 0x20000010   Data           4  main.o(.data)
    menu_ptr                                 0x20000014   Data           4  main.o(.data)
    gImage_hll_icon_data                     0x20000028   Data         378  oled.o(.data)
    std::ctype<char>::id                     0x200001c0   Data           4  char.o(.data)
    std::ctype<wchar_t>::id                  0x200001c4   Data           4  char.o(.data)
    std::locale::_C_classic                  0x200001d0   Data           4  locale.o(.data)
    std::locale::_C_native                   0x200001d4   Data           4  locale.o(.data)
    std::locale::_C_global                   0x200001d8   Data           4  locale.o(.data)
    std::codecvt<char, char, std::__mbstate_t>::id 0x200001dc   Data           4  locale.o(.data)
    std::codecvt<wchar_t, char, std::__mbstate_t>::id 0x200001e0   Data           4  locale.o(.data)
    __rw_throw_proc                          0x200001e4   Data           4  rwthrowproc_noex.o(.data)
    __stdout                                 0x200001e8   Data           4  stdout.o(.data)
    __stderr                                 0x200001ec   Data           4  stderr.o(.data)
    __microlib_freelist                      0x20000208   Data           4  mvars.o(.data)
    __microlib_freelist_initialised          0x2000020c   Data           4  mvars.o(.data)
    std::locale::id::_C_init() const::_C_id_gen 0x20000214   Data           4  locale.o(.data__ZZNKSt6locale2id7_C_initEvE9_C_id_gen)
    guard variable for std::__rw_get_cats()::__open_cats 0x20000218   Data           4  messages.o(.data__ZZSt13__rw_get_catsvE11__open_cats)
    std::__rw_get_cats()::__open_cats        0x2000021c   Data           8  messages.o(.data__ZZSt13__rw_get_catsvE11__open_cats)
    control                                  0x20000228   Data          40  menu2.o(.bss)
    dp_para                                  0x20000250   Data          40  menu2.o(.bss)
    yt_para                                  0x20000278   Data          40  menu2.o(.bss)
    bl_para                                  0x200002a0   Data          40  menu2.o(.bss)
    gs_para                                  0x200002c8   Data          40  menu2.o(.bss)
    ny_para                                  0x200002f0   Data          40  menu2.o(.bss)
    sample1                                  0x20000318   Data          40  menu2.o(.bss)
    sample2                                  0x20000340   Data          40  menu2.o(.bss)
    sample3                                  0x20000368   Data          40  menu2.o(.bss)
    sample4                                  0x20000390   Data          40  menu2.o(.bss)
    sample5                                  0x200003b8   Data          40  menu2.o(.bss)
    config                                   0x200003e0   Data          40  menu2.o(.bss)
    control_mode                             0x20000408   Data          40  menu2.o(.bss)
    control_reset                            0x20000430   Data          40  menu2.o(.bss)
    dp_pid                                   0x20000458   Data          40  menu2.o(.bss)
    dp_pid_p                                 0x20000480   Data          40  menu2.o(.bss)
    dp_pid_i                                 0x200004a8   Data          40  menu2.o(.bss)
    dp_pid_d                                 0x200004d0   Data          40  menu2.o(.bss)
    dp_maxch                                 0x200004f8   Data          40  menu2.o(.bss)
    dp_scale                                 0x20000520   Data          40  menu2.o(.bss)
    yt_pitch                                 0x20000548   Data          40  menu2.o(.bss)
    yt_pitch_pid                             0x20000570   Data          40  menu2.o(.bss)
    yt_pitch_pid_p                           0x20000598   Data          40  menu2.o(.bss)
    yt_pitch_pid_i                           0x200005c0   Data          40  menu2.o(.bss)
    yt_pitch_pid_d                           0x200005e8   Data          40  menu2.o(.bss)
    yt_pitch_fdbktype                        0x20000610   Data          40  menu2.o(.bss)
    yt_pitch_enable                          0x20000638   Data          40  menu2.o(.bss)
    yt_yaw                                   0x20000660   Data          40  menu2.o(.bss)
    yt_yaw_pid                               0x20000688   Data          40  menu2.o(.bss)
    yt_yaw_pid_p                             0x200006b0   Data          40  menu2.o(.bss)
    yt_yaw_pid_i                             0x200006d8   Data          40  menu2.o(.bss)
    yt_yaw_pid_d                             0x20000700   Data          40  menu2.o(.bss)
    yt_yaw_fdbktype                          0x20000728   Data          40  menu2.o(.bss)
    yt_yaw_enable                            0x20000750   Data          40  menu2.o(.bss)
    bl_pid                                   0x20000778   Data          40  menu2.o(.bss)
    bl_pid_p                                 0x200007a0   Data          40  menu2.o(.bss)
    bl_pid_i                                 0x200007c8   Data          40  menu2.o(.bss)
    bl_pid_d                                 0x200007f0   Data          40  menu2.o(.bss)
    bl_blocktime                             0x20000818   Data          40  menu2.o(.bss)
    bl_reversetime                           0x20000840   Data          40  menu2.o(.bss)
    bl_speed                                 0x20000868   Data          40  menu2.o(.bss)
    bl_sample1                               0x20000890   Data          40  menu2.o(.bss)
    bl_sample2                               0x200008b8   Data          40  menu2.o(.bss)
    bl_sample3                               0x200008e0   Data          40  menu2.o(.bss)
    bl_sample3_smp                           0x20000908   Data          40  menu2.o(.bss)
    gs_pid                                   0x20000930   Data          40  menu2.o(.bss)
    gs_pid_p                                 0x20000958   Data          40  menu2.o(.bss)
    gs_pid_i                                 0x20000980   Data          40  menu2.o(.bss)
    gs_pid_d                                 0x200009a8   Data          40  menu2.o(.bss)
    gs_maxch                                 0x200009d0   Data          40  menu2.o(.bss)
    gs_enable                                0x200009f8   Data          40  menu2.o(.bss)
    ny_pid                                   0x20000a20   Data          40  menu2.o(.bss)
    ny_pid_p                                 0x20000a48   Data          40  menu2.o(.bss)
    ny_pid_i                                 0x20000a70   Data          40  menu2.o(.bss)
    ny_pid_d                                 0x20000a98   Data          40  menu2.o(.bss)
    ny_maxch                                 0x20000ac0   Data          40  menu2.o(.bss)
    ny_scale                                 0x20000ae8   Data          40  menu2.o(.bss)
    ny_enable                                0x20000b10   Data          40  menu2.o(.bss)
    config_waitack                           0x20000b38   Data          40  menu2.o(.bss)
    std::basic_string<char, std::char_traits<char>, std::allocator<char>>::__nullref 0x20000b78   Data          16  vendor.o(.bss__ZNSs9__nullrefE)
    __heap_base                              0x20000b88   Data           0  startup_stm32f427xx.o(HEAP)
    __heap_limit                             0x20001b88   Data           0  startup_stm32f427xx.o(HEAP)
    __initial_sp                             0x20001f88   Data           0  startup_stm32f427xx.o(STACK)



==============================================================================

Memory Map of the image

  Image Entry point : 0x080001ad

  Load Region LR_IROM1 (Base: 0x08000000, Size: 0x00008ba0, Max: 0x00200000, ABSOLUTE, COMPRESSED[0x00008a74])

    Execution Region ER_IROM1 (Base: 0x08000000, Size: 0x0000897c, Max: 0x00200000, ABSOLUTE)

    Base Addr    Size         Type   Attr      Idx    E Section Name        Object

    0x08000000   0x000001ac   Data   RO         3751    RESET               startup_stm32f427xx.o
    0x080001ac   0x00000000   Code   RO         4666  * .ARM.Collect$$$$00000000  mc_w.l(entry.o)
    0x080001ac   0x00000004   Code   RO         5525    .ARM.Collect$$$$00000001  mc_w.l(entry2.o)
    0x080001b0   0x00000004   Code   RO         5528    .ARM.Collect$$$$00000004  mc_w.l(entry5.o)
    0x080001b4   0x00000000   Code   RO         5530    .ARM.Collect$$$$00000008  mc_w.l(entry7b.o)
    0x080001b4   0x00000004   Code   RO         5531    .ARM.Collect$$$$00000009  mc_w.l(entry8a.o)
    0x080001b8   0x00000000   Code   RO         5532    .ARM.Collect$$$$0000000A  mc_w.l(entry8b.o)
    0x080001b8   0x00000008   Code   RO         5533    .ARM.Collect$$$$0000000B  mc_w.l(entry9a.o)
    0x080001c0   0x00000000   Code   RO         5535    .ARM.Collect$$$$0000000D  mc_w.l(entry10a.o)
    0x080001c0   0x00000000   Code   RO         5537    .ARM.Collect$$$$0000000F  mc_w.l(entry11a.o)
    0x080001c0   0x00000004   Code   RO         5526    .ARM.Collect$$$$00002712  mc_w.l(entry2.o)
    0x080001c4   0x00000024   Code   RO         3752    .text               startup_stm32f427xx.o
    0x080001e8   0x00000024   Code   RO         4669    .text               mc_w.l(rand.o)
    0x0800020c   0x00000024   Code   RO         4672    .text               mc_w.l(memcpya.o)
    0x08000230   0x00000040   Code   RO         4674    .text               mc_w.l(memmovea.o)
    0x08000270   0x00000024   Code   RO         4676    .text               mc_w.l(memseta.o)
    0x08000294   0x0000000e   Code   RO         4678    .text               mc_w.l(strlen.o)
    0x080002a2   0x00000002   PAD
    0x080002a4   0x00000020   Code   RO         4948    .text               mc_w.l(cpp_init.o)
    0x080002c4   0x0000014e   Code   RO         4950    .text               mf_w.l(dadd.o)
    0x08000412   0x000000e4   Code   RO         4952    .text               mf_w.l(dmul.o)
    0x080004f6   0x00000022   Code   RO         4956    .text               mf_w.l(dflti.o)
    0x08000518   0x0000001a   Code   RO         4958    .text               mf_w.l(dfltui.o)
    0x08000532   0x0000003e   Code   RO         4960    .text               mf_w.l(dfixi.o)
    0x08000570   0x00000026   Code   RO         4962    .text               mf_w.l(f2d.o)
    0x08000596   0x00000002   PAD
    0x08000598   0x00000030   Code   RO         4964    .text               mf_w.l(cdrcmple.o)
    0x080005c8   0x00000038   Code   RO         4966    .text               mf_w.l(d2f.o)
    0x08000600   0x00000004   Code   RO         5440    .text               cpprt_w.l(arm_newhandler_noexceptions.o)
    0x08000604   0x0000000e   Code   RO         5476    .text               cpprt_w.l(aeabi_vec_delete_noexceptions.o)
    0x08000612   0x0000002c   Code   RO         5541    .text               mc_w.l(uidiv.o)
    0x0800063e   0x00000062   Code   RO         5543    .text               mc_w.l(uldiv.o)
    0x080006a0   0x0000001e   Code   RO         5545    .text               mc_w.l(llshl.o)
    0x080006be   0x00000020   Code   RO         5547    .text               mc_w.l(llushr.o)
    0x080006de   0x00000024   Code   RO         5549    .text               mc_w.l(llsshr.o)
    0x08000702   0x00000018   Code   RO         5555    .text               mc_w.l(strcat.o)
    0x0800071a   0x00000012   Code   RO         5557    .text               mc_w.l(strcpy.o)
    0x0800072c   0x00000020   Code   RO         5559    .text               mc_w.l(strrchr.o)
    0x0800074c   0x00000038   Code   RO         5596    .text               mc_w.l(sscanf.o)
    0x08000784   0x00000000   Code   RO         5598    .text               mc_w.l(iusefp.o)
    0x08000784   0x00000008   Code   RO         5599    .text               mc_w.l(cpp_memory.o)
    0x0800078c   0x00000020   Code   RO         5602    .text               mc_w.l(cpp_unwinder.o)
    0x080007ac   0x0000006e   Code   RO         5605    .text               mf_w.l(fepilogue.o)
    0x0800081a   0x000000ba   Code   RO         5607    .text               mf_w.l(depilogue.o)
    0x080008d4   0x000000de   Code   RO         5609    .text               mf_w.l(ddiv.o)
    0x080009b2   0x0000002e   Code   RO         5611    .text               mf_w.l(dscalb.o)
    0x080009e0   0x00000030   Code   RO         5613    .text               mf_w.l(dfixul.o)
    0x08000a10   0x0000001a   Code   RO         5738    .text               cpprt_w.l(arm_exceptions_terminate.o)
    0x08000a2a   0x00000002   PAD
    0x08000a2c   0x00000050   Code   RO         5741    .text               cpprt_w.l(arm_exceptions_globs.o)
    0x08000a7c   0x00000024   Code   RO         5747    .text               mc_w.l(init.o)
    0x08000aa0   0x00000008   Code   RO         5749    .text               mc_w.l(ctype_o.o)
    0x08000aa8   0x00000012   Code   RO         5771    .text               mc_w.l(isspace_o.o)
    0x08000aba   0x00000042   Code   RO         5785    .text               mc_w.l(memmove.o)
    0x08000afc   0x0000001c   Code   RO         5789    .text               mc_w.l(strcmp.o)
    0x08000b18   0x00000156   Code   RO         5803    .text               mc_w.l(_scanf_longlong.o)
    0x08000c6e   0x0000014c   Code   RO         5805    .text               mc_w.l(_scanf_int.o)
    0x08000dba   0x000000e0   Code   RO         5807    .text               mc_w.l(_scanf_str.o)
    0x08000e9a   0x00000002   PAD
    0x08000e9c   0x00000338   Code   RO         5809    .text               mc_w.l(scanf_fp.o)
    0x080011d4   0x00000028   Code   RO         5813    .text               mc_w.l(scanf_char.o)
    0x080011fc   0x00000040   Code   RO         5815    .text               mc_w.l(_sgetc.o)
    0x0800123c   0x000000a2   Code   RO         5817    .text               mf_w.l(dsqrt.o)
    0x080012de   0x00000002   Code   RO         5821    .text               cpprt_w.l(arm_rethrow_noexceptions.o)
    0x080012e0   0x00000022   Code   RO         5830    .text               cpprt_w.l(aeabi_vec_dtor_noexceptions.o)
    0x08001302   0x0000003c   Code   RO         5833    .text               cpprt_w.l(arm_exceptions_mem.o)
    0x0800133e   0x0000001c   Code   RO         5843    .text               mc_w.l(_chval.o)
    0x0800135a   0x00000002   PAD
    0x0800135c   0x0000032c   Code   RO         5845    .text               mc_w.l(_scanf.o)
    0x08001688   0x00000008   Code   RO         5849    .text               mc_w.l(cpp_dtor.o)
    0x08001690   0x00000002   Code   RO         5852    .text               mc_w.l(cpp_final.o)
    0x08001692   0x00000018   Code   RO         5854    .text               mf_w.l(dfltul.o)
    0x080016aa   0x0000001c   Code   RO         5867    .text               cpprt_w.l(ARM_vec_cleanup_noexceptions.o)
    0x080016c6   0x00000056   Code   RO         5879    .text               mc_w.l(__dczerorl2.o)
    0x0800171c   0x00000014   Code   RO         5201    i.<Func5>           cpp_ws.l(locale.o)
    0x08001730   0x00000004   Code   RO         3758    i.BusFault_Handler  stm32f4xx_it.o
    0x08001734   0x000000cc   Code   RO          181    i.ControlTask       control_task.o
    0x08001800   0x00000002   Code   RO         3759    i.DebugMon_Handler  stm32f4xx_it.o
    0x08001802   0x00000090   Code   RO         2350    i.GPIO_Init         stm32f4xx_gpio.o
    0x08001892   0x00000046   Code   RO         2351    i.GPIO_PinAFConfig  stm32f4xx_gpio.o
    0x080018d8   0x00000004   Code   RO         2358    i.GPIO_SetBits      stm32f4xx_gpio.o
    0x080018dc   0x00000004   Code   RO         3760    i.HardFault_Handler  stm32f4xx_it.o
    0x080018e0   0x00000030   Code   RO         4028    i.InitGPIO          spi.o
    0x08001910   0x00000038   Code   RO         3892    i.InitLed           led.o
    0x08001948   0x000000d4   Code   RO         4029    i.InitSPI4          spi.o
    0x08001a1c   0x00000040   Code   RO         3915    i.InitTimer3        timer3.o
    0x08001a5c   0x00000022   Code   RO         3916    i.InitTimer3NVIC    timer3.o
    0x08001a7e   0x00000002   PAD
    0x08001a80   0x00000094   Code   RO         3951    i.InitUsart3        usart3.o
    0x08001b14   0x0000001e   Code   RO         3952    i.InitUsart3NVIC    usart3.o
    0x08001b32   0x00000004   Code   RO         3761    i.MemManage_Handler  stm32f4xx_it.o
    0x08001b36   0x00000002   Code   RO         3762    i.NMI_Handler       stm32f4xx_it.o
    0x08001b38   0x00000078   Code   RO         2305    i.NVIC_Init         misc.o
    0x08001bb0   0x00000014   Code   RO         2306    i.NVIC_PriorityGroupConfig  misc.o
    0x08001bc4   0x00000002   Code   RO         3763    i.PendSV_Handler    stm32f4xx_it.o
    0x08001bc6   0x00000002   PAD
    0x08001bc8   0x00000020   Code   RO         2447    i.RCC_AHB1PeriphClockCmd  stm32f4xx_rcc.o
    0x08001be8   0x00000020   Code   RO         2456    i.RCC_APB1PeriphClockCmd  stm32f4xx_rcc.o
    0x08001c08   0x00000020   Code   RO         2459    i.RCC_APB2PeriphClockCmd  stm32f4xx_rcc.o
    0x08001c28   0x000000e8   Code   RO         2468    i.RCC_GetClocksFreq  stm32f4xx_rcc.o
    0x08001d10   0x00000054   Code   RO         4030    i.SPI4ReadWriteByte  spi.o
    0x08001d64   0x00000018   Code   RO         2787    i.SPI_Cmd           stm32f4xx_spi.o
    0x08001d7c   0x00000012   Code   RO         2795    i.SPI_I2S_GetFlagStatus  stm32f4xx_spi.o
    0x08001d8e   0x00000006   Code   RO         2798    i.SPI_I2S_ReceiveData  stm32f4xx_spi.o
    0x08001d94   0x00000004   Code   RO         2799    i.SPI_I2S_SendData  stm32f4xx_spi.o
    0x08001d98   0x0000003c   Code   RO         2800    i.SPI_Init          stm32f4xx_spi.o
    0x08001dd4   0x00000002   Code   RO         3764    i.SVC_Handler       stm32f4xx_it.o
    0x08001dd6   0x00000002   PAD
    0x08001dd8   0x00000120   Code   RO         3855    i.SetSysClock       system_stm32f4xx.o
    0x08001ef8   0x00000002   Code   RO         3765    i.SysTick_Handler   stm32f4xx_it.o
    0x08001efa   0x00000002   PAD
    0x08001efc   0x00000068   Code   RO         3857    i.SystemInit        system_stm32f4xx.o
    0x08001f64   0x00000020   Code   RO         3917    i.TIM3_IRQHandler   timer3.o
    0x08001f84   0x00000006   Code   RO         3012    i.TIM_ClearITPendingBit  stm32f4xx_tim.o
    0x08001f8a   0x00000018   Code   RO         3017    i.TIM_Cmd           stm32f4xx_tim.o
    0x08001fa2   0x00000022   Code   RO         3038    i.TIM_GetITStatus   stm32f4xx_tim.o
    0x08001fc4   0x00000012   Code   RO         3042    i.TIM_ITConfig      stm32f4xx_tim.o
    0x08001fd6   0x00000002   PAD
    0x08001fd8   0x00000084   Code   RO         3089    i.TIM_TimeBaseInit  stm32f4xx_tim.o
    0x0800205c   0x00000020   Code   RO         3953    i.USART3_IRQHandler  usart3.o
    0x0800207c   0x00000018   Code   RO         3567    i.USART_Cmd         stm32f4xx_usart.o
    0x08002094   0x00000054   Code   RO         3571    i.USART_GetITStatus  stm32f4xx_usart.o
    0x080020e8   0x0000004a   Code   RO         3573    i.USART_ITConfig    stm32f4xx_usart.o
    0x08002132   0x00000002   PAD
    0x08002134   0x000000d4   Code   RO         3574    i.USART_Init        stm32f4xx_usart.o
    0x08002208   0x00000004   Code   RO         3766    i.UsageFault_Handler  stm32f4xx_it.o
    0x0800220c   0x00000020   Code   RO         5615    i._Z7catgetsPN4__rw8__rw_catEiiPKc  cpp_ws.l(rwcats.o)
    0x0800222c   0x00000022   Code   RO         5616    i._Z7catopenPKci    cpp_ws.l(rwcats.o)
    0x0800224e   0x0000009a   Code   RO         1510    i._ZN11_MenuNode_t3SetEPKcPS_S2_S2_S2_hfh  menu2.o
    0x080022e8   0x00000028   Code   RO         1435    i._ZN11_MenuNode_tC1Ev  menu2.o
    0x08002310   0x0000000c   Code   RO         4217    i._ZN14VerticalLayout12GetCurHeightEv  oled.o
    0x0800231c   0x0000004e   Code   RO         1898    i._ZN14VerticalLayout15GetFormatStringEPKcc  verticallayout.o
    0x0800236a   0x00000042   Code   RO         1899    i._ZN14VerticalLayout5ClearEv  verticallayout.o
    0x080023ac   0x00000022   Code   RO         1900    i._ZN14VerticalLayout5GetAtEi  verticallayout.o
    0x080023ce   0x00000042   Code   RO         1901    i._ZN14VerticalLayout7ClearAtEh  verticallayout.o
    0x08002410   0x00000042   Code   RO         1902    i._ZN14VerticalLayout7PopBackEv  verticallayout.o
    0x08002452   0x00000032   Code   RO         1903    i._ZN14VerticalLayout8PopFrontEv  verticallayout.o
    0x08002484   0x00000082   Code   RO         1904    i._ZN14VerticalLayout8PushBackEPKc  verticallayout.o
    0x08002506   0x00000082   Code   RO         1905    i._ZN14VerticalLayout9PushFrontEPKc  verticallayout.o
    0x08002588   0x0000004c   Code   RO         1906    i._ZN14VerticalLayoutC1Ehhh  verticallayout.o
    0x080025d4   0x0000005c   Code   RO         1429    i._ZN16_MenuNodeValue_t15GetStringFormatEv  menu2.o
    0x08002630   0x00000030   Code   RO         1967    i._ZN16_OledBufString_tC1EPKch  verticallayout.o
    0x08002660   0x0000000e   Code   RO         2075    i._ZN16_OledBufString_tD1Ev  verticallayout.o
    0x0800266e   0x00000002   PAD
    0x08002670   0x0000011c   Code   RO          944    i._ZN29_INTERNAL_8_main_cpp_b29f611311KajyouAnimeEh  main.o
    0x0800278c   0x00000020   Code   RO          945    i._ZN29_INTERNAL_8_main_cpp_b29f611313WaitToGetModeEv  main.o
    0x080027ac   0x0000002c   Code   RO          946    i._ZN29_INTERNAL_8_main_cpp_b29f61134InitEv  main.o
    0x080027d8   0x0000008c   Code   RO          947    i._ZN29_INTERNAL_8_main_cpp_b29f61139SetLayoutEh  main.o
    0x08002864   0x000000bc   Code   RO         1282    i._ZN29_INTERNAL_9_menu2_cpp_control14GetWeightByPosEdh  menu2.o
    0x08002920   0x0000003a   Code   RO         1283    i._ZN29_INTERNAL_9_menu2_cpp_control15GetIntegerDigitEs  menu2.o
    0x0800295a   0x00000002   PAD
    0x0800295c   0x0000009c   Code   RO         1284    i._ZN29_INTERNAL_9_menu2_cpp_control18GetNodeWeightByPosEP11_MenuNode_th  menu2.o
    0x080029f8   0x00000016   Code   RO         1285    i._ZN29_INTERNAL_9_menu2_cpp_control21GetNodeValueFullDigitEP11_MenuNode_t  menu2.o
    0x08002a0e   0x0000004e   Code   RO         1286    i._ZN29_INTERNAL_9_menu2_cpp_control24GetNodeValueIntegerDigitEP11_MenuNode_t  menu2.o
    0x08002a5c   0x0000004c   Code   RO         1287    i._ZN29_INTERNAL_9_menu2_cpp_control7SetNodeEP11_MenuNode_tPKcS1_S1_S1_S1_hdh  menu2.o
    0x08002aa8   0x00000058   Code   RO         4410    i._ZN37_INTERNAL_15_rwstdexcept_cpp_8697b68a4__rw13__rw_vfmatstrEPcjPKcSt9__va_list  cpp_ws.l(rwstdexcept.o)
    0x08002b00   0x0000014c   Code   RO         4411    i._ZN37_INTERNAL_15_rwstdexcept_cpp_8697b68a4__rw13__rw_vfmatstrEPcjiSt9__va_list  cpp_ws.l(rwstdexcept.o)
    0x08002c4c   0x0000005c   Code   RO         1288    i._ZN4Menu10MoveCursorEs  menu2.o
    0x08002ca8   0x00000038   Code   RO         1289    i._ZN4Menu12ShowChildrenEv  menu2.o
    0x08002ce0   0x000000b8   Code   RO         1290    i._ZN4Menu13UpdateCurPathEv  menu2.o
    0x08002d98   0x00000068   Code   RO         1291    i._ZN4Menu15CurNodeValueAddEd  menu2.o
    0x08002e00   0x00000022   Code   RO         1292    i._ZN4Menu19ShowChildrenOrValueEv  menu2.o
    0x08002e22   0x00000002   PAD
    0x08002e24   0x000000d8   Code   RO         1293    i._ZN4Menu2UpEv     menu2.o
    0x08002efc   0x000000f0   Code   RO         1294    i._ZN4Menu4DownEv   menu2.o
    0x08002fec   0x000000e6   Code   RO         1295    i._ZN4Menu4LeftEv   menu2.o
    0x080030d2   0x00000042   Code   RO         1296    i._ZN4Menu4MoveEh   menu2.o
    0x08003114   0x000000a6   Code   RO         1297    i._ZN4Menu5RightEv  menu2.o
    0x080031ba   0x00000002   PAD
    0x080031bc   0x0000016c   Code   RO         1298    i._ZN4Menu7KakuninEv  menu2.o
    0x08003328   0x00000038   Code   RO         1299    i._ZN4Menu9ShowNextsEv  menu2.o
    0x08003360   0x00000074   Code   RO         1300    i._ZN4Menu9ShowValueEv  menu2.o
    0x080033d4   0x00000994   Code   RO         1301    i._ZN4MenuC1EP4Oled  menu2.o
    0x08003d68   0x00000034   Code   RO         4066    i._ZN4Oled10ClearRightEv  oled.o
    0x08003d9c   0x0000001e   Code   RO         4067    i._ZN4Oled10Push2RightEPKch  oled.o
    0x08003dba   0x00000058   Code   RO         4068    i._ZN4Oled10ShowStringEhhPKcc  oled.o
    0x08003e12   0x00000032   Code   RO         4069    i._ZN4Oled10UpdateLeftEv  oled.o
    0x08003e44   0x00000030   Code   RO         4070    i._ZN4Oled11SetPositionEhh  oled.o
    0x08003e74   0x00000032   Code   RO         4071    i._ZN4Oled11UpdateRightEv  oled.o
    0x08003ea6   0x0000001c   Code   RO         4072    i._ZN4Oled18GetMaxLayoutHeightEv  oled.o
    0x08003ec2   0x00000012   Code   RO         4073    i._ZN4Oled6UpdateEv  oled.o
    0x08003ed4   0x00000076   Code   RO         4074    i._ZN4Oled7ShowImgEhhhhPh  oled.o
    0x08003f4a   0x00000042   Code   RO         4075    i._ZN4Oled8ClearAllEv  oled.o
    0x08003f8c   0x0000000e   Code   RO         4077    i._ZN4Oled8InitGpioEv  oled.o
    0x08003f9a   0x00000002   PAD
    0x08003f9c   0x00000128   Code   RO         4078    i._ZN4Oled8InitOledEv  oled.o
    0x080040c4   0x00000078   Code   RO         4079    i._ZN4Oled8ShowCharEhhhh  oled.o
    0x0800413c   0x00000024   Code   RO         4080    i._ZN4Oled8WriteCmdEh  oled.o
    0x08004160   0x00000034   Code   RO         4081    i._ZN4Oled9ClearLeftEv  oled.o
    0x08004194   0x0000001e   Code   RO         4083    i._ZN4Oled9Push2LeftEPKch  oled.o
    0x080041b2   0x00000026   Code   RO         4084    i._ZN4Oled9SetLayoutEP14VerticalLayoutS1_  oled.o
    0x080041d8   0x0000000e   Code   RO         4085    i._ZN4Oled9WriteByteEh  oled.o
    0x080041e6   0x00000002   PAD
    0x080041e8   0x00000028   Code   RO         4086    i._ZN4Oled9WriteDataEh  oled.o
    0x08004210   0x00000084   Code   RO         4087    i._ZN4OledC1Ehh     oled.o
    0x08004294   0x0000005c   Code   RO         4413    i._ZN4__rw10__rw_throwEiz  cpp_ws.l(rwstdexcept.o)
    0x080042f0   0x00000020   Code   RO         4279    i._ZN4__rw13__rw_allocateEji  cpp_ws.l(rwalloc.o)
    0x08004310   0x00000004   Code   RO         4280    i._ZN4__rw15__rw_deallocateEPvji  cpp_ws.l(rwalloc.o)
    0x08004314   0x00000002   Code   RO         5164    i._ZN4__rw15__rw_facet_base12_C_initfacetERKSt6locale  cpp_ws.l(char.o)
    0x08004316   0x00000002   PAD
    0x08004318   0x000000ec   Code   RO         5304    i._ZN4__rw15__rw_locale_impC1EPKcjj  cpp_ws.l(locale.o)
    0x08004404   0x0000001a   Code   RO         5342    i._ZN4__rw15__rw_locale_impD1Ev  cpp_ws.l(locale.o)
    0x0800441e   0x0000003a   Code   RO         5202    i._ZN4__rw21__rw_use_c_lib_localeC1EPKci  cpp_ws.l(locale.o)
    0x08004458   0x00000018   Code   RO         5134    i._ZN4__rw21__rw_use_c_lib_localeD1Ev  cpp_ws.l(char.o)
    0x08004470   0x00000098   Code   RO         5639    i._ZN4__rw25__rw_throw_exception_noexEiPc  cpp_ws.l(rwthrowproc_impl_noex.o)
    0x08004508   0x00000030   Code   RO         5619    i._ZN4__rw9__catfindEPNS_8__rw_catE  cpp_ws.l(rwcats.o)
    0x08004538   0x00000004   Code   RO         4532    i._ZNKSt14__rw_exception4whatEv  cpp_ws.l(rwstdexcept.o)
    0x0800453c   0x00000072   Code   RO         5379    i._ZNKSt18__rw_messages_base11_C_cat_openERKSsRKSt6locale  cpp_ws.l(messages.o)
    0x080045ae   0x00000020   Code   RO         5382    i._ZNKSt18__rw_messages_base13_C_get_localeEi  cpp_ws.l(messages.o)
    0x080045ce   0x00000034   Code   RO         5383    i._ZNKSt18__rw_messages_base14_C_get_messageEiii  cpp_ws.l(messages.o)
    0x08004602   0x0000000e   Code   RO         5104    i._ZNKSt5ctypeIcE2isENSt10ctype_base4maskEc  cpp_ws.l(char.o)
    0x08004610   0x00000108   Code   RO         5207    i._ZNKSt6locale13_C_make_facetERKNS_2idEbiPFPN4__rw15__rw_facet_baseEiPKcjE  cpp_ws.l(locale.o)
    0x08004718   0x00000074   Code   RO         5209    i._ZNKSt6locale16_C_install_facetEPN4__rw15__rw_facet_baseERKNS_2idE  cpp_ws.l(locale.o)
    0x0800478c   0x00000030   Code   RO         5210    i._ZNKSt6locale4nameEv  cpp_ws.l(locale.o)
    0x080047bc   0x0000000c   Code   RO         5082    i._ZNSt11char_traitsIcE4copyEPcPKcj  cpp_ws.l(char.o)
    0x080047c8   0x00000016   Code   RO          257    i._ZNSt11char_traitsIcE4moveEPcPKcj  control_task.o
    0x080047de   0x00000016   Code   RO         1534    i._ZNSt11char_traitsIcE6assignEPcjc  menu2.o
    0x080047f4   0x00000006   Code   RO         1516    i._ZNSt11char_traitsIcE6assignERcRKc  menu2.o
    0x080047fa   0x0000000c   Code   RO         1528    i._ZNSt11char_traitsIcE6lengthEPKc  menu2.o
    0x08004806   0x00000002   PAD
    0x08004808   0x000000cc   Code   RO         4972    i._ZNSt12ctype_bynameIcE17_C_get_mask_tableEPKc  cpp_ws.l(char.o)
    0x080048d4   0x00000120   Code   RO         4974    i._ZNSt12ctype_bynameIcEC1EPKcj  cpp_ws.l(char.o)
    0x080049f4   0x0000000e   Code   RO         5195    i._ZNSt12ctype_bynameIcED0Ev  cpp_ws.l(char.o)
    0x08004a02   0x00000008   Code   RO         5192    i._ZNSt12ctype_bynameIcED1Ev  cpp_ws.l(char.o)
    0x08004a0a   0x00000002   PAD
    0x08004a0c   0x00000084   Code   RO         4416    i._ZNSt14__rw_exception10_C_vformatEiSt9__va_list  cpp_ws.l(rwstdexcept.o)
    0x08004a90   0x00000014   Code   RO         4482    i._ZNSt14__rw_exceptionC1Ev  cpp_ws.l(rwstdexcept.o)
    0x08004aa4   0x0000001c   Code   RO         4526    i._ZNSt14__rw_exceptionD1Ev  cpp_ws.l(rwstdexcept.o)
    0x08004ac0   0x00000008   Code   RO         4479    i._ZNSt18__rw_messages_baseD1Ev  cpp_ws.l(rwstdexcept.o)
    0x08004ac8   0x0000001a   Code   RO         5419    i._ZNSt18__rw_open_cat_dataC1Ev  cpp_ws.l(messages.o)
    0x08004ae2   0x0000000c   Code   RO         5416    i._ZNSt18__rw_open_cat_dataD1Ev  cpp_ws.l(messages.o)
    0x08004aee   0x00000012   Code   RO         5422    i._ZNSt18__rw_open_cat_dataaSERKS_  cpp_ws.l(messages.o)
    0x08004b00   0x000000fa   Code   RO         4976    i._ZNSt5ctypeIcE12_C_initfacetERKSt6locale  cpp_ws.l(char.o)
    0x08004bfa   0x00000002   PAD
    0x08004bfc   0x00000118   Code   RO         4978    i._ZNSt5ctypeIcEC1EPKNSt10ctype_base4maskEbj  cpp_ws.l(char.o)
    0x08004d14   0x0000000e   Code   RO         5107    i._ZNSt5ctypeIcED0Ev  cpp_ws.l(char.o)
    0x08004d22   0x00000002   PAD
    0x08004d24   0x0000002c   Code   RO         5039    i._ZNSt5ctypeIcED1Ev  cpp_ws.l(char.o)
    0x08004d50   0x0000000e   Code   RO         4523    i._ZNSt6locale5facetD0Ev  cpp_ws.l(rwstdexcept.o)
    0x08004d5e   0x00000002   PAD
    0x08004d60   0x00000084   Code   RO         5213    i._ZNSt6locale7_C_initEv  cpp_ws.l(locale.o)
    0x08004de4   0x00000044   Code   RO         5215    i._ZNSt6locale7classicEv  cpp_ws.l(locale.o)
    0x08004e28   0x00000020   Code   RO         5345    i._ZNSt6localeC1EPN4__rw15__rw_locale_impE  cpp_ws.l(locale.o)
    0x08004e48   0x0000000c   Code   RO         5425    i._ZNSt6localeC1ERKS_  cpp_ws.l(messages.o)
    0x08004e54   0x00000020   Code   RO         4475    i._ZNSt6localeC1Ev  cpp_ws.l(rwstdexcept.o)
    0x08004e74   0x00000020   Code   RO         5320    i._ZNSt6localeD1Ev  cpp_ws.l(locale.o)
    0x08004e94   0x00000032   Code   RO         5223    i._ZNSt6localeaSERKS_  cpp_ws.l(locale.o)
    0x08004ec6   0x0000000e   Code   RO         4497    i._ZNSt8messagesIcED0Ev  cpp_ws.l(rwstdexcept.o)
    0x08004ed4   0x00000010   Code   RO         4466    i._ZNSt8messagesIcED1Ev  cpp_ws.l(rwstdexcept.o)
    0x08004ee4   0x0000000c   Code   RO         5453    i._ZNSt9exceptionC1Ev  cpprt_w.l(exception_ctor.o)
    0x08004ef0   0x0000003c   Code   RO         5400    i._ZSt13__rw_get_catsv  cpp_ws.l(messages.o)
    0x08004f2c   0x00000034   Code   RO         1423    i._ZSt3powdi        menu2.o
    0x08004f60   0x00000008   Code   RO         4535    i._ZdaPv            cpprt_w.l(array_del.o)
    0x08004f68   0x00000008   Code   RO         4542    i._ZdlPv            cpprt_w.l(delete.o)
    0x08004f70   0x00000008   Code   RO         4538    i._Znaj             cpprt_w.l(array_new.o)
    0x08004f78   0x00000028   Code   RO         4545    i._Znwj             cpprt_w.l(new.o)
    0x08004fa0   0x0000001c   Code   RO         4916    i.__0fprintf        mc_w.l(printfa.o)
    0x08004fbc   0x00000020   Code   RO         4917    i.__0printf         mc_w.l(printfa.o)
    0x08004fdc   0x00000028   Code   RO         4919    i.__0sprintf        mc_w.l(printfa.o)
    0x08005004   0x00000024   Code   RO         4922    i.__0vsnprintf      mc_w.l(printfa.o)
    0x08005028   0x00000092   Code   RO         5856    i.__ARM_array_new_general  cpprt_w.l(array_new_general.o)
    0x080050ba   0x00000030   Code   RO         5508    i.__ARM_fpclassify  m_wm.l(fpclassify.o)
    0x080050ea   0x00000032   Code   RO         5722    i.__aeabi_atexit    cpprt_w.l(aeabi_atexit.o)
    0x0800511c   0x00000010   Code   RO         5728    i.__aeabi_vec_dtor_cookie  cpprt_w.l(aeabi_vec_dtor_cookie.o)
    0x0800512c   0x00000014   Code   RO         5725    i.__aeabi_vec_new_cookie  cpprt_w.l(aeabi_vec_new_cookie.o)
    0x08005140   0x00000042   Code   RO         5824    i.__cxa_finalize    cpprt_w.l(cxa_finalize.o)
    0x08005182   0x00000010   Code   RO         5710    i.__cxa_guard_acquire  cpprt_w.l(cxa_guard_acquire.o)
    0x08005192   0x00000002   PAD
    0x08005194   0x00000018   Code   RO         5827    i.__cxa_vec_new     cpprt_w.l(cxa_vec_new.o)
    0x080051ac   0x00000004   PAD
    0x080051b0   0x00000c38   Code   RO         4652    i.__hardfp_pow      m_wm.l(pow.o)
    0x08005de8   0x000000f8   Code   RO         5510    i.__kernel_poly     m_wm.l(poly.o)
    0x08005ee0   0x00000030   Code   RO         5488    i.__mathlib_dbl_divzero  m_wm.l(dunder.o)
    0x08005f10   0x00000014   Code   RO         5490    i.__mathlib_dbl_infnan2  m_wm.l(dunder.o)
    0x08005f24   0x00000004   PAD
    0x08005f28   0x00000020   Code   RO         5491    i.__mathlib_dbl_invalid  m_wm.l(dunder.o)
    0x08005f48   0x00000020   Code   RO         5492    i.__mathlib_dbl_overflow  m_wm.l(dunder.o)
    0x08005f68   0x00000020   Code   RO         5494    i.__mathlib_dbl_underflow  m_wm.l(dunder.o)
    0x08005f88   0x0000000e   Code   RO         5873    i.__scatterload_copy  mc_w.l(handlers.o)
    0x08005f96   0x00000002   Code   RO         5874    i.__scatterload_null  mc_w.l(handlers.o)
    0x08005f98   0x0000000e   Code   RO         5875    i.__scatterload_zeroinit  mc_w.l(handlers.o)
    0x08005fa6   0x00000002   PAD
    0x08005fa8   0x0000000c   Code   RO         5591    i.__set_errno       mc_w.l(errno.o)
    0x08005fb4   0x00000010   Code   RO         5224    i.__sti___10_locale_cpp_ff99fc7b  cpp_ws.l(locale.o)
    0x08005fc4   0x00000038   Code   RO         5620    i.__sti___10_rwcats_cpp_64e8068e  cpp_ws.l(rwcats.o)
    0x08005ffc   0x00000010   Code   RO         4980    i.__sti___8_char_cpp_a3dc957a  cpp_ws.l(char.o)
    0x0800600c   0x00000254   Code   RO         1302    i.__sti___9_menu2_cpp_control  menu2.o
    0x08006260   0x00000164   Code   RO         4924    i._fp_digits        mc_w.l(printfa.o)
    0x080063c4   0x0000000e   Code   RO         5811    i._is_digit         mc_w.l(scanf_fp.o)
    0x080063d2   0x00000002   PAD
    0x080063d4   0x000006dc   Code   RO         4925    i._printf_core      mc_w.l(printfa.o)
    0x08006ab0   0x00000024   Code   RO         4926    i._printf_post_padding  mc_w.l(printfa.o)
    0x08006ad4   0x0000002e   Code   RO         4927    i._printf_pre_padding  mc_w.l(printfa.o)
    0x08006b02   0x00000016   Code   RO         4928    i._snputc           mc_w.l(printfa.o)
    0x08006b18   0x0000000a   Code   RO         4929    i._sputc            mc_w.l(printfa.o)
    0x08006b22   0x0000001c   Code   RO            5    i.delay_ms          delay.o
    0x08006b3e   0x00000018   Code   RO         5504    i.fabs              m_wm.l(fabs.o)
    0x08006b56   0x00000002   PAD
    0x08006b58   0x0000001c   Code   RO         3954    i.fputc             usart3.o
    0x08006b74   0x00000050   Code   RO         5561    i.free              mc_w.l(malloc.o)
    0x08006bc4   0x00000110   Code   RO          948    i.main              main.o
    0x08006cd4   0x0000006c   Code   RO         5562    i.malloc            mc_w.l(malloc.o)
    0x08006d40   0x0000006e   Code   RO         5515    i.sqrt              m_wm.l(sqrt.o)
    0x08006dae   0x00000002   PAD
    0x08006db0   0x00000014   Code   RO          287    t._ZN4__rw12__string_refIcSt11char_traitsIcESaIcEE10_C_inc_refEv  control_task.o
    0x08006dc4   0x00000008   Code   RO          269    t._ZN4__rw12__string_refIcSt11char_traitsIcESaIcEE4dataEv  control_task.o
    0x08006dcc   0x00000046   Code   RO         4488    t._ZN4__rw16__rw_facet_makerISt5ctypeIcEE13_C_maker_funcEiPKcj  cpp_ws.l(rwstdexcept.o)
    0x08006e12   0x0000001e   Code   RO         1438    t._ZN4__rw17__rw_new_capacityIcSt11char_traitsIcESaIcEEEjjPKSbIT_T0_T1_E  menu2.o
    0x08006e30   0x00000056   Code   RO         5323    t._ZN4__rw18__rw_locale_vectorIPNS_15__rw_facet_baseEE6resizeEjRKS2_  cpp_ws.l(locale.o)
    0x08006e86   0x0000000e   Code   RO         5335    t._ZN4__rw18__rw_locale_vectorIPNS_15__rw_facet_baseEED1Ev  cpp_ws.l(locale.o)
    0x08006e94   0x0000000e   Code   RO         5636    t._ZN4__rw18__rw_locale_vectorIPNS_8__rw_catEED1Ev  cpp_ws.l(rwcats.o)
    0x08006ea2   0x00000002   PAD
    0x08006ea4   0x00000014   Code   RO         5338    t._ZN4__rw18__rw_locale_vectorISsED1Ev  cpp_ws.l(locale.o)
    0x08006eb8   0x00000088   Code   RO         5406    t._ZN4__rw18__rw_locale_vectorISt18__rw_open_cat_dataE6resizeEj  cpp_ws.l(messages.o)
    0x08006f40   0x00000014   Code   RO         5412    t._ZN4__rw18__rw_locale_vectorISt18__rw_open_cat_dataED1Ev  cpp_ws.l(messages.o)
    0x08006f54   0x00000008   Code   RO          293    t._ZNK4__rw12__string_refIcSt11char_traitsIcESaIcEE12_C_ref_countEv  control_task.o
    0x08006f5c   0x00000006   Code   RO          311    t._ZNKSs4dataEv     control_task.o
    0x08006f62   0x0000000e   Code   RO          281    t._ZNKSs4sizeEv     control_task.o
    0x08006f70   0x00000006   Code   RO         1546    t._ZNKSs5c_strEv    menu2.o
    0x08006f76   0x00000008   Code   RO          275    t._ZNKSs7_C_prefEv  control_task.o
    0x08006f7e   0x00000010   Code   RO          299    t._ZNKSs8capacityEv  control_task.o
    0x08006f8e   0x00000006   Code   RO         2141    t._ZNKSt15__rw_deque_iterIP16_OledBufString_tiPS1_RS1_SaIS1_EEdeEv  verticallayout.o
    0x08006f94   0x00000006   Code   RO         2111    t._ZNKSt5dequeIP16_OledBufString_tSaIS1_EE4sizeEv  verticallayout.o
    0x08006f9a   0x00000014   Code   RO         2117    t._ZNKSt5dequeIP16_OledBufString_tSaIS1_EE5emptyEv  verticallayout.o
    0x08006fae   0x00000002   PAD
    0x08006fb0   0x00000090   Code   RO         4460    t._ZNKSt8messagesIcE6do_getEiiiRKSs  cpp_ws.l(rwstdexcept.o)
    0x08007040   0x00000006   Code   RO         4485    t._ZNKSt8messagesIcE7do_openERKSsRKSt6locale  cpp_ws.l(rwstdexcept.o)
    0x08007046   0x00000014   Code   RO         2093    t._ZNSaIP16_OledBufString_tE10deallocateEPS0_j  verticallayout.o
    0x0800705a   0x00000012   Code   RO         2123    t._ZNSaIP16_OledBufString_tE8allocateEjPKv  verticallayout.o
    0x0800706c   0x00000016   Code   RO         1985    t._ZNSaIP16_OledBufString_tE9constructEPS0_RKS0_  verticallayout.o
    0x08007082   0x00000014   Code   RO         2105    t._ZNSaIPP16_OledBufString_tE10deallocateEPS1_j  verticallayout.o
    0x08007096   0x00000012   Code   RO         2099    t._ZNSaIPP16_OledBufString_tE8allocateEjPKv  verticallayout.o
    0x080070a8   0x00000032   Code   RO         5292    t._ZNSs11_C_allocateEjjj  cpp_ws.l(locale.o)
    0x080070da   0x00000002   PAD
    0x080070dc   0x00000058   Code   RO         5036    t._ZNSs5beginEv     cpp_ws.l(char.o)
    0x08007134   0x0000007c   Code   RO         1564    t._ZNSs6appendERKSs  menu2.o
    0x080071b0   0x000000b0   Code   RO         1498    t._ZNSs6appendERKSsjj  menu2.o
    0x08007260   0x00000010   Code   RO          305    t._ZNSs7_C_nullEv   control_task.o
    0x08007270   0x00000018   Code   RO         5332    t._ZNSs7replaceEjjPKcj  cpp_ws.l(locale.o)
    0x08007288   0x00000168   Code   RO         5029    t._ZNSs7replaceEjjPKcjjj  cpp_ws.l(char.o)
    0x080073f0   0x0000019c   Code   RO         1462    t._ZNSs7replaceEjjjc  menu2.o
    0x0800758c   0x00000074   Code   RO         5017    t._ZNSs9_C_getRepEjj  cpp_ws.l(char.o)
    0x08007600   0x00000048   Code   RO         5026    t._ZNSs9_C_unlinkEv  cpp_ws.l(char.o)
    0x08007648   0x00000038   Code   RO         5295    t._ZNSsC1EPKcRKSaIcE  cpp_ws.l(locale.o)
    0x08007680   0x0000003a   Code   RO         1474    t._ZNSsC1EPKcS0_RKSaIcE  menu2.o
    0x080076ba   0x00000002   PAD
    0x080076bc   0x00000010   Code   RO         5329    t._ZNSsC1ERKSaIcE   cpp_ws.l(locale.o)
    0x080076cc   0x0000003e   Code   RO         5020    t._ZNSsC1ERKSs      cpp_ws.l(char.o)
    0x0800770a   0x0000000c   Code   RO         5097    t._ZNSsD1Ev         cpp_ws.l(char.o)
    0x08007716   0x00000002   PAD
    0x08007718   0x0000004c   Code   RO         5301    t._ZNSsaSEPKc       cpp_ws.l(locale.o)
    0x08007764   0x0000003e   Code   RO         5298    t._ZNSsaSERKSs      cpp_ws.l(locale.o)
    0x080077a2   0x00000010   Code   RO         1552    t._ZNSspLERKSs      menu2.o
    0x080077b2   0x0000001e   Code   RO         1973    t._ZNSt15__rw_deque_iterIP16_OledBufString_tiPS1_RS1_SaIS1_EE10_C_bufsizeEv  verticallayout.o
    0x080077d0   0x00000012   Code   RO         2015    t._ZNSt15__rw_deque_iterIP16_OledBufString_tiPS1_RS1_SaIS1_EEC1ERKS5_  verticallayout.o
    0x080077e2   0x0000002c   Code   RO         1979    t._ZNSt15__rw_deque_iterIP16_OledBufString_tiPS1_RS1_SaIS1_EEC1ES2_PS2_  verticallayout.o
    0x0800780e   0x0000002c   Code   RO         2063    t._ZNSt15__rw_deque_iterIP16_OledBufString_tiPS1_RS1_SaIS1_EEmmEv  verticallayout.o
    0x0800783a   0x00000074   Code   RO         2135    t._ZNSt15__rw_deque_iterIP16_OledBufString_tiPS1_RS1_SaIS1_EEpLEi  verticallayout.o
    0x080078ae   0x0000002a   Code   RO         2045    t._ZNSt15__rw_deque_iterIP16_OledBufString_tiPS1_RS1_SaIS1_EEppEv  verticallayout.o
    0x080078d8   0x00000008   Code   RO         2087    t._ZNSt5dequeIP16_OledBufString_tSaIS1_EE10_C_bufsizeEv  verticallayout.o
    0x080078e0   0x00000014   Code   RO         2153    t._ZNSt5dequeIP16_OledBufString_tSaIS1_EE12_C_make_iterERKSt15__rw_deque_iterIS1_iPS1_RS1_S2_E  verticallayout.o
    0x080078f4   0x00000084   Code   RO         2003    t._ZNSt5dequeIP16_OledBufString_tSaIS1_EE14_C_free_at_endEv  verticallayout.o
    0x08007978   0x00000144   Code   RO         2027    t._ZNSt5dequeIP16_OledBufString_tSaIS1_EE15_C_alloc_at_endEv  verticallayout.o
    0x08007abc   0x00000076   Code   RO         2033    t._ZNSt5dequeIP16_OledBufString_tSaIS1_EE16_C_free_at_beginEv  verticallayout.o
    0x08007b32   0x00000150   Code   RO         1997    t._ZNSt5dequeIP16_OledBufString_tSaIS1_EE17_C_alloc_at_beginEv  verticallayout.o
    0x08007c82   0x00000002   PAD
    0x08007c84   0x00000068   Code   RO         2021    t._ZNSt5dequeIP16_OledBufString_tSaIS1_EE2atEj  verticallayout.o
    0x08007cec   0x00000014   Code   RO         2147    t._ZNSt5dequeIP16_OledBufString_tSaIS1_EE3endEv  verticallayout.o
    0x08007d00   0x00000012   Code   RO         2129    t._ZNSt5dequeIP16_OledBufString_tSaIS1_EE5beginEv  verticallayout.o
    0x08007d12   0x0000013a   Code   RO         2069    t._ZNSt5dequeIP16_OledBufString_tSaIS1_EE5eraseESt15__rw_deque_iterIS1_iPS1_RS1_S2_ES7_  verticallayout.o
    0x08007e4c   0x00000030   Code   RO         2009    t._ZNSt5dequeIP16_OledBufString_tSaIS1_EE8pop_backEv  verticallayout.o
    0x08007e7c   0x00000038   Code   RO         2039    t._ZNSt5dequeIP16_OledBufString_tSaIS1_EE9pop_frontEv  verticallayout.o
    0x08007eb4   0x0000005c   Code   RO         2081    t._ZNSt5dequeIP16_OledBufString_tSaIS1_EEC1ERKS2_  verticallayout.o
    0x08007f10   0x0000000c   Code   RO         5091    t._ZSt3maxIjERKT_S2_S2_  cpp_ws.l(char.o)
    0x08007f1c   0x00000014   Code   RO         1991    t._ZSt4copyIPPP16_OledBufString_tS3_ET0_T_S5_S4_  verticallayout.o
    0x08007f30   0x00000040   Code   RO         2051    t._ZStmiIP16_OledBufString_tiPS1_RS1_S2_S3_SaIS1_EET0_RKSt15__rw_deque_iterIT_S5_T1_T2_T5_ERKS6_IS7_S5_T3_T4_SA_E  verticallayout.o
    0x08007f70   0x0000003c   Code   RO         2057    t._ZStneIP16_OledBufString_tiPS1_RS1_S2_S3_SaIS1_EEbRKSt15__rw_deque_iterIT_T0_T1_T2_T5_ERKS5_IS6_S7_T3_T4_SA_E  verticallayout.o
    0x08007fac   0x0000003a   Code   RO         1504    t._ZStplIcSt11char_traitsIcESaIcEESbIT_T0_T1_EPKS3_RKS6_  menu2.o
    0x08007fe6   0x00000076   Code   RO         1480    t._ZStplIcSt11char_traitsIcESaIcEESbIT_T0_T1_ERKS6_PKS3_  menu2.o
    0x0800805c   0x0000022e   Data   RO         4112    .constdata          oled.o
    0x0800828a   0x00000002   PAD
    0x0800828c   0x0000005c   Data   RO         4436    .constdata          cpp_ws.l(rwstdexcept.o)
    0x080082e8   0x00000088   Data   RO         4655    .constdata          m_wm.l(pow.o)
    0x08008370   0x00000200   Data   RO         5000    .constdata          cpp_ws.l(char.o)
    0x08008570   0x00000008   Data   RO         5512    .constdata          m_wm.l(qnan.o)
    0x08008578   0x00000081   Data   RO         5750    .constdata          mc_w.l(ctype_o.o)
    0x080085f9   0x00000003   PAD
    0x080085fc   0x00000004   Data   RO         5751    .constdata          mc_w.l(ctype_o.o)
    0x08008600   0x00000014   Data   RO         4511    .constdata__ZTVNSt6locale5facetE  cpp_ws.l(rwstdexcept.o)
    0x08008614   0x00000034   Data   RO         5175    .constdata__ZTVSt12ctype_bynameIcE  cpp_ws.l(char.o)
    0x08008648   0x00000014   Data   RO         4513    .constdata__ZTVSt14__rw_exception  cpp_ws.l(rwstdexcept.o)
    0x0800865c   0x00000034   Data   RO         5011    .constdata__ZTVSt5ctypeIcE  cpp_ws.l(char.o)
    0x08008690   0x00000020   Data   RO         4449    .constdata__ZTVSt8messagesIcE  cpp_ws.l(rwstdexcept.o)
    0x080086b0   0x00000014   Data   RO         5463    .constdata__ZTVSt9exception  cpprt_w.l(exception_dtor.o)
    0x080086c4   0x00000003   Data   RO         1418    .constdata__ZZN16_MenuNodeValue_t15GetStringFormatEvEs  menu2.o
    0x080086c7   0x00000005   Data   RO         1419    .constdata__ZZN16_MenuNodeValue_t15GetStringFormatEvEs_0  menu2.o
    0x080086cc   0x00000001   Data   RO         5289    .constdata__ZZNK4__rw15__rw_locale_imp16_C_category_nameEiEs  cpp_ws.l(locale.o)
    0x080086cd   0x00000001   Data   RO         1420    .constdata__ZZNSs2atEjEs  menu2.o
    0x080086ce   0x00000001   Data   RO         1421    .constdata__ZZNSs6appendERKSsjjEs  menu2.o
    0x080086cf   0x00000001   Data   RO          209    .constdata__ZZNSs7replaceEjjPKcjjjEs  control_task.o
    0x080086d0   0x00000001   Data   RO         1422    .constdata__ZZNSs7replaceEjjjcEs  menu2.o
    0x080086d1   0x00000001   Data   RO          210    .constdata__ZZNSs9_C_getRepEjjEs  control_task.o
    0x080086d2   0x00000001   Data   RO         1966    .constdata__ZZNSt5dequeIP16_OledBufString_tSaIS1_EE2atEjEs  verticallayout.o
    0x080086d3   0x00000002   Data   RO         4450    .constdata__ZZNSt8messagesIcEC1EjEs  cpp_ws.l(rwstdexcept.o)
    0x080086d5   0x00000003   PAD
    0x080086d8   0x00000272   Data   RO         4437    .conststring        cpp_ws.l(rwstdexcept.o)
    0x0800894a   0x00000002   PAD
    0x0800894c   0x00000020   Data   RO         5872    Region$$Table       anon$$obj.o
    0x0800896c   0x00000004   Data   RO         1325    .init_array         menu2.o
    0x08008970   0x00000000   Data   RO         4946    .init_array         mc_w.l(cpp_init.o)
    0x08008970   0x00000004   Data   RO         5002    .init_array         cpp_ws.l(char.o)
    0x08008974   0x00000004   Data   RO         5272    .init_array         cpp_ws.l(locale.o)
    0x08008978   0x00000004   Data   RO         5630    .init_array         cpp_ws.l(rwcats.o)


    Execution Region RW_IRAM1 (Base: 0x20000000, Size: 0x00001f88, Max: 0x00030000, ABSOLUTE, COMPRESSED[0x000000f8])

    Base Addr    Size         Type   Attr      Idx    E Section Name        Object

    0x20000000   0x0000000a   Data   RW          185    .data               control_task.o
    0x2000000a   0x00000002   PAD
    0x2000000c   0x0000000c   Data   RW          954    .data               main.o
    0x20000018   0x00000010   Data   RW         2500    .data               stm32f4xx_rcc.o
    0x20000028   0x0000017a   Data   RW         4113    .data               oled.o
    0x200001a2   0x00000002   PAD
    0x200001a4   0x00000017   Data   RW         4438    .data               cpp_ws.l(rwstdexcept.o)
    0x200001bb   0x00000001   PAD
    0x200001bc   0x00000004   Data   RW         4670    .data               mc_w.l(rand.o)
    0x200001c0   0x00000008   Data   RW         5001    .data               cpp_ws.l(char.o)
    0x200001c8   0x0000001c   Data   RW         5271    .data               cpp_ws.l(locale.o)
    0x200001e4   0x00000004   Data   RW         5430    .data               cpp_ws.l(rwthrowproc_noex.o)
    0x200001e8   0x00000004   Data   RW         5539    .data               mc_w.l(stdout.o)
    0x200001ec   0x00000004   Data   RW         5540    .data               mc_w.l(stderr.o)
    0x200001f0   0x00000004   Data   RW         5592    .data               mc_w.l(errno.o)
    0x200001f4   0x00000004   Data   RW         5600    .data               mc_w.l(cpp_memory.o)
    0x200001f8   0x00000008   Data   RW         5603    .data               mc_w.l(cpp_unwinder.o)
    0x20000200   0x00000008   Data   RW         5629    .data               cpp_ws.l(rwcats.o)
    0x20000208   0x00000004   Data   RW         5801    .data               mc_w.l(mvars.o)
    0x2000020c   0x00000004   Data   RW         5802    .data               mc_w.l(mvars.o)
    0x20000210   0x00000004   Data   RW         5850    .data               mc_w.l(cpp_dtor.o)
    0x20000214   0x00000004   Data   RW         5372    .data__ZZNKSt6locale2id7_C_initEvE9_C_id_gen  cpp_ws.l(locale.o)
    0x20000218   0x0000000c   Data   RW         5428    .data__ZZSt13__rw_get_catsvE11__open_cats  cpp_ws.l(messages.o)
    0x20000224   0x00000004   PAD
    0x20000228   0x00000938   Zero   RW         1324    .bss                menu2.o
    0x20000b60   0x00000018   Zero   RW         4435    .bss                cpp_ws.l(rwstdexcept.o)
    0x20000b78   0x00000010   Zero   RW         5703    .bss__ZNSs9__nullrefE  cpp_ws.l(vendor.o)
    0x20000b88   0x00001000   Zero   RW         3750    HEAP                startup_stm32f427xx.o
    0x20001b88   0x00000400   Zero   RW         3749    STACK               startup_stm32f427xx.o


==============================================================================

Image component sizes


      Code (inc. data)   RO Data    RW Data    ZI Data      Debug   Object Name

       322         36          2         10          0     286231   control_task.o
        28          0          0          0          0     296891   delay.o
        56          6          0          0          0        490   led.o
       772        180          0         12          0      42210   main.o
      6926       1052         15          0       2360      69920   menu2.o
       140         24          0          0          0       1503   misc.o
      1332        106        558        378          0      23635   oled.o
       344         18          0          0          0       1842   spi.o
        36          8        428          0       5120        820   startup_stm32f427xx.o
       218          0          0          0          0       2258   stm32f4xx_gpio.o
        26          0          0          0          0       4122   stm32f4xx_it.o
       328         36          0         16          0       4543   stm32f4xx_rcc.o
       112          0          0          0          0       3390   stm32f4xx_spi.o
       214         28          0          0          0       3586   stm32f4xx_tim.o
       394          8          0          0          0       3594   stm32f4xx_usart.o
       392         32          0          0          0       1529   system_stm32f4xx.o
       130         10          0          0          0       1528   timer3.o
       238         20          0          0          0       3814   usart3.o
      2916         36          1          0          0      44506   verticallayout.o

    ----------------------------------------------------------------------
     14956       1600       1038        420       7480     796412   Object Totals
         0          0         32          0          0          0   (incl. Generated)
        32          0          2          4          0          0   (incl. Padding)

    ----------------------------------------------------------------------

      Code (inc. data)   RO Data    RW Data    ZI Data      Debug   Library Member Name

      1892         72        620          8          0       1568   char.o
      1502         82          5         32          0       1760   locale.o
       482         34          0         12          0        784   messages.o
        36          0          0          0          0        144   rwalloc.o
       184         24          4          8          0        400   rwcats.o
      1000         68        792         23         24       1220   rwstdexcept.o
       152         94          0          0          0         72   rwthrowproc_impl_noex.o
         0          0          0          4          0          0   rwthrowproc_noex.o
         0          0          0          0         16          0   vendor.o
        28          0          0          0          0         84   ARM_vec_cleanup_noexceptions.o
        50          0          0          0          0         84   aeabi_atexit.o
        14          0          0          0          0         80   aeabi_vec_delete_noexceptions.o
        16          0          0          0          0         68   aeabi_vec_dtor_cookie.o
        34          0          0          0          0         84   aeabi_vec_dtor_noexceptions.o
        20          0          0          0          0         80   aeabi_vec_new_cookie.o
        80         12          0          0          0        104   arm_exceptions_globs.o
        60          0          0          0          0        108   arm_exceptions_mem.o
        26          0          0          0          0         76   arm_exceptions_terminate.o
         4          0          0          0          0         68   arm_newhandler_noexceptions.o
         2          0          0          0          0         68   arm_rethrow_noexceptions.o
         8          0          0          0          0         76   array_del.o
         8          0          0          0          0         76   array_new.o
       146          0          0          0          0         96   array_new_general.o
        66          0          0          0          0         84   cxa_finalize.o
        16          0          0          0          0         68   cxa_guard_acquire.o
        24          6          0          0          0         84   cxa_vec_new.o
         8          0          0          0          0         76   delete.o
        12          6          0          0          0         68   exception_ctor.o
         0          0         20          0          0          0   exception_dtor.o
        40          6          0          0          0         76   new.o
       164         44          0          0          0        620   dunder.o
        24          0          0          0          0        124   fabs.o
        48          0          0          0          0        124   fpclassify.o
       248          0          0          0          0        152   poly.o
      3128        302        136          0          0        356   pow.o
         0          0          8          0          0          0   qnan.o
       110          0          0          0          0        148   sqrt.o
        86          0          0          0          0          0   __dczerorl2.o
        28          0          0          0          0         68   _chval.o
       812          4          0          0          0        112   _scanf.o
       332          0          0          0          0         96   _scanf_int.o
       342          0          0          0          0        100   _scanf_longlong.o
       224          0          0          0          0         96   _scanf_str.o
        64          0          0          0          0         84   _sgetc.o
         8          4          0          4          0         68   cpp_dtor.o
         2          0          0          0          0         68   cpp_final.o
        32         10          0          0          0         80   cpp_init.o
         8          4          0          4          0         68   cpp_memory.o
        32          6          0          8          0        252   cpp_unwinder.o
         8          4        133          0          0         68   ctype_o.o
         0          0          0          0          0          0   entry.o
         0          0          0          0          0          0   entry10a.o
         0          0          0          0          0          0   entry11a.o
         8          4          0          0          0          0   entry2.o
         4          0          0          0          0          0   entry5.o
         0          0          0          0          0          0   entry7b.o
         4          0          0          0          0          0   entry8a.o
         0          0          0          0          0          0   entry8b.o
         8          4          0          0          0          0   entry9a.o
        12          6          0          4          0         68   errno.o
        30          0          0          0          0          0   handlers.o
        36          8          0          0          0         68   init.o
        18          0          0          0          0         76   isspace_o.o
         0          0          0          0          0          0   iusefp.o
        30          0          0          0          0         68   llshl.o
        36          0          0          0          0         68   llsshr.o
        32          0          0          0          0         68   llushr.o
       188         20          0          0          0        160   malloc.o
        36          0          0          0          0         68   memcpya.o
        66          0          0          0          0         76   memmove.o
        64          0          0          0          0         76   memmovea.o
        36          0          0          0          0        108   memseta.o
         0          0          0          8          0          0   mvars.o
      2362        106          0          0          0        828   printfa.o
        36         10          0          4          0        136   rand.o
        40          8          0          0          0         84   scanf_char.o
       838         12          0          0          0        216   scanf_fp.o
        56          8          0          0          0         84   sscanf.o
         0          0          0          4          0          0   stderr.o
         0          0          0          4          0          0   stdout.o
        24          0          0          0          0         68   strcat.o
        28          0          0          0          0         76   strcmp.o
        18          0          0          0          0         68   strcpy.o
        14          0          0          0          0         68   strlen.o
        32          0          0          0          0         68   strrchr.o
        44          0          0          0          0         80   uidiv.o
        98          0          0          0          0         92   uldiv.o
        48          0          0          0          0         68   cdrcmple.o
        56          0          0          0          0         88   d2f.o
       334          0          0          0          0        148   dadd.o
       222          0          0          0          0        100   ddiv.o
       186          0          0          0          0        176   depilogue.o
        62          0          0          0          0         80   dfixi.o
        48          0          0          0          0         68   dfixul.o
        34          0          0          0          0         76   dflti.o
        26          0          0          0          0         76   dfltui.o
        24          0          0          0          0         76   dfltul.o
       228          0          0          0          0         96   dmul.o
        46          0          0          0          0         80   dscalb.o
       162          0          0          0          0        100   dsqrt.o
        38          0          0          0          0         68   f2d.o
       110          0          0          0          0        168   fepilogue.o

    ----------------------------------------------------------------------
     17476        972       1726        128         44      14480   Library Totals
        44          4          8          1          4          0   (incl. Padding)

    ----------------------------------------------------------------------

      Code (inc. data)   RO Data    RW Data    ZI Data      Debug   Library Name

      5248        374       1421         87         40       5948   cpp_ws.l
       662         30         20          0          0       1608   cpprt_w.l
      3722        346        144          0          0       1524   m_wm.l
      6176        218        133         40          0       3932   mc_w.l
      1624          0          0          0          0       1468   mf_w.l

    ----------------------------------------------------------------------
     17476        972       1726        128         44      14480   Library Totals

    ----------------------------------------------------------------------

==============================================================================


      Code (inc. data)   RO Data    RW Data    ZI Data      Debug   

     32432       2572       2764        548       7524     786668   Grand Totals
     32432       2572       2764        248       7524     786668   ELF Image Totals (compressed)
     32432       2572       2764        248          0          0   ROM Totals

==============================================================================

    Total RO  Size (Code + RO Data)                35196 (  34.37kB)
    Total RW  Size (RW Data + ZI Data)              8072 (   7.88kB)
    Total ROM Size (Code + RO Data + RW Data)      35444 (  34.61kB)

==============================================================================

